<?xml version="1.0" encoding="ISO-8859-1" ?>
<link_info>
   <banner>TI ARM Linker PC v20.2.7.LTS</banner>
   <copyright>Copyright (c) 1996-2018 Texas Instruments Incorporated</copyright>
   <link_time>0x643723b3</link_time>
   <link_errors>0x0</link_errors>
   <output_file>gpiointerrupt_CC3220SF_LAUNCHXL_nortos_ccs.out</output_file>
   <entry_point>
      <name>resetISR</name>
      <address>0x1006759</address>
   </entry_point>
   <input_file_list>
      <input_file id="fl-2">
         <path>.\</path>
         <kind>object</kind>
         <file>gpiointerrupt.obj</file>
         <name>gpiointerrupt.obj</name>
      </input_file>
      <input_file id="fl-3">
         <path>.\syscfg\</path>
         <kind>object</kind>
         <file>ti_drivers_config.obj</file>
         <name>ti_drivers_config.obj</name>
      </input_file>
      <input_file id="fl-4">
         <path>.\</path>
         <kind>object</kind>
         <file>main_nortos.obj</file>
         <name>main_nortos.obj</name>
      </input_file>
      <input_file id="fl-d">
         <kind>object</kind>
         <file>&lt;internal&gt;</file>
         <name>&lt;internal&gt;</name>
      </input_file>
      <input_file id="fl-e">
         <path>C:\ti\simplelink_cc32xx_sdk_6_10_00_05\source\ti\drivers\lib\ccs\m4\</path>
         <kind>archive</kind>
         <file>drivers_cc32xx.a</file>
         <name>GPIO.oem4</name>
      </input_file>
      <input_file id="fl-f">
         <path>C:\ti\simplelink_cc32xx_sdk_6_10_00_05\source\ti\drivers\lib\ccs\m4\</path>
         <kind>archive</kind>
         <file>drivers_cc32xx.a</file>
         <name>I2C.oem4</name>
      </input_file>
      <input_file id="fl-10">
         <path>C:\ti\simplelink_cc32xx_sdk_6_10_00_05\source\ti\drivers\lib\ccs\m4\</path>
         <kind>archive</kind>
         <file>drivers_cc32xx.a</file>
         <name>Timer.oem4</name>
      </input_file>
      <input_file id="fl-11">
         <path>C:\ti\simplelink_cc32xx_sdk_6_10_00_05\source\ti\drivers\lib\ccs\m4\</path>
         <kind>archive</kind>
         <file>drivers_cc32xx.a</file>
         <name>UART.oem4</name>
      </input_file>
      <input_file id="fl-12">
         <path>C:\ti\simplelink_cc32xx_sdk_6_10_00_05\source\ti\drivers\lib\ccs\m4\</path>
         <kind>archive</kind>
         <file>drivers_cc32xx.a</file>
         <name>GPIOCC32XX.oem4</name>
      </input_file>
      <input_file id="fl-13">
         <path>C:\ti\simplelink_cc32xx_sdk_6_10_00_05\source\ti\drivers\lib\ccs\m4\</path>
         <kind>archive</kind>
         <file>drivers_cc32xx.a</file>
         <name>I2CCC32XX.oem4</name>
      </input_file>
      <input_file id="fl-14">
         <path>C:\ti\simplelink_cc32xx_sdk_6_10_00_05\source\ti\drivers\lib\ccs\m4\</path>
         <kind>archive</kind>
         <file>drivers_cc32xx.a</file>
         <name>PowerCC32XX.oem4</name>
      </input_file>
      <input_file id="fl-15">
         <path>C:\ti\simplelink_cc32xx_sdk_6_10_00_05\source\ti\drivers\lib\ccs\m4\</path>
         <kind>archive</kind>
         <file>drivers_cc32xx.a</file>
         <name>PowerCC32XX_asm.oem4</name>
      </input_file>
      <input_file id="fl-16">
         <path>C:\ti\simplelink_cc32xx_sdk_6_10_00_05\source\ti\drivers\lib\ccs\m4\</path>
         <kind>archive</kind>
         <file>drivers_cc32xx.a</file>
         <name>TimerCC32XX.oem4</name>
      </input_file>
      <input_file id="fl-17">
         <path>C:\ti\simplelink_cc32xx_sdk_6_10_00_05\source\ti\drivers\lib\ccs\m4\</path>
         <kind>archive</kind>
         <file>drivers_cc32xx.a</file>
         <name>UARTCC32XX.oem4</name>
      </input_file>
      <input_file id="fl-18">
         <path>C:\ti\simplelink_cc32xx_sdk_6_10_00_05\source\ti\drivers\lib\ccs\m4\</path>
         <kind>archive</kind>
         <file>drivers_cc32xx.a</file>
         <name>List.oem4</name>
      </input_file>
      <input_file id="fl-19">
         <path>C:\ti\simplelink_cc32xx_sdk_6_10_00_05\source\ti\drivers\lib\ccs\m4\</path>
         <kind>archive</kind>
         <file>drivers_cc32xx.a</file>
         <name>RingBuf.oem4</name>
      </input_file>
      <input_file id="fl-1a">
         <path>C:\ti\simplelink_cc32xx_sdk_6_10_00_05\kernel\nortos\lib\ccs\m4\</path>
         <kind>archive</kind>
         <file>nortos_cc32xx.a</file>
         <name>NoRTOS.oem4</name>
      </input_file>
      <input_file id="fl-1b">
         <path>C:\ti\simplelink_cc32xx_sdk_6_10_00_05\kernel\nortos\lib\ccs\m4\</path>
         <kind>archive</kind>
         <file>nortos_cc32xx.a</file>
         <name>SemaphoreP_nortos.oem4</name>
      </input_file>
      <input_file id="fl-1c">
         <path>C:\ti\simplelink_cc32xx_sdk_6_10_00_05\kernel\nortos\lib\ccs\m4\</path>
         <kind>archive</kind>
         <file>nortos_cc32xx.a</file>
         <name>ClockPSysTick_nortos.oem4</name>
      </input_file>
      <input_file id="fl-1d">
         <path>C:\ti\simplelink_cc32xx_sdk_6_10_00_05\kernel\nortos\lib\ccs\m4\</path>
         <kind>archive</kind>
         <file>nortos_cc32xx.a</file>
         <name>HwiPCC32XX_nortos.oem4</name>
      </input_file>
      <input_file id="fl-1e">
         <path>C:\ti\simplelink_cc32xx_sdk_6_10_00_05\kernel\nortos\lib\ccs\m4\</path>
         <kind>archive</kind>
         <file>nortos_cc32xx.a</file>
         <name>PowerCC32XX_nortos.oem4</name>
      </input_file>
      <input_file id="fl-1f">
         <path>C:\ti\simplelink_cc32xx_sdk_6_10_00_05\kernel\nortos\lib\ccs\m4\</path>
         <kind>archive</kind>
         <file>nortos_cc32xx.a</file>
         <name>startup_cc32xx_ccs.oem4</name>
      </input_file>
      <input_file id="fl-20">
         <path>C:\ti\simplelink_cc32xx_sdk_6_10_00_05\kernel\nortos\lib\ccs\m4\</path>
         <kind>archive</kind>
         <file>nortos_cc32xx.a</file>
         <name>SwiP_nortos.oem4</name>
      </input_file>
      <input_file id="fl-21">
         <path>C:\ti\simplelink_cc32xx_sdk_6_10_00_05\kernel\nortos\lib\ccs\m4\</path>
         <kind>archive</kind>
         <file>nortos_cc32xx.a</file>
         <name>QueueP_nortos.oem4</name>
      </input_file>
      <input_file id="fl-22">
         <path>C:\ti\simplelink_cc32xx_sdk_6_10_00_05\source\ti\devices\cc32xx\driverlib\ccs\Release\</path>
         <kind>archive</kind>
         <file>driverlib.a</file>
         <name>cpu.obj</name>
      </input_file>
      <input_file id="fl-23">
         <path>C:\ti\simplelink_cc32xx_sdk_6_10_00_05\source\ti\devices\cc32xx\driverlib\ccs\Release\</path>
         <kind>archive</kind>
         <file>driverlib.a</file>
         <name>i2c.obj</name>
      </input_file>
      <input_file id="fl-24">
         <path>C:\ti\simplelink_cc32xx_sdk_6_10_00_05\source\ti\devices\cc32xx\driverlib\ccs\Release\</path>
         <kind>archive</kind>
         <file>driverlib.a</file>
         <name>interrupt.obj</name>
      </input_file>
      <input_file id="fl-25">
         <path>C:\ti\simplelink_cc32xx_sdk_6_10_00_05\source\ti\devices\cc32xx\driverlib\ccs\Release\</path>
         <kind>archive</kind>
         <file>driverlib.a</file>
         <name>pin.obj</name>
      </input_file>
      <input_file id="fl-26">
         <path>C:\ti\simplelink_cc32xx_sdk_6_10_00_05\source\ti\devices\cc32xx\driverlib\ccs\Release\</path>
         <kind>archive</kind>
         <file>driverlib.a</file>
         <name>prcm.obj</name>
      </input_file>
      <input_file id="fl-27">
         <path>C:\ti\simplelink_cc32xx_sdk_6_10_00_05\source\ti\devices\cc32xx\driverlib\ccs\Release\</path>
         <kind>archive</kind>
         <file>driverlib.a</file>
         <name>timer.obj</name>
      </input_file>
      <input_file id="fl-28">
         <path>C:\ti\simplelink_cc32xx_sdk_6_10_00_05\source\ti\devices\cc32xx\driverlib\ccs\Release\</path>
         <kind>archive</kind>
         <file>driverlib.a</file>
         <name>uart.obj</name>
      </input_file>
      <input_file id="fl-29">
         <path>C:\ti\simplelink_cc32xx_sdk_6_10_00_05\source\ti\devices\cc32xx\driverlib\ccs\Release\</path>
         <kind>archive</kind>
         <file>driverlib.a</file>
         <name>utils.obj</name>
      </input_file>
      <input_file id="fl-2a">
         <path>C:\ti\simplelink_cc32xx_sdk_6_10_00_05\source\ti\devices\cc32xx\driverlib\ccs\Release\</path>
         <kind>archive</kind>
         <file>driverlib.a</file>
         <name>flash.obj</name>
      </input_file>
      <input_file id="fl-e0">
         <path>C:\ti\ccs1220\ccs\tools\compiler\ti-cgt-arm_20.2.7.LTS\lib\</path>
         <kind>archive</kind>
         <file>rtsv7M4_T_le_eabi.lib</file>
         <name>snprintf.c.obj</name>
      </input_file>
      <input_file id="fl-e1">
         <path>C:\ti\ccs1220\ccs\tools\compiler\ti-cgt-arm_20.2.7.LTS\lib\</path>
         <kind>archive</kind>
         <file>rtsv7M4_T_le_eabi.lib</file>
         <name>fs_mul_t2.asm.obj</name>
      </input_file>
      <input_file id="fl-e2">
         <path>C:\ti\ccs1220\ccs\tools\compiler\ti-cgt-arm_20.2.7.LTS\lib\</path>
         <kind>archive</kind>
         <file>rtsv7M4_T_le_eabi.lib</file>
         <name>fs_toi_t2.asm.obj</name>
      </input_file>
      <input_file id="fl-e3">
         <path>C:\ti\ccs1220\ccs\tools\compiler\ti-cgt-arm_20.2.7.LTS\lib\</path>
         <kind>archive</kind>
         <file>rtsv7M4_T_le_eabi.lib</file>
         <name>i_tofs_t2.asm.obj</name>
      </input_file>
      <input_file id="fl-e4">
         <path>C:\ti\ccs1220\ccs\tools\compiler\ti-cgt-arm_20.2.7.LTS\lib\</path>
         <kind>archive</kind>
         <file>rtsv7M4_T_le_eabi.lib</file>
         <name>ll_mul_t2.asm.obj</name>
      </input_file>
      <input_file id="fl-e5">
         <path>C:\ti\ccs1220\ccs\tools\compiler\ti-cgt-arm_20.2.7.LTS\lib\</path>
         <kind>archive</kind>
         <file>rtsv7M4_T_le_eabi.lib</file>
         <name>memcpy_t2.asm.obj</name>
      </input_file>
      <input_file id="fl-e6">
         <path>C:\ti\ccs1220\ccs\tools\compiler\ti-cgt-arm_20.2.7.LTS\lib\</path>
         <kind>archive</kind>
         <file>rtsv7M4_T_le_eabi.lib</file>
         <name>ull_div_t2.asm.obj</name>
      </input_file>
      <input_file id="fl-e7">
         <path>C:\ti\ccs1220\ccs\tools\compiler\ti-cgt-arm_20.2.7.LTS\lib\</path>
         <kind>archive</kind>
         <file>rtsv7M4_T_le_eabi.lib</file>
         <name>copy_zero_init.c.obj</name>
      </input_file>
      <input_file id="fl-e8">
         <path>C:\ti\ccs1220\ccs\tools\compiler\ti-cgt-arm_20.2.7.LTS\lib\</path>
         <kind>archive</kind>
         <file>rtsv7M4_T_le_eabi.lib</file>
         <name>copy_decompress_none.c.obj</name>
      </input_file>
      <input_file id="fl-e9">
         <path>C:\ti\ccs1220\ccs\tools\compiler\ti-cgt-arm_20.2.7.LTS\lib\</path>
         <kind>archive</kind>
         <file>rtsv7M4_T_le_eabi.lib</file>
         <name>copy_decompress_lzss.c.obj</name>
      </input_file>
      <input_file id="fl-ea">
         <path>C:\ti\ccs1220\ccs\tools\compiler\ti-cgt-arm_20.2.7.LTS\lib\</path>
         <kind>archive</kind>
         <file>rtsv7M4_T_le_eabi.lib</file>
         <name>memory.c.obj</name>
      </input_file>
      <input_file id="fl-eb">
         <path>C:\ti\ccs1220\ccs\tools\compiler\ti-cgt-arm_20.2.7.LTS\lib\</path>
         <kind>archive</kind>
         <file>rtsv7M4_T_le_eabi.lib</file>
         <name>boot_cortex_m.c.obj</name>
      </input_file>
      <input_file id="fl-ec">
         <path>C:\ti\ccs1220\ccs\tools\compiler\ti-cgt-arm_20.2.7.LTS\lib\</path>
         <kind>archive</kind>
         <file>rtsv7M4_T_le_eabi.lib</file>
         <name>_printfi.c.obj</name>
      </input_file>
      <input_file id="fl-ed">
         <path>C:\ti\ccs1220\ccs\tools\compiler\ti-cgt-arm_20.2.7.LTS\lib\</path>
         <kind>archive</kind>
         <file>rtsv7M4_T_le_eabi.lib</file>
         <name>div0.asm.obj</name>
      </input_file>
      <input_file id="fl-ee">
         <path>C:\ti\ccs1220\ccs\tools\compiler\ti-cgt-arm_20.2.7.LTS\lib\</path>
         <kind>archive</kind>
         <file>rtsv7M4_T_le_eabi.lib</file>
         <name>fd_add_t2.asm.obj</name>
      </input_file>
      <input_file id="fl-ef">
         <path>C:\ti\ccs1220\ccs\tools\compiler\ti-cgt-arm_20.2.7.LTS\lib\</path>
         <kind>archive</kind>
         <file>rtsv7M4_T_le_eabi.lib</file>
         <name>fd_cmp_t2.asm.obj</name>
      </input_file>
      <input_file id="fl-f0">
         <path>C:\ti\ccs1220\ccs\tools\compiler\ti-cgt-arm_20.2.7.LTS\lib\</path>
         <kind>archive</kind>
         <file>rtsv7M4_T_le_eabi.lib</file>
         <name>fd_div_t2.asm.obj</name>
      </input_file>
      <input_file id="fl-f1">
         <path>C:\ti\ccs1220\ccs\tools\compiler\ti-cgt-arm_20.2.7.LTS\lib\</path>
         <kind>archive</kind>
         <file>rtsv7M4_T_le_eabi.lib</file>
         <name>fd_mul_t2.asm.obj</name>
      </input_file>
      <input_file id="fl-f2">
         <path>C:\ti\ccs1220\ccs\tools\compiler\ti-cgt-arm_20.2.7.LTS\lib\</path>
         <kind>archive</kind>
         <file>rtsv7M4_T_le_eabi.lib</file>
         <name>fd_toi_t2.asm.obj</name>
      </input_file>
      <input_file id="fl-f3">
         <path>C:\ti\ccs1220\ccs\tools\compiler\ti-cgt-arm_20.2.7.LTS\lib\</path>
         <kind>archive</kind>
         <file>rtsv7M4_T_le_eabi.lib</file>
         <name>i_tofd_t2.asm.obj</name>
      </input_file>
      <input_file id="fl-f4">
         <path>C:\ti\ccs1220\ccs\tools\compiler\ti-cgt-arm_20.2.7.LTS\lib\</path>
         <kind>archive</kind>
         <file>rtsv7M4_T_le_eabi.lib</file>
         <name>memset_t2.asm.obj</name>
      </input_file>
      <input_file id="fl-f5">
         <path>C:\ti\ccs1220\ccs\tools\compiler\ti-cgt-arm_20.2.7.LTS\lib\</path>
         <kind>archive</kind>
         <file>rtsv7M4_T_le_eabi.lib</file>
         <name>autoinit.c.obj</name>
      </input_file>
      <input_file id="fl-f6">
         <path>C:\ti\ccs1220\ccs\tools\compiler\ti-cgt-arm_20.2.7.LTS\lib\</path>
         <kind>archive</kind>
         <file>rtsv7M4_T_le_eabi.lib</file>
         <name>pre_init.c.obj</name>
      </input_file>
      <input_file id="fl-f7">
         <path>C:\ti\ccs1220\ccs\tools\compiler\ti-cgt-arm_20.2.7.LTS\lib\</path>
         <kind>archive</kind>
         <file>rtsv7M4_T_le_eabi.lib</file>
         <name>cpy_tbl.c.obj</name>
      </input_file>
      <input_file id="fl-f8">
         <path>C:\ti\ccs1220\ccs\tools\compiler\ti-cgt-arm_20.2.7.LTS\lib\</path>
         <kind>archive</kind>
         <file>rtsv7M4_T_le_eabi.lib</file>
         <name>exit.c.obj</name>
      </input_file>
      <input_file id="fl-f9">
         <path>C:\ti\ccs1220\ccs\tools\compiler\ti-cgt-arm_20.2.7.LTS\lib\</path>
         <kind>archive</kind>
         <file>rtsv7M4_T_le_eabi.lib</file>
         <name>_lock.c.obj</name>
      </input_file>
      <input_file id="fl-fa">
         <path>C:\ti\ccs1220\ccs\tools\compiler\ti-cgt-arm_20.2.7.LTS\lib\</path>
         <kind>archive</kind>
         <file>rtsv7M4_T_le_eabi.lib</file>
         <name>_ltoa.c.obj</name>
      </input_file>
      <input_file id="fl-fb">
         <path>C:\ti\ccs1220\ccs\tools\compiler\ti-cgt-arm_20.2.7.LTS\lib\</path>
         <kind>archive</kind>
         <file>rtsv7M4_T_le_eabi.lib</file>
         <name>args_main.c.obj</name>
      </input_file>
      <input_file id="fl-fc">
         <path>C:\ti\ccs1220\ccs\tools\compiler\ti-cgt-arm_20.2.7.LTS\lib\</path>
         <kind>archive</kind>
         <file>rtsv7M4_T_le_eabi.lib</file>
         <name>atoi.c.obj</name>
      </input_file>
      <input_file id="fl-fd">
         <path>C:\ti\ccs1220\ccs\tools\compiler\ti-cgt-arm_20.2.7.LTS\lib\</path>
         <kind>archive</kind>
         <file>rtsv7M4_T_le_eabi.lib</file>
         <name>ctype.c.obj</name>
      </input_file>
      <input_file id="fl-fe">
         <path>C:\ti\ccs1220\ccs\tools\compiler\ti-cgt-arm_20.2.7.LTS\lib\</path>
         <kind>archive</kind>
         <file>rtsv7M4_T_le_eabi.lib</file>
         <name>memccpy.c.obj</name>
      </input_file>
      <input_file id="fl-ff">
         <path>C:\ti\ccs1220\ccs\tools\compiler\ti-cgt-arm_20.2.7.LTS\lib\</path>
         <kind>archive</kind>
         <file>rtsv7M4_T_le_eabi.lib</file>
         <name>strchr.c.obj</name>
      </input_file>
      <input_file id="fl-100">
         <path>C:\ti\ccs1220\ccs\tools\compiler\ti-cgt-arm_20.2.7.LTS\lib\</path>
         <kind>archive</kind>
         <file>rtsv7M4_T_le_eabi.lib</file>
         <name>strlen.c.obj</name>
      </input_file>
      <input_file id="fl-101">
         <path>C:\ti\ccs1220\ccs\tools\compiler\ti-cgt-arm_20.2.7.LTS\lib\</path>
         <kind>archive</kind>
         <file>rtsv7M4_T_le_eabi.lib</file>
         <name>errno.c.obj</name>
      </input_file>
      <input_file id="fl-102">
         <path>C:\ti\ccs1220\ccs\tools\compiler\ti-cgt-arm_20.2.7.LTS\lib\</path>
         <kind>archive</kind>
         <file>rtsv7M4_T_le_eabi.lib</file>
         <name>wcslen.c.obj</name>
      </input_file>
      <input_file id="fl-103">
         <path>C:\ti\ccs1220\ccs\tools\compiler\ti-cgt-arm_20.2.7.LTS\lib\</path>
         <kind>archive</kind>
         <file>rtsv7M4_T_le_eabi.lib</file>
         <name>s_frexp.c.obj</name>
      </input_file>
      <input_file id="fl-104">
         <path>C:\ti\ccs1220\ccs\tools\compiler\ti-cgt-arm_20.2.7.LTS\lib\</path>
         <kind>archive</kind>
         <file>rtsv7M4_T_le_eabi.lib</file>
         <name>s_scalbn.c.obj</name>
      </input_file>
      <input_file id="fl-105">
         <path>C:\ti\ccs1220\ccs\tools\compiler\ti-cgt-arm_20.2.7.LTS\lib\</path>
         <kind>archive</kind>
         <file>rtsv7M4_T_le_eabi.lib</file>
         <name>s_copysign.c.obj</name>
      </input_file>
   </input_file_list>
   <object_component_list>
      <object_component id="oc-3b9">
         <name>.text:__TI_printfi</name>
         <load_address>0x1000840</load_address>
         <run_address>0x1000840</run_address>
         <size>0xa4e</size>
         <input_file_ref idref="fl-ec"/>
      </object_component>
      <object_component id="oc-1ef">
         <name>.text:Board_initHook</name>
         <load_address>0x100128e</load_address>
         <run_address>0x100128e</run_address>
         <size>0x2</size>
         <input_file_ref idref="fl-3"/>
      </object_component>
      <object_component id="oc-1dd">
         <name>.text:PRCMCC3200MCUInit</name>
         <load_address>0x1001290</load_address>
         <run_address>0x1001290</run_address>
         <size>0x42c</size>
         <input_file_ref idref="fl-26"/>
      </object_component>
      <object_component id="oc-846">
         <name>.text:UARTCC32XX_open</name>
         <load_address>0x10016bc</load_address>
         <run_address>0x10016bc</run_address>
         <size>0x288</size>
         <input_file_ref idref="fl-17"/>
      </object_component>
      <object_component id="oc-568">
         <name>.text:_pconv_a</name>
         <load_address>0x1001944</load_address>
         <run_address>0x1001944</run_address>
         <size>0x268</size>
         <input_file_ref idref="fl-ec"/>
      </object_component>
      <object_component id="oc-556">
         <name>.text:_pconv_g</name>
         <load_address>0x1001bac</load_address>
         <run_address>0x1001bac</run_address>
         <size>0x1cc</size>
         <input_file_ref idref="fl-ec"/>
      </object_component>
      <object_component id="oc-215">
         <name>.text:initI2C</name>
         <load_address>0x1001d78</load_address>
         <run_address>0x1001d78</run_address>
         <size>0x1c8</size>
         <input_file_ref idref="fl-2"/>
      </object_component>
      <object_component id="oc-76a">
         <name>.text</name>
         <load_address>0x1001f40</load_address>
         <run_address>0x1001f40</run_address>
         <size>0x1b6</size>
         <input_file_ref idref="fl-ee"/>
      </object_component>
      <object_component id="oc-36a">
         <name>.text:I2C_init</name>
         <load_address>0x10020f6</load_address>
         <run_address>0x10020f6</run_address>
         <size>0x2</size>
         <input_file_ref idref="fl-f"/>
      </object_component>
      <object_component id="oc-41f">
         <name>.text:PowerCC32XX_sleepPolicy</name>
         <load_address>0x10020f8</load_address>
         <run_address>0x10020f8</run_address>
         <size>0x1a0</size>
         <input_file_ref idref="fl-1e"/>
      </object_component>
      <object_component id="oc-167">
         <name>.text:mainThread</name>
         <load_address>0x1002298</load_address>
         <run_address>0x1002298</run_address>
         <size>0x168</size>
         <input_file_ref idref="fl-2"/>
      </object_component>
      <object_component id="oc-1f7">
         <name>.text:GPIO_setConfig</name>
         <load_address>0x1002400</load_address>
         <run_address>0x1002400</run_address>
         <size>0x154</size>
         <input_file_ref idref="fl-12"/>
      </object_component>
      <object_component id="oc-4e4">
         <name>.text:I2CCC32XX_hwiFxn</name>
         <load_address>0x1002554</load_address>
         <run_address>0x1002554</run_address>
         <size>0x148</size>
         <input_file_ref idref="fl-13"/>
      </object_component>
      <object_component id="oc-7da">
         <name>.text:parkPins</name>
         <load_address>0x100269c</load_address>
         <run_address>0x100269c</run_address>
         <size>0x148</size>
         <input_file_ref idref="fl-14"/>
      </object_component>
      <object_component id="oc-562">
         <name>.text:_pconv_e</name>
         <load_address>0x10027e4</load_address>
         <run_address>0x10027e4</run_address>
         <size>0x13c</size>
         <input_file_ref idref="fl-ec"/>
      </object_component>
      <object_component id="oc-5de">
         <name>.text:Power_sleep</name>
         <load_address>0x1002920</load_address>
         <run_address>0x1002920</run_address>
         <size>0x138</size>
         <input_file_ref idref="fl-14"/>
      </object_component>
      <object_component id="oc-392">
         <name>.text:Timer_open</name>
         <load_address>0x1002a58</load_address>
         <run_address>0x1002a58</run_address>
         <size>0x138</size>
         <input_file_ref idref="fl-16"/>
      </object_component>
      <object_component id="oc-750">
         <name>.text</name>
         <load_address>0x1002b90</load_address>
         <run_address>0x1002b90</run_address>
         <size>0x136</size>
         <input_file_ref idref="fl-f0"/>
      </object_component>
      <object_component id="oc-4f2">
         <name>.text:I2C_transferTimeout</name>
         <load_address>0x1002cc6</load_address>
         <run_address>0x1002cc6</run_address>
         <size>0x122</size>
         <input_file_ref idref="fl-f"/>
      </object_component>
      <object_component id="oc-834">
         <name>.text:UARTCC32XX_close</name>
         <load_address>0x1002de8</load_address>
         <run_address>0x1002de8</run_address>
         <size>0x120</size>
         <input_file_ref idref="fl-17"/>
      </object_component>
      <object_component id="oc-77c">
         <name>.text:fcvt</name>
         <load_address>0x1002f08</load_address>
         <run_address>0x1002f08</run_address>
         <size>0x120</size>
         <input_file_ref idref="fl-ec"/>
      </object_component>
      <object_component id="oc-641">
         <name>.text:aligned_alloc</name>
         <load_address>0x1003028</load_address>
         <run_address>0x1003028</run_address>
         <size>0x100</size>
         <input_file_ref idref="fl-ea"/>
      </object_component>
      <object_component id="oc-376">
         <name>.text:I2C_open</name>
         <load_address>0x1003128</load_address>
         <run_address>0x1003128</run_address>
         <size>0xfc</size>
         <input_file_ref idref="fl-13"/>
      </object_component>
      <object_component id="oc-74b">
         <name>.text</name>
         <load_address>0x1003224</load_address>
         <run_address>0x1003224</run_address>
         <size>0xfc</size>
         <input_file_ref idref="fl-f1"/>
      </object_component>
      <object_component id="oc-83a">
         <name>.text:UARTCC32XX_control</name>
         <load_address>0x1003320</load_address>
         <run_address>0x1003320</run_address>
         <size>0xf2</size>
         <input_file_ref idref="fl-17"/>
      </object_component>
      <object_component id="oc-419">
         <name>.text:PowerCC32XX_initPolicy</name>
         <load_address>0x1003412</load_address>
         <run_address>0x1003412</run_address>
         <size>0x2</size>
         <input_file_ref idref="fl-1e"/>
      </object_component>
      <object_component id="oc-221">
         <name>.text:readTemp</name>
         <load_address>0x1003414</load_address>
         <run_address>0x1003414</run_address>
         <size>0xec</size>
         <input_file_ref idref="fl-2"/>
      </object_component>
      <object_component id="oc-43b">
         <name>.text:free</name>
         <load_address>0x1003500</load_address>
         <run_address>0x1003500</run_address>
         <size>0xe4</size>
         <input_file_ref idref="fl-ea"/>
      </object_component>
      <object_component id="oc-790">
         <name>.text:scalbn</name>
         <load_address>0x10035e4</load_address>
         <run_address>0x10035e4</run_address>
         <size>0xd0</size>
         <input_file_ref idref="fl-104"/>
      </object_component>
      <object_component id="oc-85e">
         <name>.text:UARTCC32XX_write</name>
         <load_address>0x10036b4</load_address>
         <run_address>0x10036b4</run_address>
         <size>0xca</size>
         <input_file_ref idref="fl-17"/>
      </object_component>
      <object_component id="oc-6f6">
         <name>.text:SemaphoreP_destruct</name>
         <load_address>0x100377e</load_address>
         <run_address>0x100377e</run_address>
         <size>0x2</size>
         <input_file_ref idref="fl-1b"/>
      </object_component>
      <object_component id="oc-7f7">
         <name>.text:restoreParkedPins</name>
         <load_address>0x1003780</load_address>
         <run_address>0x1003780</run_address>
         <size>0xc0</size>
         <input_file_ref idref="fl-14"/>
      </object_component>
      <object_component id="oc-852">
         <name>.text:UARTCC32XX_readPolling</name>
         <load_address>0x1003840</load_address>
         <run_address>0x1003840</run_address>
         <size>0xba</size>
         <input_file_ref idref="fl-17"/>
      </object_component>
      <object_component id="oc-386">
         <name>.text:Timer_init</name>
         <load_address>0x10038fa</load_address>
         <run_address>0x10038fa</run_address>
         <size>0x2</size>
         <input_file_ref idref="fl-10"/>
      </object_component>
      <object_component id="oc-9bb">
         <name>.text:initHw</name>
         <load_address>0x10038fc</load_address>
         <run_address>0x10038fc</run_address>
         <size>0xb8</size>
         <input_file_ref idref="fl-17"/>
      </object_component>
      <object_component id="oc-a64">
         <name>.text:readTaskCallback</name>
         <load_address>0x10039b4</load_address>
         <run_address>0x10039b4</run_address>
         <size>0xb6</size>
         <input_file_ref idref="fl-17"/>
      </object_component>
      <object_component id="oc-6a1">
         <name>.text:I2CCC32XX_completeTransfer</name>
         <load_address>0x1003a6a</load_address>
         <run_address>0x1003a6a</run_address>
         <size>0xb2</size>
         <input_file_ref idref="fl-13"/>
      </object_component>
      <object_component id="oc-54b">
         <name>.text:_ltostr</name>
         <load_address>0x1003b1c</load_address>
         <run_address>0x1003b1c</run_address>
         <size>0xb1</size>
         <input_file_ref idref="fl-ec"/>
      </object_component>
      <object_component id="oc-a52">
         <name>.text:readTaskBlocking</name>
         <load_address>0x1003bce</load_address>
         <run_address>0x1003bce</run_address>
         <size>0xb0</size>
         <input_file_ref idref="fl-17"/>
      </object_component>
      <object_component id="oc-a58">
         <name>.text:readIsrTextBlocking</name>
         <load_address>0x1003c7e</load_address>
         <run_address>0x1003c7e</run_address>
         <size>0xae</size>
         <input_file_ref idref="fl-17"/>
      </object_component>
      <object_component id="oc-68f">
         <name>.text:I2CCC32XX_primeWriteBurst</name>
         <load_address>0x1003d2c</load_address>
         <run_address>0x1003d2c</run_address>
         <size>0xa8</size>
         <input_file_ref idref="fl-13"/>
      </object_component>
      <object_component id="oc-b6">
         <name>.text:IntEnable</name>
         <load_address>0x1003dd4</load_address>
         <run_address>0x1003dd4</run_address>
         <size>0xa8</size>
         <input_file_ref idref="fl-24"/>
      </object_component>
      <object_component id="oc-2dc">
         <name>.text:PowerCC32XX_configureWakeup</name>
         <load_address>0x1003e7c</load_address>
         <run_address>0x1003e7c</run_address>
         <size>0xa8</size>
         <input_file_ref idref="fl-14"/>
      </object_component>
      <object_component id="oc-a6a">
         <name>.text:readIsrTextCallback</name>
         <load_address>0x1003f24</load_address>
         <run_address>0x1003f24</run_address>
         <size>0xa2</size>
         <input_file_ref idref="fl-17"/>
      </object_component>
      <object_component id="oc-9f2">
         <name>.text:writeData</name>
         <load_address>0x1003fc6</load_address>
         <run_address>0x1003fc6</run_address>
         <size>0xa2</size>
         <input_file_ref idref="fl-17"/>
      </object_component>
      <object_component id="oc-301">
         <name>.text:SemaphoreP_pend</name>
         <load_address>0x1004068</load_address>
         <run_address>0x1004068</run_address>
         <size>0xa0</size>
         <input_file_ref idref="fl-1b"/>
      </object_component>
      <object_component id="oc-4d2">
         <name>.text:I2CCC32XX_initHw</name>
         <load_address>0x1004108</load_address>
         <run_address>0x1004108</run_address>
         <size>0x9c</size>
         <input_file_ref idref="fl-13"/>
      </object_component>
      <object_component id="oc-3c">
         <name>.text</name>
         <load_address>0x10041a4</load_address>
         <run_address>0x10041a4</run_address>
         <size>0x9c</size>
         <input_file_ref idref="fl-e5"/>
      </object_component>
      <object_component id="oc-5d9">
         <name>.text</name>
         <load_address>0x1004240</load_address>
         <run_address>0x1004240</run_address>
         <size>0x96</size>
         <input_file_ref idref="fl-e6"/>
      </object_component>
      <object_component id="oc-840">
         <name>.text:UARTCC32XX_init</name>
         <load_address>0x10042d6</load_address>
         <run_address>0x10042d6</run_address>
         <size>0x2</size>
         <input_file_ref idref="fl-17"/>
      </object_component>
      <object_component id="oc-1e9">
         <name>.text:GPIO_init</name>
         <load_address>0x10042d8</load_address>
         <run_address>0x10042d8</run_address>
         <size>0x90</size>
         <input_file_ref idref="fl-12"/>
      </object_component>
      <object_component id="oc-7eb">
         <name>.text:restoreNVICRegs</name>
         <load_address>0x1004368</load_address>
         <run_address>0x1004368</run_address>
         <size>0x90</size>
         <input_file_ref idref="fl-14"/>
      </object_component>
      <object_component id="oc-49b">
         <name>.text:HwiP_construct</name>
         <load_address>0x10043f8</load_address>
         <run_address>0x10043f8</run_address>
         <size>0x8c</size>
         <input_file_ref idref="fl-1d"/>
      </object_component>
      <object_component id="oc-975">
         <name>.text:IntPendSet</name>
         <load_address>0x1004484</load_address>
         <run_address>0x1004484</run_address>
         <size>0x88</size>
         <input_file_ref idref="fl-24"/>
      </object_component>
      <object_component id="oc-328">
         <name>.text:PinConfigSet</name>
         <load_address>0x100450c</load_address>
         <run_address>0x100450c</run_address>
         <size>0x88</size>
         <input_file_ref idref="fl-25"/>
      </object_component>
      <object_component id="oc-551">
         <name>.text:__aeabi_cdcmple</name>
         <load_address>0x1004594</load_address>
         <run_address>0x1004594</run_address>
         <size>0x86</size>
         <input_file_ref idref="fl-ef"/>
      </object_component>
      <object_component id="oc-755">
         <name>.text:__aeabi_cdrcmple</name>
         <load_address>0x100461a</load_address>
         <run_address>0x100461a</run_address>
         <size>0x86</size>
         <input_file_ref idref="fl-ef"/>
      </object_component>
      <object_component id="oc-1e3">
         <name>.text:Power_init</name>
         <load_address>0x10046a0</load_address>
         <run_address>0x10046a0</run_address>
         <size>0x84</size>
         <input_file_ref idref="fl-14"/>
      </object_component>
      <object_component id="oc-7e0">
         <name>.text:saveNVICRegs</name>
         <load_address>0x1004724</load_address>
         <run_address>0x1004724</run_address>
         <size>0x84</size>
         <input_file_ref idref="fl-14"/>
      </object_component>
      <object_component id="oc-1fd">
         <name>.text:GPIO_write</name>
         <load_address>0x10047a8</load_address>
         <run_address>0x10047a8</run_address>
         <size>0x80</size>
         <input_file_ref idref="fl-12"/>
      </object_component>
      <object_component id="oc-32e">
         <name>.text:Power_setDependency</name>
         <load_address>0x1004828</load_address>
         <run_address>0x1004828</run_address>
         <size>0x80</size>
         <input_file_ref idref="fl-14"/>
      </object_component>
      <object_component id="oc-a4c">
         <name>.text:readIsrBinaryBlocking</name>
         <load_address>0x10048a8</load_address>
         <run_address>0x10048a8</run_address>
         <size>0x7c</size>
         <input_file_ref idref="fl-17"/>
      </object_component>
      <object_component id="oc-689">
         <name>.text:I2CCC32XX_primeReadBurst</name>
         <load_address>0x1004924</load_address>
         <run_address>0x1004924</run_address>
         <size>0x7a</size>
         <input_file_ref idref="fl-13"/>
      </object_component>
      <object_component id="oc-3aa">
         <name>.text</name>
         <load_address>0x100499e</load_address>
         <run_address>0x100499e</run_address>
         <size>0x7a</size>
         <input_file_ref idref="fl-e1"/>
      </object_component>
      <object_component id="oc-9e">
         <name>.text</name>
         <load_address>0x1004a18</load_address>
         <run_address>0x1004a18</run_address>
         <size>0x7a</size>
         <input_file_ref idref="fl-f4"/>
      </object_component>
      <object_component id="oc-a5e">
         <name>.text:readIsrBinaryCallback</name>
         <load_address>0x1004a92</load_address>
         <run_address>0x1004a92</run_address>
         <size>0x78</size>
         <input_file_ref idref="fl-17"/>
      </object_component>
      <object_component id="oc-9ca">
         <name>.text:UARTCC32XX_hwiIntFxn</name>
         <load_address>0x1004b0a</load_address>
         <run_address>0x1004b0a</run_address>
         <size>0x74</size>
         <input_file_ref idref="fl-17"/>
      </object_component>
      <object_component id="oc-3e6">
         <name>.text:_nop</name>
         <load_address>0x1004b7e</load_address>
         <run_address>0x1004b7e</run_address>
         <size>0x2</size>
         <input_file_ref idref="fl-f9"/>
      </object_component>
      <object_component id="oc-320">
         <name>.text:powerNotifyFxn</name>
         <load_address>0x1004b80</load_address>
         <run_address>0x1004b80</run_address>
         <size>0x74</size>
         <input_file_ref idref="fl-12"/>
      </object_component>
      <object_component id="oc-828">
         <name>.text:split</name>
         <load_address>0x1004bf4</load_address>
         <run_address>0x1004bf4</run_address>
         <size>0x70</size>
         <input_file_ref idref="fl-ea"/>
      </object_component>
      <object_component id="oc-775">
         <name>.text:_mcpy</name>
         <load_address>0x1004c64</load_address>
         <run_address>0x1004c64</run_address>
         <size>0x6e</size>
         <input_file_ref idref="fl-ec"/>
      </object_component>
      <object_component id="oc-6bc">
         <name>.text:I2CSupport_primeTransfer</name>
         <load_address>0x1004cd2</load_address>
         <run_address>0x1004cd2</run_address>
         <size>0x6a</size>
         <input_file_ref idref="fl-13"/>
      </object_component>
      <object_component id="oc-15">
         <name>.text:decompress:lzss:__TI_decompress_lzss</name>
         <load_address>0x1004d3c</load_address>
         <run_address>0x1004d3c</run_address>
         <size>0x68</size>
         <input_file_ref idref="fl-e9"/>
      </object_component>
      <object_component id="oc-86a">
         <name>.text:UARTCC32XX_writeCancel</name>
         <load_address>0x1004da4</load_address>
         <run_address>0x1004da4</run_address>
         <size>0x66</size>
         <input_file_ref idref="fl-17"/>
      </object_component>
      <object_component id="oc-74">
         <name>.text:busFaultHandler</name>
         <load_address>0x1004e0a</load_address>
         <run_address>0x1004e0a</run_address>
         <size>0x2</size>
         <input_file_ref idref="fl-1f"/>
      </object_component>
      <object_component id="oc-340">
         <name>.text:GPIO_setInterruptConfig</name>
         <load_address>0x1004e0c</load_address>
         <run_address>0x1004e0c</run_address>
         <size>0x64</size>
         <input_file_ref idref="fl-12"/>
      </object_component>
      <object_component id="oc-48b">
         <name>.text:PowerCC32XX_setParkState</name>
         <load_address>0x1004e70</load_address>
         <run_address>0x1004e70</run_address>
         <size>0x64</size>
         <input_file_ref idref="fl-14"/>
      </object_component>
      <object_component id="oc-22d">
         <name>.text:TickFnct_Count</name>
         <load_address>0x1004ed4</load_address>
         <run_address>0x1004ed4</run_address>
         <size>0x64</size>
         <input_file_ref idref="fl-2"/>
      </object_component>
      <object_component id="oc-864">
         <name>.text:UARTCC32XX_writePolling</name>
         <load_address>0x1004f38</load_address>
         <run_address>0x1004f38</run_address>
         <size>0x62</size>
         <input_file_ref idref="fl-17"/>
      </object_component>
      <object_component id="oc-460">
         <name>.text:clkFxn</name>
         <load_address>0x1004f9a</load_address>
         <run_address>0x1004f9a</run_address>
         <size>0x2</size>
         <input_file_ref idref="fl-1b"/>
      </object_component>
      <object_component id="oc-349">
         <name>.text:GPIO_hwiIntFxn</name>
         <load_address>0x1004f9c</load_address>
         <run_address>0x1004f9c</run_address>
         <size>0x60</size>
         <input_file_ref idref="fl-12"/>
      </object_component>
      <object_component id="oc-2aa">
         <name>.text:PRCMSysResetCauseGet</name>
         <load_address>0x1004ffc</load_address>
         <run_address>0x1004ffc</run_address>
         <size>0x60</size>
         <input_file_ref idref="fl-26"/>
      </object_component>
      <object_component id="oc-233">
         <name>.text:TickFnct_Heat</name>
         <load_address>0x100505c</load_address>
         <run_address>0x100505c</run_address>
         <size>0x60</size>
         <input_file_ref idref="fl-2"/>
      </object_component>
      <object_component id="oc-78a">
         <name>.text:frexp</name>
         <load_address>0x10050bc</load_address>
         <run_address>0x10050bc</run_address>
         <size>0x5c</size>
         <input_file_ref idref="fl-103"/>
      </object_component>
      <object_component id="oc-935">
         <name>.text:sysTickInit</name>
         <load_address>0x1005118</load_address>
         <run_address>0x1005118</run_address>
         <size>0x5c</size>
         <input_file_ref idref="fl-1c"/>
      </object_component>
      <object_component id="oc-2c3">
         <name>.text:PRCMPeripheralReset</name>
         <load_address>0x1005174</load_address>
         <run_address>0x1005174</run_address>
         <size>0x58</size>
         <input_file_ref idref="fl-26"/>
      </object_component>
      <object_component id="oc-8e2">
         <name>.text:Power_releaseDependency</name>
         <load_address>0x10051cc</load_address>
         <run_address>0x10051cc</run_address>
         <size>0x58</size>
         <input_file_ref idref="fl-14"/>
      </object_component>
      <object_component id="oc-55c">
         <name>.text:_pconv_f</name>
         <load_address>0x1005224</load_address>
         <run_address>0x1005224</run_address>
         <size>0x56</size>
         <input_file_ref idref="fl-ec"/>
      </object_component>
      <object_component id="oc-75f">
         <name>.text:__TI_ltoa</name>
         <load_address>0x100527a</load_address>
         <run_address>0x100527a</run_address>
         <size>0x54</size>
         <input_file_ref idref="fl-fa"/>
      </object_component>
      <object_component id="oc-aa7">
         <name>.text:ringBufGet</name>
         <load_address>0x10052ce</load_address>
         <run_address>0x10052ce</run_address>
         <size>0x54</size>
         <input_file_ref idref="fl-17"/>
      </object_component>
      <object_component id="oc-952">
         <name>.text:PowerCC32XX_resumeLPDS</name>
         <load_address>0x1005322</load_address>
         <run_address>0x1005322</run_address>
         <size>0x52</size>
         <input_file_ref idref="fl-15"/>
      </object_component>
      <object_component id="oc-76f">
         <name>.text:_ecpy</name>
         <load_address>0x1005374</load_address>
         <run_address>0x1005374</run_address>
         <size>0x52</size>
         <input_file_ref idref="fl-ec"/>
      </object_component>
      <object_component id="oc-51a">
         <name>.text:initHw</name>
         <load_address>0x10053c6</load_address>
         <run_address>0x10053c6</run_address>
         <size>0x52</size>
         <input_file_ref idref="fl-16"/>
      </object_component>
      <object_component id="oc-7a">
         <name>.text:ClockP_sysTickHandler</name>
         <load_address>0x1005418</load_address>
         <run_address>0x1005418</run_address>
         <size>0x50</size>
         <input_file_ref idref="fl-1c"/>
      </object_component>
      <object_component id="oc-605">
         <name>.text:SemaphoreP_construct</name>
         <load_address>0x1005468</load_address>
         <run_address>0x1005468</run_address>
         <size>0x50</size>
         <input_file_ref idref="fl-1b"/>
      </object_component>
      <object_component id="oc-502">
         <name>.text:TimerCC32XX_allocateTimerResource</name>
         <load_address>0x10054b8</load_address>
         <run_address>0x10054b8</run_address>
         <size>0x50</size>
         <input_file_ref idref="fl-16"/>
      </object_component>
      <object_component id="oc-67d">
         <name>.text:I2CCC32XX_readRecieveFifo</name>
         <load_address>0x1005508</load_address>
         <run_address>0x1005508</run_address>
         <size>0x4c</size>
         <input_file_ref idref="fl-13"/>
      </object_component>
      <object_component id="oc-949">
         <name>.text:PowerCC32XX_parkPin</name>
         <load_address>0x1005554</load_address>
         <run_address>0x1005554</run_address>
         <size>0x4c</size>
         <input_file_ref idref="fl-14"/>
      </object_component>
      <object_component id="oc-239">
         <name>.text:TickFnct_LED</name>
         <load_address>0x10055a0</load_address>
         <run_address>0x10055a0</run_address>
         <size>0x4c</size>
         <input_file_ref idref="fl-2"/>
      </object_component>
      <object_component id="oc-545">
         <name>.text:atoi</name>
         <load_address>0x10055ec</load_address>
         <run_address>0x10055ec</run_address>
         <size>0x4c</size>
         <input_file_ref idref="fl-fc"/>
      </object_component>
      <object_component id="oc-7f1">
         <name>.text:restorePeriphClocks</name>
         <load_address>0x1005638</load_address>
         <run_address>0x1005638</run_address>
         <size>0x4c</size>
         <input_file_ref idref="fl-14"/>
      </object_component>
      <object_component id="oc-23f">
         <name>.text:snprintf</name>
         <load_address>0x1005684</load_address>
         <run_address>0x1005684</run_address>
         <size>0x4c</size>
         <input_file_ref idref="fl-e0"/>
      </object_component>
      <object_component id="oc-96d">
         <name>.text:FlashDisable</name>
         <load_address>0x10056d0</load_address>
         <run_address>0x10056d0</run_address>
         <size>0x48</size>
         <input_file_ref idref="fl-2a"/>
      </object_component>
      <object_component id="oc-4a2">
         <name>.text:GPIO_disableInt</name>
         <load_address>0x1005718</load_address>
         <run_address>0x1005718</run_address>
         <size>0x48</size>
         <input_file_ref idref="fl-12"/>
      </object_component>
      <object_component id="oc-209">
         <name>.text:GPIO_enableInt</name>
         <load_address>0x1005760</load_address>
         <run_address>0x1005760</run_address>
         <size>0x48</size>
         <input_file_ref idref="fl-12"/>
      </object_component>
      <object_component id="oc-7fd">
         <name>.text:PRCMLPDSEnter</name>
         <load_address>0x10057a8</load_address>
         <run_address>0x10057a8</run_address>
         <size>0x48</size>
         <input_file_ref idref="fl-26"/>
      </object_component>
      <object_component id="oc-2bd">
         <name>.text:PRCMPeripheralClkEnable</name>
         <load_address>0x10057f0</load_address>
         <run_address>0x10057f0</run_address>
         <size>0x48</size>
         <input_file_ref idref="fl-26"/>
      </object_component>
      <object_component id="oc-8a0">
         <name>.text:Power_releaseConstraint</name>
         <load_address>0x1005838</load_address>
         <run_address>0x1005838</run_address>
         <size>0x48</size>
         <input_file_ref idref="fl-14"/>
      </object_component>
      <object_component id="oc-21b">
         <name>.text:initTimer</name>
         <load_address>0x1005880</load_address>
         <run_address>0x1005880</run_address>
         <size>0x48</size>
         <input_file_ref idref="fl-2"/>
      </object_component>
      <object_component id="oc-75a">
         <name>.text</name>
         <load_address>0x10058c8</load_address>
         <run_address>0x10058c8</run_address>
         <size>0x48</size>
         <input_file_ref idref="fl-f2"/>
      </object_component>
      <object_component id="oc-a94">
         <name>.text:RingBuf_put</name>
         <load_address>0x1005910</load_address>
         <run_address>0x1005910</run_address>
         <size>0x46</size>
         <input_file_ref idref="fl-19"/>
      </object_component>
      <object_component id="oc-514">
         <name>.text:getPrescaler</name>
         <load_address>0x1005956</load_address>
         <run_address>0x1005956</run_address>
         <size>0x46</size>
         <input_file_ref idref="fl-16"/>
      </object_component>
      <object_component id="oc-62d">
         <name>.text:ClockP_stop</name>
         <load_address>0x100599c</load_address>
         <run_address>0x100599c</run_address>
         <size>0x44</size>
         <input_file_ref idref="fl-1c"/>
      </object_component>
      <object_component id="oc-957">
         <name>.text:PRCMLPDSRestoreInfoSet</name>
         <load_address>0x10059e0</load_address>
         <run_address>0x10059e0</run_address>
         <size>0x44</size>
         <input_file_ref idref="fl-26"/>
      </object_component>
      <object_component id="oc-7e6">
         <name>.text:PowerCC32XX_enterLPDS</name>
         <load_address>0x1005a24</load_address>
         <run_address>0x1005a24</run_address>
         <size>0x44</size>
         <input_file_ref idref="fl-15"/>
      </object_component>
      <object_component id="oc-30d">
         <name>.text:SemaphoreP_post</name>
         <load_address>0x1005a68</load_address>
         <run_address>0x1005a68</run_address>
         <size>0x44</size>
         <input_file_ref idref="fl-1b"/>
      </object_component>
      <object_component id="oc-5f5">
         <name>.text:SwiP_restore</name>
         <load_address>0x1005aac</load_address>
         <run_address>0x1005aac</run_address>
         <size>0x44</size>
         <input_file_ref idref="fl-20"/>
      </object_component>
      <object_component id="oc-398">
         <name>.text:Timer_start</name>
         <load_address>0x1005af0</load_address>
         <run_address>0x1005af0</run_address>
         <size>0x44</size>
         <input_file_ref idref="fl-10"/>
      </object_component>
      <object_component id="oc-357">
         <name>.text:UART_init</name>
         <load_address>0x1005b34</load_address>
         <run_address>0x1005b34</run_address>
         <size>0x44</size>
         <input_file_ref idref="fl-11"/>
      </object_component>
      <object_component id="oc-17a">
         <name>.text:__TI_auto_init_nobinit_nopinit:__TI_auto_init_nobinit_nopinit</name>
         <load_address>0x1005b78</load_address>
         <run_address>0x1005b78</run_address>
         <size>0x44</size>
         <input_file_ref idref="fl-f5"/>
      </object_component>
      <object_component id="oc-a3b">
         <name>.text:ClockP_construct</name>
         <load_address>0x1005bbc</load_address>
         <run_address>0x1005bbc</run_address>
         <size>0x40</size>
         <input_file_ref idref="fl-1c"/>
      </object_component>
      <object_component id="oc-2d5">
         <name>.text:PinModeSet</name>
         <load_address>0x1005bfc</load_address>
         <run_address>0x1005bfc</run_address>
         <size>0x40</size>
         <input_file_ref idref="fl-25"/>
      </object_component>
      <object_component id="oc-9e4">
         <name>.text:RingBuf_get</name>
         <load_address>0x1005c3c</load_address>
         <run_address>0x1005c3c</run_address>
         <size>0x40</size>
         <input_file_ref idref="fl-19"/>
      </object_component>
      <object_component id="oc-534">
         <name>.text:TimerSupport_timerEnable</name>
         <load_address>0x1005c7c</load_address>
         <run_address>0x1005c7c</run_address>
         <size>0x40</size>
         <input_file_ref idref="fl-16"/>
      </object_component>
      <object_component id="oc-50e">
         <name>.text:Timer_close</name>
         <load_address>0x1005cbc</load_address>
         <run_address>0x1005cbc</run_address>
         <size>0x40</size>
         <input_file_ref idref="fl-16"/>
      </object_component>
      <object_component id="oc-84c">
         <name>.text:UARTCC32XX_read</name>
         <load_address>0x1005cfc</load_address>
         <run_address>0x1005cfc</run_address>
         <size>0x40</size>
         <input_file_ref idref="fl-17"/>
      </object_component>
      <object_component id="oc-363">
         <name>.text:UART_open</name>
         <load_address>0x1005d3c</load_address>
         <run_address>0x1005d3c</run_address>
         <size>0x40</size>
         <input_file_ref idref="fl-11"/>
      </object_component>
      <object_component id="oc-782">
         <name>.text:_fcpy</name>
         <load_address>0x1005d7c</load_address>
         <run_address>0x1005d7c</run_address>
         <size>0x3e</size>
         <input_file_ref idref="fl-ec"/>
      </object_component>
      <object_component id="oc-6e">
         <name>.text:defaultHandler</name>
         <load_address>0x1005dba</load_address>
         <run_address>0x1005dba</run_address>
         <size>0x2</size>
         <input_file_ref idref="fl-1f"/>
      </object_component>
      <object_component id="oc-45a">
         <name>.text:ClockP_destruct</name>
         <load_address>0x1005dbc</load_address>
         <run_address>0x1005dbc</run_address>
         <size>0x3c</size>
         <input_file_ref idref="fl-1c"/>
      </object_component>
      <object_component id="oc-735">
         <name>.text:Power_setConstraint</name>
         <load_address>0x1005df8</load_address>
         <run_address>0x1005df8</run_address>
         <size>0x3c</size>
         <input_file_ref idref="fl-14"/>
      </object_component>
      <object_component id="oc-227">
         <name>.text:TickFnct_Button</name>
         <load_address>0x1005e34</load_address>
         <run_address>0x1005e34</run_address>
         <size>0x3c</size>
         <input_file_ref idref="fl-2"/>
      </object_component>
      <object_component id="oc-20f">
         <name>.text:initUART</name>
         <load_address>0x1005e70</load_address>
         <run_address>0x1005e70</run_address>
         <size>0x3c</size>
         <input_file_ref idref="fl-2"/>
      </object_component>
      <object_component id="oc-5d3">
         <name>.text:getCountsRTC</name>
         <load_address>0x1005eac</load_address>
         <run_address>0x1005eac</run_address>
         <size>0x3a</size>
         <input_file_ref idref="fl-1e"/>
      </object_component>
      <object_component id="oc-68">
         <name>.text:faultISR</name>
         <load_address>0x1005ee6</load_address>
         <run_address>0x1005ee6</run_address>
         <size>0x2</size>
         <input_file_ref idref="fl-1f"/>
      </object_component>
      <object_component id="oc-803">
         <name>.text:PRCMLPDSEnterKeepDebugIf</name>
         <load_address>0x1005ee8</load_address>
         <run_address>0x1005ee8</run_address>
         <size>0x38</size>
         <input_file_ref idref="fl-26"/>
      </object_component>
      <object_component id="oc-dc">
         <name>.text:addToList</name>
         <load_address>0x1005f20</load_address>
         <run_address>0x1005f20</run_address>
         <size>0x38</size>
         <input_file_ref idref="fl-1c"/>
      </object_component>
      <object_component id="oc-5a">
         <name>.text:initVectors</name>
         <load_address>0x1005f58</load_address>
         <run_address>0x1005f58</run_address>
         <size>0x38</size>
         <input_file_ref idref="fl-1f"/>
      </object_component>
      <object_component id="oc-7d4">
         <name>.text:notify</name>
         <load_address>0x1005f90</load_address>
         <run_address>0x1005f90</run_address>
         <size>0x38</size>
         <input_file_ref idref="fl-14"/>
      </object_component>
      <object_component id="oc-3af">
         <name>.text</name>
         <load_address>0x1005fc8</load_address>
         <run_address>0x1005fc8</run_address>
         <size>0x38</size>
         <input_file_ref idref="fl-e2"/>
      </object_component>
      <object_component id="oc-3a5">
         <name>.text</name>
         <load_address>0x1006000</load_address>
         <run_address>0x1006000</run_address>
         <size>0x38</size>
         <input_file_ref idref="fl-e3"/>
      </object_component>
      <object_component id="oc-716">
         <name>.text:TimerControlStall</name>
         <load_address>0x1006038</load_address>
         <run_address>0x1006038</run_address>
         <size>0x36</size>
         <input_file_ref idref="fl-27"/>
      </object_component>
      <object_component id="oc-6e4">
         <name>.text:Timer_stop</name>
         <load_address>0x100606e</load_address>
         <run_address>0x100606e</run_address>
         <size>0x36</size>
         <input_file_ref idref="fl-10"/>
      </object_component>
      <object_component id="oc-858">
         <name>.text:UARTCC32XX_readCancel</name>
         <load_address>0x10060a4</load_address>
         <run_address>0x10060a4</run_address>
         <size>0x36</size>
         <input_file_ref idref="fl-17"/>
      </object_component>
      <object_component id="oc-251">
         <name>.text:gpioButtonFxn1</name>
         <load_address>0x10060da</load_address>
         <run_address>0x10060da</run_address>
         <size>0x2</size>
         <input_file_ref idref="fl-2"/>
      </object_component>
      <object_component id="oc-5c1">
         <name>.text:ClockP_getTicksUntilInterrupt</name>
         <load_address>0x10060dc</load_address>
         <run_address>0x10060dc</run_address>
         <size>0x34</size>
         <input_file_ref idref="fl-1c"/>
      </object_component>
      <object_component id="oc-7c5">
         <name>.text:ClockP_startup</name>
         <load_address>0x1006110</load_address>
         <run_address>0x1006110</run_address>
         <size>0x34</size>
         <input_file_ref idref="fl-1c"/>
      </object_component>
      <object_component id="oc-2cf">
         <name>.text:PinModeGet</name>
         <load_address>0x1006144</load_address>
         <run_address>0x1006144</run_address>
         <size>0x34</size>
         <input_file_ref idref="fl-25"/>
      </object_component>
      <object_component id="oc-988">
         <name>.text:PowerCC32XX_restoreParkState</name>
         <load_address>0x1006178</load_address>
         <run_address>0x1006178</run_address>
         <size>0x34</size>
         <input_file_ref idref="fl-14"/>
      </object_component>
      <object_component id="oc-6fc">
         <name>.text:TimerCC32XX_freeTimerResource</name>
         <load_address>0x10061ac</load_address>
         <run_address>0x10061ac</run_address>
         <size>0x34</size>
         <input_file_ref idref="fl-16"/>
      </object_component>
      <object_component id="oc-52c">
         <name>.text:TimerCC32XX_hwiIntFunction</name>
         <load_address>0x10061e0</load_address>
         <run_address>0x10061e0</run_address>
         <size>0x34</size>
         <input_file_ref idref="fl-16"/>
      </object_component>
      <object_component id="oc-6d9">
         <name>.text:getPowerMgrId</name>
         <load_address>0x1006214</load_address>
         <run_address>0x1006214</run_address>
         <size>0x34</size>
         <input_file_ref idref="fl-16"/>
      </object_component>
      <object_component id="oc-448">
         <name>.text:ClockP_start</name>
         <load_address>0x1006248</load_address>
         <run_address>0x1006248</run_address>
         <size>0x30</size>
         <input_file_ref idref="fl-1c"/>
      </object_component>
      <object_component id="oc-966">
         <name>.text:PowerCC32XX_restoreParkedPin</name>
         <load_address>0x1006278</load_address>
         <run_address>0x1006278</run_address>
         <size>0x30</size>
         <input_file_ref idref="fl-14"/>
      </object_component>
      <object_component id="oc-3bf">
         <name>.text:_outs</name>
         <load_address>0x10062a8</load_address>
         <run_address>0x10062a8</run_address>
         <size>0x30</size>
         <input_file_ref idref="fl-e0"/>
      </object_component>
      <object_component id="oc-765">
         <name>.text</name>
         <load_address>0x10062d8</load_address>
         <run_address>0x10062d8</run_address>
         <size>0x2e</size>
         <input_file_ref idref="fl-f3"/>
      </object_component>
      <object_component id="oc-62">
         <name>.text:nmiISR</name>
         <load_address>0x1006306</load_address>
         <run_address>0x1006306</run_address>
         <size>0x2</size>
         <input_file_ref idref="fl-1f"/>
      </object_component>
      <object_component id="oc-9a9">
         <name>.text:PowerCC32XX_getParkState</name>
         <load_address>0x1006308</load_address>
         <run_address>0x1006308</run_address>
         <size>0x2c</size>
         <input_file_ref idref="fl-14"/>
      </object_component>
      <object_component id="oc-33a">
         <name>.text:HwiP_create</name>
         <load_address>0x1006334</load_address>
         <run_address>0x1006334</run_address>
         <size>0x2a</size>
         <input_file_ref idref="fl-1d"/>
      </object_component>
      <object_component id="oc-710">
         <name>.text:TimerLoadSet</name>
         <load_address>0x100635e</load_address>
         <run_address>0x100635e</run_address>
         <size>0x2a</size>
         <input_file_ref idref="fl-27"/>
      </object_component>
      <object_component id="oc-70a">
         <name>.text:TimerPrescaleSet</name>
         <load_address>0x1006388</load_address>
         <run_address>0x1006388</run_address>
         <size>0x2a</size>
         <input_file_ref idref="fl-27"/>
      </object_component>
      <object_component id="oc-695">
         <name>.text:I2CFIFODataPutNonBlocking</name>
         <load_address>0x10063b2</load_address>
         <run_address>0x10063b2</run_address>
         <size>0x28</size>
         <input_file_ref idref="fl-23"/>
      </object_component>
      <object_component id="oc-7ce">
         <name>.text</name>
         <load_address>0x10063da</load_address>
         <run_address>0x10063da</run_address>
         <size>0x2</size>
         <input_file_ref idref="fl-ed"/>
      </object_component>
      <object_component id="oc-2c9">
         <name>.text:PRCMPeripheralClkDisable</name>
         <load_address>0x10063dc</load_address>
         <run_address>0x10063dc</run_address>
         <size>0x28</size>
         <input_file_ref idref="fl-26"/>
      </object_component>
      <object_component id="oc-307">
         <name>.text:Power_registerNotify</name>
         <load_address>0x1006404</load_address>
         <run_address>0x1006404</run_address>
         <size>0x28</size>
         <input_file_ref idref="fl-14"/>
      </object_component>
      <object_component id="oc-625">
         <name>.text:free_list_insert</name>
         <load_address>0x100642c</load_address>
         <run_address>0x100642c</run_address>
         <size>0x28</size>
         <input_file_ref idref="fl-ea"/>
      </object_component>
      <object_component id="oc-87c">
         <name>.text:I2CFIFODataGetNonBlocking</name>
         <load_address>0x1006454</load_address>
         <run_address>0x1006454</run_address>
         <size>0x26</size>
         <input_file_ref idref="fl-23"/>
      </object_component>
      <object_component id="oc-6c8">
         <name>.text:I2C_cancel</name>
         <load_address>0x100647a</load_address>
         <run_address>0x100647a</run_address>
         <size>0x26</size>
         <input_file_ref idref="fl-f"/>
      </object_component>
      <object_component id="oc-46a">
         <name>.text:List_put</name>
         <load_address>0x10064a0</load_address>
         <run_address>0x10064a0</run_address>
         <size>0x26</size>
         <input_file_ref idref="fl-18"/>
      </object_component>
      <object_component id="oc-8d3">
         <name>.text:List_remove</name>
         <load_address>0x10064c6</load_address>
         <run_address>0x10064c6</run_address>
         <size>0x26</size>
         <input_file_ref idref="fl-18"/>
      </object_component>
      <object_component id="oc-64b">
         <name>.text:HwiP_dispatch</name>
         <load_address>0x10064ec</load_address>
         <run_address>0x10064ec</run_address>
         <size>0x24</size>
         <input_file_ref idref="fl-1d"/>
      </object_component>
      <object_component id="oc-9a3">
         <name>.text:PowerCC32XX_reset</name>
         <load_address>0x1006510</load_address>
         <run_address>0x1006510</run_address>
         <size>0x24</size>
         <input_file_ref idref="fl-14"/>
      </object_component>
      <object_component id="oc-8cc">
         <name>.text:TimerSupport_timerDisable</name>
         <load_address>0x1006534</load_address>
         <run_address>0x1006534</run_address>
         <size>0x24</size>
         <input_file_ref idref="fl-16"/>
      </object_component>
      <object_component id="oc-c6">
         <name>.text:_c_int00_noargs:_c_int00_noargs</name>
         <load_address>0x1006558</load_address>
         <run_address>0x1006558</run_address>
         <size>0x24</size>
         <input_file_ref idref="fl-eb"/>
      </object_component>
      <object_component id="oc-884">
         <name>.text:I2CMasterSlaveAddrSet</name>
         <load_address>0x100657c</load_address>
         <run_address>0x100657c</run_address>
         <size>0x22</size>
         <input_file_ref idref="fl-23"/>
      </object_component>
      <object_component id="oc-8da">
         <name>.text:HwiP_destruct</name>
         <load_address>0x100659e</load_address>
         <run_address>0x100659e</run_address>
         <size>0x20</size>
         <input_file_ref idref="fl-1d"/>
      </object_component>
      <object_component id="oc-6ea">
         <name>.text:Power_unregisterNotify</name>
         <load_address>0x10065c0</load_address>
         <run_address>0x10065c0</run_address>
         <size>0x20</size>
         <input_file_ref idref="fl-14"/>
      </object_component>
      <object_component id="oc-98f">
         <name>.text:RingBuf_peek</name>
         <load_address>0x10065e0</load_address>
         <run_address>0x10065e0</run_address>
         <size>0x20</size>
         <input_file_ref idref="fl-19"/>
      </object_component>
      <object_component id="oc-99d">
         <name>.text:getPowerMgrId</name>
         <load_address>0x1006600</load_address>
         <run_address>0x1006600</run_address>
         <size>0x20</size>
         <input_file_ref idref="fl-17"/>
      </object_component>
      <object_component id="oc-671">
         <name>.text:I2CMasterIntStatusEx</name>
         <load_address>0x1006620</load_address>
         <run_address>0x1006620</run_address>
         <size>0x1e</size>
         <input_file_ref idref="fl-23"/>
      </object_component>
      <object_component id="oc-4cc">
         <name>.text:SemaphoreP_constructBinary</name>
         <load_address>0x100663e</load_address>
         <run_address>0x100663e</run_address>
         <size>0x1e</size>
         <input_file_ref idref="fl-1b"/>
      </object_component>
      <object_component id="oc-704">
         <name>.text:TimerDisable</name>
         <load_address>0x100665c</load_address>
         <run_address>0x100665c</run_address>
         <size>0x1e</size>
         <input_file_ref idref="fl-27"/>
      </object_component>
      <object_component id="oc-73b">
         <name>.text:TimerEnable</name>
         <load_address>0x100667a</load_address>
         <run_address>0x100667a</run_address>
         <size>0x1e</size>
         <input_file_ref idref="fl-27"/>
      </object_component>
      <object_component id="oc-203">
         <name>.text:GPIO_setCallback</name>
         <load_address>0x1006698</load_address>
         <run_address>0x1006698</run_address>
         <size>0x1c</size>
         <input_file_ref idref="fl-e"/>
      </object_component>
      <object_component id="oc-943">
         <name>.text:PinToPadGet</name>
         <load_address>0x10066b4</load_address>
         <run_address>0x10066b4</run_address>
         <size>0x1c</size>
         <input_file_ref idref="fl-25"/>
      </object_component>
      <object_component id="oc-5b5">
         <name>.text:SwiP_disable</name>
         <load_address>0x10066d0</load_address>
         <run_address>0x10066d0</run_address>
         <size>0x1c</size>
         <input_file_ref idref="fl-20"/>
      </object_component>
      <object_component id="oc-61f">
         <name>.text:free_list_remove</name>
         <load_address>0x10066ec</load_address>
         <run_address>0x10066ec</run_address>
         <size>0x1c</size>
         <input_file_ref idref="fl-ea"/>
      </object_component>
      <object_component id="oc-56e">
         <name>.text:memccpy</name>
         <load_address>0x1006708</load_address>
         <run_address>0x1006708</run_address>
         <size>0x1c</size>
         <input_file_ref idref="fl-fe"/>
      </object_component>
      <object_component id="oc-9b5">
         <name>.text:ClockP_create</name>
         <load_address>0x1006724</load_address>
         <run_address>0x1006724</run_address>
         <size>0x1a</size>
         <input_file_ref idref="fl-1c"/>
      </object_component>
      <object_component id="oc-2e9">
         <name>.text:SemaphoreP_createBinary</name>
         <load_address>0x100673e</load_address>
         <run_address>0x100673e</run_address>
         <size>0x1a</size>
         <input_file_ref idref="fl-1b"/>
      </object_component>
      <object_component id="oc-22">
         <name>.text:resetISR</name>
         <load_address>0x1006758</load_address>
         <run_address>0x1006758</run_address>
         <size>0x1a</size>
         <input_file_ref idref="fl-1f"/>
      </object_component>
      <object_component id="oc-8b5">
         <name>.text:I2CMasterBusBusy</name>
         <load_address>0x1006772</load_address>
         <run_address>0x1006772</run_address>
         <size>0x18</size>
         <input_file_ref idref="fl-23"/>
      </object_component>
      <object_component id="oc-683">
         <name>.text:I2CMasterIntDisableEx</name>
         <load_address>0x100678a</load_address>
         <run_address>0x100678a</run_address>
         <size>0x18</size>
         <input_file_ref idref="fl-23"/>
      </object_component>
      <object_component id="oc-896">
         <name>.text:I2CMasterIntEnableEx</name>
         <load_address>0x10067a2</load_address>
         <run_address>0x10067a2</run_address>
         <size>0x18</size>
         <input_file_ref idref="fl-23"/>
      </object_component>
      <object_component id="oc-8af">
         <name>.text:I2CRxFIFOFlush</name>
         <load_address>0x10067ba</load_address>
         <run_address>0x10067ba</run_address>
         <size>0x18</size>
         <input_file_ref idref="fl-23"/>
      </object_component>
      <object_component id="oc-8a9">
         <name>.text:I2CTxFIFOFlush</name>
         <load_address>0x10067d2</load_address>
         <run_address>0x10067d2</run_address>
         <size>0x18</size>
         <input_file_ref idref="fl-23"/>
      </object_component>
      <object_component id="oc-5c7">
         <name>.text:Power_getTransitionLatency</name>
         <load_address>0x10067ec</load_address>
         <run_address>0x10067ec</run_address>
         <size>0x18</size>
         <input_file_ref idref="fl-14"/>
      </object_component>
      <object_component id="oc-817">
         <name>.text:Power_idleFunc</name>
         <load_address>0x1006804</load_address>
         <run_address>0x1006804</run_address>
         <size>0x18</size>
         <input_file_ref idref="fl-14"/>
      </object_component>
      <object_component id="oc-a0a">
         <name>.text:TimerIntDisable</name>
         <load_address>0x100681c</load_address>
         <run_address>0x100681c</run_address>
         <size>0x18</size>
         <input_file_ref idref="fl-27"/>
      </object_component>
      <object_component id="oc-72f">
         <name>.text:TimerIntEnable</name>
         <load_address>0x1006834</load_address>
         <run_address>0x1006834</run_address>
         <size>0x18</size>
         <input_file_ref idref="fl-27"/>
      </object_component>
      <object_component id="oc-9ec">
         <name>.text:UARTBusy</name>
         <load_address>0x100684c</load_address>
         <run_address>0x100684c</run_address>
         <size>0x18</size>
         <input_file_ref idref="fl-28"/>
      </object_component>
      <object_component id="oc-a7f">
         <name>.text:UARTIntEnable</name>
         <load_address>0x1006864</load_address>
         <run_address>0x1006864</run_address>
         <size>0x18</size>
         <input_file_ref idref="fl-28"/>
      </object_component>
      <object_component id="oc-35d">
         <name>.text:UART_Params_init</name>
         <load_address>0x100687c</load_address>
         <run_address>0x100687c</run_address>
         <size>0x18</size>
         <input_file_ref idref="fl-11"/>
      </object_component>
      <object_component id="oc-3c5">
         <name>.text:_outc</name>
         <load_address>0x1006894</load_address>
         <run_address>0x1006894</run_address>
         <size>0x18</size>
         <input_file_ref idref="fl-e0"/>
      </object_component>
      <object_component id="oc-5e4">
         <name>.text</name>
         <load_address>0x10068ac</load_address>
         <run_address>0x10068ac</run_address>
         <size>0x18</size>
         <input_file_ref idref="fl-e4"/>
      </object_component>
      <object_component id="oc-890">
         <name>.text:I2CMasterBurstLengthSet</name>
         <load_address>0x10068c4</load_address>
         <run_address>0x10068c4</run_address>
         <size>0x16</size>
         <input_file_ref idref="fl-23"/>
      </object_component>
      <object_component id="oc-2b7">
         <name>.text:PRCMHIBRegRead</name>
         <load_address>0x10068da</load_address>
         <run_address>0x10068da</run_address>
         <size>0x16</size>
         <input_file_ref idref="fl-26"/>
      </object_component>
      <object_component id="oc-2b1">
         <name>.text:PRCMHIBRegWrite</name>
         <load_address>0x10068f0</load_address>
         <run_address>0x10068f0</run_address>
         <size>0x16</size>
         <input_file_ref idref="fl-26"/>
      </object_component>
      <object_component id="oc-430">
         <name>.text:SemaphoreP_create</name>
         <load_address>0x1006906</load_address>
         <run_address>0x1006906</run_address>
         <size>0x16</size>
         <input_file_ref idref="fl-1b"/>
      </object_component>
      <object_component id="oc-796">
         <name>.text:strchr</name>
         <load_address>0x100691c</load_address>
         <run_address>0x100691c</run_address>
         <size>0x16</size>
         <input_file_ref idref="fl-ff"/>
      </object_component>
      <object_component id="oc-15b">
         <name>.text:Board_init</name>
         <load_address>0x1006932</load_address>
         <run_address>0x1006932</run_address>
         <size>0x14</size>
         <input_file_ref idref="fl-3"/>
      </object_component>
      <object_component id="oc-a4">
         <name>.text:CPUcpsid</name>
         <load_address>0x1006946</load_address>
         <run_address>0x1006946</run_address>
         <size>0x14</size>
         <input_file_ref idref="fl-22"/>
      </object_component>
      <object_component id="oc-471">
         <name>.text:HwiP_inISR</name>
         <load_address>0x100695c</load_address>
         <run_address>0x100695c</run_address>
         <size>0x14</size>
         <input_file_ref idref="fl-1d"/>
      </object_component>
      <object_component id="oc-8bd">
         <name>.text:I2CSupport_masterFinish</name>
         <load_address>0x1006970</load_address>
         <run_address>0x1006970</run_address>
         <size>0x14</size>
         <input_file_ref idref="fl-13"/>
      </object_component>
      <object_component id="oc-37c">
         <name>.text:I2C_transfer</name>
         <load_address>0x1006984</load_address>
         <run_address>0x1006984</run_address>
         <size>0x14</size>
         <input_file_ref idref="fl-f"/>
      </object_component>
      <object_component id="oc-b0">
         <name>.text:IntVTableBaseSet</name>
         <load_address>0x1006998</load_address>
         <run_address>0x1006998</run_address>
         <size>0x14</size>
         <input_file_ref idref="fl-24"/>
      </object_component>
      <object_component id="oc-477">
         <name>.text:Power_disablePolicy</name>
         <load_address>0x10069ac</load_address>
         <run_address>0x10069ac</run_address>
         <size>0x14</size>
         <input_file_ref idref="fl-14"/>
      </object_component>
      <object_component id="oc-95f">
         <name>.text:Power_getDependencyCount</name>
         <load_address>0x10069c0</load_address>
         <run_address>0x10069c0</run_address>
         <size>0x14</size>
         <input_file_ref idref="fl-14"/>
      </object_component>
      <object_component id="oc-a79">
         <name>.text:releasePowerConstraint</name>
         <load_address>0x10069d4</load_address>
         <run_address>0x10069d4</run_address>
         <size>0x14</size>
         <input_file_ref idref="fl-17"/>
      </object_component>
      <object_component id="oc-53f">
         <name>.text:strlen</name>
         <load_address>0x10069e8</load_address>
         <run_address>0x10069e8</run_address>
         <size>0x14</size>
         <input_file_ref idref="fl-100"/>
      </object_component>
      <object_component id="oc-334">
         <name>.text:HwiP_Params_init</name>
         <load_address>0x10069fc</load_address>
         <run_address>0x10069fc</run_address>
         <size>0x12</size>
         <input_file_ref idref="fl-1d"/>
      </object_component>
      <object_component id="oc-677">
         <name>.text:I2CMasterIntClearEx</name>
         <load_address>0x1006a0e</load_address>
         <run_address>0x1006a0e</run_address>
         <size>0x12</size>
         <input_file_ref idref="fl-23"/>
      </object_component>
      <object_component id="oc-997">
         <name>.text:RingBuf_construct</name>
         <load_address>0x1006a20</load_address>
         <run_address>0x1006a20</run_address>
         <size>0x12</size>
         <input_file_ref idref="fl-19"/>
      </object_component>
      <object_component id="oc-726">
         <name>.text:TimerIntClear</name>
         <load_address>0x1006a32</load_address>
         <run_address>0x1006a32</run_address>
         <size>0x12</size>
         <input_file_ref idref="fl-27"/>
      </object_component>
      <object_component id="oc-120">
         <name>.text:main</name>
         <load_address>0x1006a44</load_address>
         <run_address>0x1006a44</run_address>
[...]
         <value>0x1006ac9</value>
         <object_component_ref idref="oc-2f5"/>
      </symbol>
      <symbol id="sm-b08">
         <name>HwiP_disableInterrupt</name>
         <value>0x1006b65</value>
         <object_component_ref idref="oc-6b6"/>
      </symbol>
      <symbol id="sm-b38">
         <name>PowerCC32XX_initPolicy</name>
         <value>0x1003413</value>
         <object_component_ref idref="oc-419"/>
      </symbol>
      <symbol id="sm-b39">
         <name>PowerCC32XX_sleepPolicy</name>
         <value>0x10020f9</value>
         <object_component_ref idref="oc-41f"/>
      </symbol>
      <symbol id="sm-b89">
         <name>resetISR</name>
         <value>0x1006759</value>
         <object_component_ref idref="oc-22"/>
      </symbol>
      <symbol id="sm-b8a">
         <name>resetVectorAddr</name>
         <value>0x100676c</value>
         <object_component_ref idref="oc-22"/>
      </symbol>
      <symbol id="sm-b8b">
         <name>initVectors</name>
         <value>0x1005f59</value>
         <object_component_ref idref="oc-5a"/>
      </symbol>
      <symbol id="sm-b8c">
         <name>resetVectors</name>
         <value>0x1000800</value>
         <object_component_ref idref="oc-28"/>
      </symbol>
      <symbol id="sm-bbc">
         <name>SwiP_disable</name>
         <value>0x10066d1</value>
         <object_component_ref idref="oc-5b5"/>
      </symbol>
      <symbol id="sm-bbd">
         <name>SwiP_restore</name>
         <value>0x1005aad</value>
         <object_component_ref idref="oc-5f5"/>
      </symbol>
      <symbol id="sm-bc8">
         <name>CPUcpsid</name>
         <value>0x1006947</value>
         <object_component_ref idref="oc-a4"/>
      </symbol>
      <symbol id="sm-c35">
         <name>I2CRxFIFOFlush</name>
         <value>0x10067bb</value>
         <object_component_ref idref="oc-8af"/>
      </symbol>
      <symbol id="sm-c36">
         <name>I2CTxFIFOFlush</name>
         <value>0x10067d3</value>
         <object_component_ref idref="oc-8a9"/>
      </symbol>
      <symbol id="sm-c37">
         <name>I2CFIFODataPutNonBlocking</name>
         <value>0x10063b3</value>
         <object_component_ref idref="oc-695"/>
      </symbol>
      <symbol id="sm-c38">
         <name>I2CMasterBusBusy</name>
         <value>0x1006773</value>
         <object_component_ref idref="oc-8b5"/>
      </symbol>
      <symbol id="sm-c39">
         <name>I2CMasterIntDisableEx</name>
         <value>0x100678b</value>
         <object_component_ref idref="oc-683"/>
      </symbol>
      <symbol id="sm-c3a">
         <name>I2CMasterBurstLengthSet</name>
         <value>0x10068c5</value>
         <object_component_ref idref="oc-890"/>
      </symbol>
      <symbol id="sm-c3b">
         <name>I2CMasterIntClearEx</name>
         <value>0x1006a0f</value>
         <object_component_ref idref="oc-677"/>
      </symbol>
      <symbol id="sm-c3c">
         <name>I2CMasterSlaveAddrSet</name>
         <value>0x100657d</value>
         <object_component_ref idref="oc-884"/>
      </symbol>
      <symbol id="sm-c3d">
         <name>I2CMasterIntEnableEx</name>
         <value>0x10067a3</value>
         <object_component_ref idref="oc-896"/>
      </symbol>
      <symbol id="sm-c3e">
         <name>I2CFIFOStatus</name>
         <value>0x1006ad9</value>
         <object_component_ref idref="oc-69b"/>
      </symbol>
      <symbol id="sm-c3f">
         <name>I2CMasterIntStatusEx</name>
         <value>0x1006621</value>
         <object_component_ref idref="oc-671"/>
      </symbol>
      <symbol id="sm-c40">
         <name>I2CFIFODataGetNonBlocking</name>
         <value>0x1006455</value>
         <object_component_ref idref="oc-87c"/>
      </symbol>
      <symbol id="sm-c85">
         <name>IntVTableBaseSet</name>
         <value>0x1006999</value>
         <object_component_ref idref="oc-b0"/>
      </symbol>
      <symbol id="sm-c86">
         <name>IntEnable</name>
         <value>0x1003dd5</value>
         <object_component_ref idref="oc-b6"/>
      </symbol>
      <symbol id="sm-c87">
         <name>IntMasterDisable</name>
         <value>0x1006c21</value>
         <object_component_ref idref="oc-54"/>
      </symbol>
      <symbol id="sm-c88">
         <name>IntPendSet</name>
         <value>0x1004485</value>
         <object_component_ref idref="oc-975"/>
      </symbol>
      <symbol id="sm-cc2">
         <name>PinModeGet</name>
         <value>0x1006145</value>
         <object_component_ref idref="oc-2cf"/>
      </symbol>
      <symbol id="sm-cc3">
         <name>PinConfigSet</name>
         <value>0x100450d</value>
         <object_component_ref idref="oc-328"/>
      </symbol>
      <symbol id="sm-cc4">
         <name>PinModeSet</name>
         <value>0x1005bfd</value>
         <object_component_ref idref="oc-2d5"/>
      </symbol>
      <symbol id="sm-cc5">
         <name>PinToPadGet</name>
         <value>0x10066b5</value>
         <object_component_ref idref="oc-943"/>
      </symbol>
      <symbol id="sm-d8e">
         <name>PRCMLPDSRestoreInfoSet</name>
         <value>0x10059e1</value>
         <object_component_ref idref="oc-957"/>
      </symbol>
      <symbol id="sm-d8f">
         <name>PRCMPeripheralReset</name>
         <value>0x1005175</value>
         <object_component_ref idref="oc-2c3"/>
      </symbol>
      <symbol id="sm-d90">
         <name>PRCMLPDSEnter</name>
         <value>0x10057a9</value>
         <object_component_ref idref="oc-7fd"/>
      </symbol>
      <symbol id="sm-d91">
         <name>PRCMPeripheralClkEnable</name>
         <value>0x10057f1</value>
         <object_component_ref idref="oc-2bd"/>
      </symbol>
      <symbol id="sm-d92">
         <name>PRCMLPDSEnterKeepDebugIf</name>
         <value>0x1005ee9</value>
         <object_component_ref idref="oc-803"/>
      </symbol>
      <symbol id="sm-d93">
         <name>PRCMCC3200MCUInit</name>
         <value>0x1001291</value>
         <object_component_ref idref="oc-1dd"/>
      </symbol>
      <symbol id="sm-d94">
         <name>PRCMHIBRegWrite</name>
         <value>0x10068f1</value>
         <object_component_ref idref="oc-2b1"/>
      </symbol>
      <symbol id="sm-d95">
         <name>PRCMSysResetCauseGet</name>
         <value>0x1004ffd</value>
         <object_component_ref idref="oc-2aa"/>
      </symbol>
      <symbol id="sm-d96">
         <name>PRCMPeripheralClkDisable</name>
         <value>0x10063dd</value>
         <object_component_ref idref="oc-2c9"/>
      </symbol>
      <symbol id="sm-d97">
         <name>PRCMHIBRegRead</name>
         <value>0x10068db</value>
         <object_component_ref idref="oc-2b7"/>
      </symbol>
      <symbol id="sm-ddf">
         <name>TimerLoadSet</name>
         <value>0x100635f</value>
         <object_component_ref idref="oc-710"/>
      </symbol>
      <symbol id="sm-de0">
         <name>TimerDisable</name>
         <value>0x100665d</value>
         <object_component_ref idref="oc-704"/>
      </symbol>
      <symbol id="sm-de1">
         <name>TimerEnable</name>
         <value>0x100667b</value>
         <object_component_ref idref="oc-73b"/>
      </symbol>
      <symbol id="sm-de2">
         <name>TimerIntDisable</name>
         <value>0x100681d</value>
         <object_component_ref idref="oc-a0a"/>
      </symbol>
      <symbol id="sm-de3">
         <name>TimerPrescaleSet</name>
         <value>0x1006389</value>
         <object_component_ref idref="oc-70a"/>
      </symbol>
      <symbol id="sm-de4">
         <name>TimerControlStall</name>
         <value>0x1006039</value>
         <object_component_ref idref="oc-716"/>
      </symbol>
      <symbol id="sm-de5">
         <name>TimerIntEnable</name>
         <value>0x1006835</value>
         <object_component_ref idref="oc-72f"/>
      </symbol>
      <symbol id="sm-de6">
         <name>TimerIntClear</name>
         <value>0x1006a33</value>
         <object_component_ref idref="oc-726"/>
      </symbol>
      <symbol id="sm-dfa">
         <name>UARTBusy</name>
         <value>0x100684d</value>
         <object_component_ref idref="oc-9ec"/>
      </symbol>
      <symbol id="sm-dfb">
         <name>UARTIntEnable</name>
         <value>0x1006865</value>
         <object_component_ref idref="oc-a7f"/>
      </symbol>
      <symbol id="sm-dff">
         <name>UtilsDelay</name>
         <value>0x1006c69</value>
         <object_component_ref idref="oc-2b0"/>
      </symbol>
      <symbol id="sm-e0f">
         <name>FlashDisable</name>
         <value>0x10056d1</value>
         <object_component_ref idref="oc-96d"/>
      </symbol>
      <symbol id="sm-e3e">
         <name>snprintf</name>
         <value>0x1005685</value>
         <object_component_ref idref="oc-23f"/>
      </symbol>
      <symbol id="sm-e48">
         <name>__aeabi_fmul</name>
         <value>0x100499f</value>
         <object_component_ref idref="oc-3aa"/>
      </symbol>
      <symbol id="sm-e52">
         <name>__aeabi_f2iz</name>
         <value>0x1005fc9</value>
         <object_component_ref idref="oc-3af"/>
      </symbol>
      <symbol id="sm-e5d">
         <name>__aeabi_i2f</name>
         <value>0x1006001</value>
         <object_component_ref idref="oc-3a5"/>
      </symbol>
      <symbol id="sm-e66">
         <name>__aeabi_lmul</name>
         <value>0x10068ad</value>
         <object_component_ref idref="oc-5e4"/>
      </symbol>
      <symbol id="sm-e81">
         <name>memcpy</name>
         <value>0x10041a5</value>
         <object_component_ref idref="oc-3c"/>
      </symbol>
      <symbol id="sm-e82">
         <name>__aeabi_memcpy</name>
         <value>0x10041a5</value>
         <object_component_ref idref="oc-3c"/>
      </symbol>
      <symbol id="sm-e83">
         <name>__aeabi_memcpy8</name>
         <value>0x10041a5</value>
         <object_component_ref idref="oc-3c"/>
      </symbol>
      <symbol id="sm-e84">
         <name>__aeabi_memcpy4</name>
         <value>0x10041a5</value>
         <object_component_ref idref="oc-3c"/>
      </symbol>
      <symbol id="sm-e91">
         <name>__aeabi_uldivmod</name>
         <value>0x1004241</value>
         <object_component_ref idref="oc-5d9"/>
      </symbol>
      <symbol id="sm-ea3">
         <name>__TI_zero_init</name>
         <value>0x1006bdd</value>
         <object_component_ref idref="oc-4e"/>
      </symbol>
      <symbol id="sm-eba">
         <name>__TI_decompress_none</name>
         <value>0x1006bab</value>
         <object_component_ref idref="oc-1b"/>
      </symbol>
      <symbol id="sm-edd">
         <name>__TI_decompress_lzss</name>
         <value>0x1004d3d</value>
         <object_component_ref idref="oc-15"/>
      </symbol>
      <symbol id="sm-f66">
         <name>_sys_memory</name>
         <value>0x20000310</value>
         <object_component_ref idref="oc-2b"/>
      </symbol>
      <symbol id="sm-f67">
         <name>free</name>
         <value>0x1003501</value>
         <object_component_ref idref="oc-43b"/>
      </symbol>
      <symbol id="sm-f68">
         <name>memalign</name>
         <value>0x1003029</value>
         <object_component_ref idref="oc-641"/>
      </symbol>
      <symbol id="sm-f69">
         <name>malloc</name>
         <value>0x1006c45</value>
         <object_component_ref idref="oc-495"/>
      </symbol>
      <symbol id="sm-f6a">
         <name>aligned_alloc</name>
         <value>0x1003029</value>
         <object_component_ref idref="oc-641"/>
      </symbol>
      <symbol id="sm-f7c">
         <name>__stack</name>
         <value>0x2003f000</value>
         <object_component_ref idref="oc-2e"/>
      </symbol>
      <symbol id="sm-f7d">
         <name>_c_int00_noargs</name>
         <value>0x1006559</value>
         <object_component_ref idref="oc-c6"/>
      </symbol>
      <symbol id="sm-10e2">
         <name>__TI_printfi</name>
         <value>0x1000841</value>
         <object_component_ref idref="oc-3b9"/>
      </symbol>
      <symbol id="sm-10ec">
         <name>__aeabi_idiv0</name>
         <value>0x10063db</value>
         <object_component_ref idref="oc-7ce"/>
      </symbol>
      <symbol id="sm-10ed">
         <name>__aeabi_ldiv0</name>
         <value>0x10063db</value>
         <object_component_ref idref="oc-7ce"/>
      </symbol>
      <symbol id="sm-1104">
         <name>__aeabi_dsub</name>
         <value>0x1001f41</value>
         <object_component_ref idref="oc-76a"/>
      </symbol>
      <symbol id="sm-1105">
         <name>__aeabi_dadd</name>
         <value>0x1001f4b</value>
         <object_component_ref idref="oc-76a"/>
      </symbol>
      <symbol id="sm-1127">
         <name>__aeabi_cdcmpeq</name>
         <value>0x1004595</value>
         <object_component_ref idref="oc-551"/>
      </symbol>
      <symbol id="sm-1128">
         <name>__aeabi_cdcmple</name>
         <value>0x1004595</value>
         <object_component_ref idref="oc-551"/>
      </symbol>
      <symbol id="sm-1129">
         <name>__aeabi_cdrcmple</name>
         <value>0x100461b</value>
         <object_component_ref idref="oc-755"/>
      </symbol>
      <symbol id="sm-113d">
         <name>__aeabi_ddiv</name>
         <value>0x1002b91</value>
         <object_component_ref idref="oc-750"/>
      </symbol>
      <symbol id="sm-1148">
         <name>__aeabi_dmul</name>
         <value>0x1003225</value>
         <object_component_ref idref="oc-74b"/>
      </symbol>
      <symbol id="sm-1152">
         <name>__aeabi_d2iz</name>
         <value>0x10058c9</value>
         <object_component_ref idref="oc-75a"/>
      </symbol>
      <symbol id="sm-115c">
         <name>__aeabi_i2d</name>
         <value>0x10062d9</value>
         <object_component_ref idref="oc-765"/>
      </symbol>
      <symbol id="sm-116b">
         <name>__aeabi_memset</name>
         <value>0x1004a1b</value>
         <object_component_ref idref="oc-9e"/>
      </symbol>
      <symbol id="sm-116c">
         <name>memset</name>
         <value>0x1004a21</value>
         <object_component_ref idref="oc-9e"/>
      </symbol>
      <symbol id="sm-116d">
         <name>__aeabi_memset8</name>
         <value>0x1004a1b</value>
         <object_component_ref idref="oc-9e"/>
      </symbol>
      <symbol id="sm-116e">
         <name>__aeabi_memset4</name>
         <value>0x1004a1b</value>
         <object_component_ref idref="oc-9e"/>
      </symbol>
      <symbol id="sm-116f">
         <name>__aeabi_memclr8</name>
         <value>0x1004a19</value>
         <object_component_ref idref="oc-9e"/>
      </symbol>
      <symbol id="sm-1170">
         <name>__aeabi_memclr4</name>
         <value>0x1004a19</value>
         <object_component_ref idref="oc-9e"/>
      </symbol>
      <symbol id="sm-1171">
         <name>__aeabi_memclr</name>
         <value>0x1004a19</value>
         <object_component_ref idref="oc-9e"/>
      </symbol>
      <symbol id="sm-1199">
         <name>__TI_auto_init_nobinit_nopinit</name>
         <value>0x1005b79</value>
         <object_component_ref idref="oc-17a"/>
      </symbol>
      <symbol id="sm-11a3">
         <name>_system_pre_init</name>
         <value>0x1006c7f</value>
         <object_component_ref idref="oc-11a"/>
      </symbol>
      <symbol id="sm-11af">
         <name>C$$EXIT</name>
         <value>0x1006c83</value>
         <object_component_ref idref="oc-16e"/>
      </symbol>
      <symbol id="sm-11b0">
         <name>abort</name>
         <value>0x1006c83</value>
         <object_component_ref idref="oc-16e"/>
      </symbol>
      <symbol id="sm-11c5">
         <name>_nop</name>
         <value>0x1004b7f</value>
         <object_component_ref idref="oc-3e6"/>
      </symbol>
      <symbol id="sm-11c6">
         <name>_lock</name>
         <value>0x20008904</value>
         <object_component_ref idref="oc-262"/>
      </symbol>
      <symbol id="sm-11c7">
         <name>_unlock</name>
         <value>0x20008908</value>
         <object_component_ref idref="oc-262"/>
      </symbol>
      <symbol id="sm-11d6">
         <name>__TI_ltoa</name>
         <value>0x100527b</value>
         <object_component_ref idref="oc-75f"/>
      </symbol>
      <symbol id="sm-11ed">
         <name>atoi</name>
         <value>0x10055ed</value>
         <object_component_ref idref="oc-545"/>
      </symbol>
      <symbol id="sm-11f8">
         <name>_ctypes_</name>
         <value>0x1006c88</value>
         <object_component_ref idref="oc-744"/>
      </symbol>
      <symbol id="sm-1208">
         <name>memccpy</name>
         <value>0x1006709</value>
         <object_component_ref idref="oc-56e"/>
      </symbol>
      <symbol id="sm-1218">
         <name>strchr</name>
         <value>0x100691d</value>
         <object_component_ref idref="oc-796"/>
      </symbol>
      <symbol id="sm-1226">
         <name>strlen</name>
         <value>0x10069e9</value>
         <object_component_ref idref="oc-53f"/>
      </symbol>
      <symbol id="sm-123c">
         <name>__aeabi_errno_addr</name>
         <value>0x1006c3d</value>
         <object_component_ref idref="oc-57a"/>
      </symbol>
      <symbol id="sm-123d">
         <name>errno</name>
         <value>0x20008934</value>
         <object_component_ref idref="oc-7a6"/>
      </symbol>
      <symbol id="sm-1256">
         <name>wcslen</name>
         <value>0x1006a57</value>
         <object_component_ref idref="oc-574"/>
      </symbol>
      <symbol id="sm-1276">
         <name>frexpl</name>
         <value>0x10050bd</value>
         <object_component_ref idref="oc-78a"/>
      </symbol>
      <symbol id="sm-1277">
         <name>frexp</name>
         <value>0x10050bd</value>
         <object_component_ref idref="oc-78a"/>
      </symbol>
      <symbol id="sm-1295">
         <name>scalbn</name>
         <value>0x10035e5</value>
         <object_component_ref idref="oc-790"/>
      </symbol>
      <symbol id="sm-1296">
         <name>scalbnl</name>
         <value>0x10035e5</value>
         <object_component_ref idref="oc-790"/>
      </symbol>
      <symbol id="sm-1297">
         <name>ldexpl</name>
         <value>0x10035e5</value>
         <object_component_ref idref="oc-790"/>
      </symbol>
      <symbol id="sm-1298">
         <name>ldexp</name>
         <value>0x10035e5</value>
         <object_component_ref idref="oc-790"/>
      </symbol>
      <symbol id="sm-12a2">
         <name>copysign</name>
         <value>0x1006bd1</value>
         <object_component_ref idref="oc-90d"/>
      </symbol>
      <symbol id="sm-12a3">
         <name>copysignl</name>
         <value>0x1006bd1</value>
         <object_component_ref idref="oc-90d"/>
      </symbol>
      <symbol id="sm-12a4">
         <name>__TI_static_base__</name>
         <value>0x1007168</value>
      </symbol>
      <symbol id="sm-12a7">
         <name>ITM_flush</name>
         <value>0x0</value>
      </symbol>
      <symbol id="sm-12a8">
         <name>ITM_restore</name>
         <value>0x0</value>
      </symbol>
      <symbol id="sm-12a9">
         <name>__mpu_init</name>
         <value>0x0</value>
      </symbol>
      <symbol id="sm-12aa">
         <name>_system_post_cinit</name>
         <value>0x0</value>
      </symbol>
      <symbol id="sm-12ab">
         <name>NoRTOS_start</name>
         <value>0x1006b73</value>
      </symbol>
   </symbol_table>
   <title>Link successful</title>
</link_info>
