******************************************************************************
                  TI ARM Linker PC v20.2.7                     
******************************************************************************
>> Linked Wed Apr 12 15:33:39 2023

OUTPUT FILE NAME:   <gpiointerrupt_CC3220SF_LAUNCHXL_nortos_ccs.out>
ENTRY POINT SYMBOL: "resetISR"  address: 01006759


MEMORY CONFIGURATION

         name            origin    length      used     unused   attr    fill
----------------------  --------  ---------  --------  --------  ----  --------
  FLASH_HDR             01000000   000007ff  00000000  000007ff  R  X
  FLASH                 01000800   000ff800  00006a5e  000f8da2  R  X
  SRAM                  20000000   00040000  00009e41  000361bf  RW X
  LOG_DATA              90000000   00040000  00000000  00040000  R   


SEGMENT ALLOCATION MAP

run origin  load origin   length   init length attrs members
----------  ----------- ---------- ----------- ----- -------
01000800    01000800    00006a60   00006a60    r-x
  01000800    01000800    00000040   00000040    r-- .resetVecs
  01000840    01000840    00006446   00006446    r-x .text
  01006c88    01006c88    000004e0   000004e0    r-- .const
  01007168    01007168    000000f8   000000f8    r-- .cinit
20000310    20000310    00008b3c   00000000    rw-
  20000310    20000310    00008000   00000000    rw- .sysmem
  20008310    20008310    00000629   00000000    rw- .data
  20008940    20008940    0000050c   00000000    rw- .bss
2003f000    2003f000    00001000   00000000    rw-
  2003f000    2003f000    00001000   00000000    rw- .stack


SECTION ALLOCATION MAP

 output                                  attributes/
section   page    origin      length       input sections
--------  ----  ----------  ----------   ----------------
.resetVecs 
*          0    01000800    00000040     
                  01000800    00000040     nortos_cc32xx.a : startup_cc32xx_ccs.oem4 (.resetVecs:retain)

.text      0    01000840    00006446     
                  01000840    00000a4e     rtsv7M4_T_le_eabi.lib : _printfi.c.obj (.text:__TI_printfi)
                  0100128e    00000002     ti_drivers_config.obj (.text:Board_initHook)
                  01001290    0000042c     driverlib.a : prcm.obj (.text:PRCMCC3200MCUInit)
                  010016bc    00000288     drivers_cc32xx.a : UARTCC32XX.oem4 (.text:UARTCC32XX_open)
                  01001944    00000268     rtsv7M4_T_le_eabi.lib : _printfi.c.obj (.text:_pconv_a)
                  01001bac    000001cc                           : _printfi.c.obj (.text:_pconv_g)
                  01001d78    000001c8     gpiointerrupt.obj (.text:initI2C)
                  01001f40    000001b6     rtsv7M4_T_le_eabi.lib : fd_add_t2.asm.obj (.text)
                  010020f6    00000002     drivers_cc32xx.a : I2C.oem4 (.text:I2C_init)
                  010020f8    000001a0     nortos_cc32xx.a : PowerCC32XX_nortos.oem4 (.text:PowerCC32XX_sleepPolicy)
                  01002298    00000168     gpiointerrupt.obj (.text:mainThread)
                  01002400    00000154     drivers_cc32xx.a : GPIOCC32XX.oem4 (.text:GPIO_setConfig)
                  01002554    00000148                      : I2CCC32XX.oem4 (.text:I2CCC32XX_hwiFxn)
                  0100269c    00000148                      : PowerCC32XX.oem4 (.text:parkPins)
                  010027e4    0000013c     rtsv7M4_T_le_eabi.lib : _printfi.c.obj (.text:_pconv_e)
                  01002920    00000138     drivers_cc32xx.a : PowerCC32XX.oem4 (.text:Power_sleep)
                  01002a58    00000138                      : TimerCC32XX.oem4 (.text:Timer_open)
                  01002b90    00000136     rtsv7M4_T_le_eabi.lib : fd_div_t2.asm.obj (.text)
                  01002cc6    00000122     drivers_cc32xx.a : I2C.oem4 (.text:I2C_transferTimeout)
                  01002de8    00000120                      : UARTCC32XX.oem4 (.text:UARTCC32XX_close)
                  01002f08    00000120     rtsv7M4_T_le_eabi.lib : _printfi.c.obj (.text:fcvt)
                  01003028    00000100                           : memory.c.obj (.text:aligned_alloc)
                  01003128    000000fc     drivers_cc32xx.a : I2CCC32XX.oem4 (.text:I2C_open)
                  01003224    000000fc     rtsv7M4_T_le_eabi.lib : fd_mul_t2.asm.obj (.text)
                  01003320    000000f2     drivers_cc32xx.a : UARTCC32XX.oem4 (.text:UARTCC32XX_control)
                  01003412    00000002     nortos_cc32xx.a : PowerCC32XX_nortos.oem4 (.text:PowerCC32XX_initPolicy)
                  01003414    000000ec     gpiointerrupt.obj (.text:readTemp)
                  01003500    000000e4     rtsv7M4_T_le_eabi.lib : memory.c.obj (.text:free)
                  010035e4    000000d0                           : s_scalbn.c.obj (.text:scalbn)
                  010036b4    000000ca     drivers_cc32xx.a : UARTCC32XX.oem4 (.text:UARTCC32XX_write)
                  0100377e    00000002     nortos_cc32xx.a : SemaphoreP_nortos.oem4 (.text:SemaphoreP_destruct)
                  01003780    000000c0     drivers_cc32xx.a : PowerCC32XX.oem4 (.text:restoreParkedPins)
                  01003840    000000ba                      : UARTCC32XX.oem4 (.text:UARTCC32XX_readPolling)
                  010038fa    00000002                      : Timer.oem4 (.text:Timer_init)
                  010038fc    000000b8                      : UARTCC32XX.oem4 (.text:initHw)
                  010039b4    000000b6                      : UARTCC32XX.oem4 (.text:readTaskCallback)
                  01003a6a    000000b2                      : I2CCC32XX.oem4 (.text:I2CCC32XX_completeTransfer)
                  01003b1c    000000b1     rtsv7M4_T_le_eabi.lib : _printfi.c.obj (.text:_ltostr)
                  01003bcd    00000001     --HOLE-- [fill = 0]
                  01003bce    000000b0     drivers_cc32xx.a : UARTCC32XX.oem4 (.text:readTaskBlocking)
                  01003c7e    000000ae                      : UARTCC32XX.oem4 (.text:readIsrTextBlocking)
                  01003d2c    000000a8                      : I2CCC32XX.oem4 (.text:I2CCC32XX_primeWriteBurst)
                  01003dd4    000000a8     driverlib.a : interrupt.obj (.text:IntEnable)
                  01003e7c    000000a8     drivers_cc32xx.a : PowerCC32XX.oem4 (.text:PowerCC32XX_configureWakeup)
                  01003f24    000000a2                      : UARTCC32XX.oem4 (.text:readIsrTextCallback)
                  01003fc6    000000a2                      : UARTCC32XX.oem4 (.text:writeData)
                  01004068    000000a0     nortos_cc32xx.a : SemaphoreP_nortos.oem4 (.text:SemaphoreP_pend)
                  01004108    0000009c     drivers_cc32xx.a : I2CCC32XX.oem4 (.text:I2CCC32XX_initHw)
                  010041a4    0000009c     rtsv7M4_T_le_eabi.lib : memcpy_t2.asm.obj (.text)
                  01004240    00000096                           : ull_div_t2.asm.obj (.text)
                  010042d6    00000002     drivers_cc32xx.a : UARTCC32XX.oem4 (.text:UARTCC32XX_init)
                  010042d8    00000090                      : GPIOCC32XX.oem4 (.text:GPIO_init)
                  01004368    00000090                      : PowerCC32XX.oem4 (.text:restoreNVICRegs)
                  010043f8    0000008c     nortos_cc32xx.a : HwiPCC32XX_nortos.oem4 (.text:HwiP_construct)
                  01004484    00000088     driverlib.a : interrupt.obj (.text:IntPendSet)
                  0100450c    00000088                 : pin.obj (.text:PinConfigSet)
                  01004594    00000086     rtsv7M4_T_le_eabi.lib : fd_cmp_t2.asm.obj (.text:__aeabi_cdcmple)
                  0100461a    00000086                           : fd_cmp_t2.asm.obj (.text:__aeabi_cdrcmple)
                  010046a0    00000084     drivers_cc32xx.a : PowerCC32XX.oem4 (.text:Power_init)
                  01004724    00000084                      : PowerCC32XX.oem4 (.text:saveNVICRegs)
                  010047a8    00000080                      : GPIOCC32XX.oem4 (.text:GPIO_write)
                  01004828    00000080                      : PowerCC32XX.oem4 (.text:Power_setDependency)
                  010048a8    0000007c                      : UARTCC32XX.oem4 (.text:readIsrBinaryBlocking)
                  01004924    0000007a                      : I2CCC32XX.oem4 (.text:I2CCC32XX_primeReadBurst)
                  0100499e    0000007a     rtsv7M4_T_le_eabi.lib : fs_mul_t2.asm.obj (.text)
                  01004a18    0000007a                           : memset_t2.asm.obj (.text)
                  01004a92    00000078     drivers_cc32xx.a : UARTCC32XX.oem4 (.text:readIsrBinaryCallback)
                  01004b0a    00000074                      : UARTCC32XX.oem4 (.text:UARTCC32XX_hwiIntFxn)
                  01004b7e    00000002     rtsv7M4_T_le_eabi.lib : _lock.c.obj (.text:_nop)
                  01004b80    00000074     drivers_cc32xx.a : GPIOCC32XX.oem4 (.text:powerNotifyFxn)
                  01004bf4    00000070     rtsv7M4_T_le_eabi.lib : memory.c.obj (.text:split)
                  01004c64    0000006e                           : _printfi.c.obj (.text:_mcpy)
                  01004cd2    0000006a     drivers_cc32xx.a : I2CCC32XX.oem4 (.text:I2CSupport_primeTransfer)
                  01004d3c    00000068     rtsv7M4_T_le_eabi.lib : copy_decompress_lzss.c.obj (.text:decompress:lzss:__TI_decompress_lzss)
                  01004da4    00000066     drivers_cc32xx.a : UARTCC32XX.oem4 (.text:UARTCC32XX_writeCancel)
                  01004e0a    00000002     nortos_cc32xx.a : startup_cc32xx_ccs.oem4 (.text:busFaultHandler)
                  01004e0c    00000064     drivers_cc32xx.a : GPIOCC32XX.oem4 (.text:GPIO_setInterruptConfig)
                  01004e70    00000064                      : PowerCC32XX.oem4 (.text:PowerCC32XX_setParkState)
                  01004ed4    00000064     gpiointerrupt.obj (.text:TickFnct_Count)
                  01004f38    00000062     drivers_cc32xx.a : UARTCC32XX.oem4 (.text:UARTCC32XX_writePolling)
                  01004f9a    00000002     nortos_cc32xx.a : SemaphoreP_nortos.oem4 (.text:clkFxn)
                  01004f9c    00000060     drivers_cc32xx.a : GPIOCC32XX.oem4 (.text:GPIO_hwiIntFxn)
                  01004ffc    00000060     driverlib.a : prcm.obj (.text:PRCMSysResetCauseGet)
                  0100505c    00000060     gpiointerrupt.obj (.text:TickFnct_Heat)
                  010050bc    0000005c     rtsv7M4_T_le_eabi.lib : s_frexp.c.obj (.text:frexp)
                  01005118    0000005c     nortos_cc32xx.a : ClockPSysTick_nortos.oem4 (.text:sysTickInit)
                  01005174    00000058     driverlib.a : prcm.obj (.text:PRCMPeripheralReset)
                  010051cc    00000058     drivers_cc32xx.a : PowerCC32XX.oem4 (.text:Power_releaseDependency)
                  01005224    00000056     rtsv7M4_T_le_eabi.lib : _printfi.c.obj (.text:_pconv_f)
                  0100527a    00000054                           : _ltoa.c.obj (.text:__TI_ltoa)
                  010052ce    00000054     drivers_cc32xx.a : UARTCC32XX.oem4 (.text:ringBufGet)
                  01005322    00000052                      : PowerCC32XX_asm.oem4 (.text:PowerCC32XX_resumeLPDS)
                  01005374    00000052     rtsv7M4_T_le_eabi.lib : _printfi.c.obj (.text:_ecpy)
                  010053c6    00000052     drivers_cc32xx.a : TimerCC32XX.oem4 (.text:initHw)
                  01005418    00000050     nortos_cc32xx.a : ClockPSysTick_nortos.oem4 (.text:ClockP_sysTickHandler)
                  01005468    00000050                     : SemaphoreP_nortos.oem4 (.text:SemaphoreP_construct)
                  010054b8    00000050     drivers_cc32xx.a : TimerCC32XX.oem4 (.text:TimerCC32XX_allocateTimerResource)
                  01005508    0000004c                      : I2CCC32XX.oem4 (.text:I2CCC32XX_readRecieveFifo)
                  01005554    0000004c                      : PowerCC32XX.oem4 (.text:PowerCC32XX_parkPin)
                  010055a0    0000004c     gpiointerrupt.obj (.text:TickFnct_LED)
                  010055ec    0000004c     rtsv7M4_T_le_eabi.lib : atoi.c.obj (.text:atoi)
                  01005638    0000004c     drivers_cc32xx.a : PowerCC32XX.oem4 (.text:restorePeriphClocks)
                  01005684    0000004c     rtsv7M4_T_le_eabi.lib : snprintf.c.obj (.text:snprintf)
                  010056d0    00000048     driverlib.a : flash.obj (.text:FlashDisable)
                  01005718    00000048     drivers_cc32xx.a : GPIOCC32XX.oem4 (.text:GPIO_disableInt)
                  01005760    00000048                      : GPIOCC32XX.oem4 (.text:GPIO_enableInt)
                  010057a8    00000048     driverlib.a : prcm.obj (.text:PRCMLPDSEnter)
                  010057f0    00000048                 : prcm.obj (.text:PRCMPeripheralClkEnable)
                  01005838    00000048     drivers_cc32xx.a : PowerCC32XX.oem4 (.text:Power_releaseConstraint)
                  01005880    00000048     gpiointerrupt.obj (.text:initTimer)
                  010058c8    00000048     rtsv7M4_T_le_eabi.lib : fd_toi_t2.asm.obj (.text)
                  01005910    00000046     drivers_cc32xx.a : RingBuf.oem4 (.text:RingBuf_put)
                  01005956    00000046                      : TimerCC32XX.oem4 (.text:getPrescaler)
                  0100599c    00000044     nortos_cc32xx.a : ClockPSysTick_nortos.oem4 (.text:ClockP_stop)
                  010059e0    00000044     driverlib.a : prcm.obj (.text:PRCMLPDSRestoreInfoSet)
                  01005a24    00000044     drivers_cc32xx.a : PowerCC32XX_asm.oem4 (.text:PowerCC32XX_enterLPDS)
                  01005a68    00000044     nortos_cc32xx.a : SemaphoreP_nortos.oem4 (.text:SemaphoreP_post)
                  01005aac    00000044                     : SwiP_nortos.oem4 (.text:SwiP_restore)
                  01005af0    00000044     drivers_cc32xx.a : Timer.oem4 (.text:Timer_start)
                  01005b34    00000044                      : UART.oem4 (.text:UART_init)
                  01005b78    00000044     rtsv7M4_T_le_eabi.lib : autoinit.c.obj (.text:__TI_auto_init_nobinit_nopinit:__TI_auto_init_nobinit_nopinit)
                  01005bbc    00000040     nortos_cc32xx.a : ClockPSysTick_nortos.oem4 (.text:ClockP_construct)
                  01005bfc    00000040     driverlib.a : pin.obj (.text:PinModeSet)
                  01005c3c    00000040     drivers_cc32xx.a : RingBuf.oem4 (.text:RingBuf_get)
                  01005c7c    00000040                      : TimerCC32XX.oem4 (.text:TimerSupport_timerEnable)
                  01005cbc    00000040                      : TimerCC32XX.oem4 (.text:Timer_close)
                  01005cfc    00000040                      : UARTCC32XX.oem4 (.text:UARTCC32XX_read)
                  01005d3c    00000040                      : UART.oem4 (.text:UART_open)
                  01005d7c    0000003e     rtsv7M4_T_le_eabi.lib : _printfi.c.obj (.text:_fcpy)
                  01005dba    00000002     nortos_cc32xx.a : startup_cc32xx_ccs.oem4 (.text:defaultHandler)
                  01005dbc    0000003c                     : ClockPSysTick_nortos.oem4 (.text:ClockP_destruct)
                  01005df8    0000003c     drivers_cc32xx.a : PowerCC32XX.oem4 (.text:Power_setConstraint)
                  01005e34    0000003c     gpiointerrupt.obj (.text:TickFnct_Button)
                  01005e70    0000003c     gpiointerrupt.obj (.text:initUART)
                  01005eac    0000003a     nortos_cc32xx.a : PowerCC32XX_nortos.oem4 (.text:getCountsRTC)
                  01005ee6    00000002                     : startup_cc32xx_ccs.oem4 (.text:faultISR)
                  01005ee8    00000038     driverlib.a : prcm.obj (.text:PRCMLPDSEnterKeepDebugIf)
                  01005f20    00000038     nortos_cc32xx.a : ClockPSysTick_nortos.oem4 (.text:addToList)
                  01005f58    00000038                     : startup_cc32xx_ccs.oem4 (.text:initVectors)
                  01005f90    00000038     drivers_cc32xx.a : PowerCC32XX.oem4 (.text:notify)
                  01005fc8    00000038     rtsv7M4_T_le_eabi.lib : fs_toi_t2.asm.obj (.text)
                  01006000    00000038                           : i_tofs_t2.asm.obj (.text)
                  01006038    00000036     driverlib.a : timer.obj (.text:TimerControlStall)
                  0100606e    00000036     drivers_cc32xx.a : Timer.oem4 (.text:Timer_stop)
                  010060a4    00000036                      : UARTCC32XX.oem4 (.text:UARTCC32XX_readCancel)
                  010060da    00000002     gpiointerrupt.obj (.text:gpioButtonFxn1)
                  010060dc    00000034     nortos_cc32xx.a : ClockPSysTick_nortos.oem4 (.text:ClockP_getTicksUntilInterrupt)
                  01006110    00000034                     : ClockPSysTick_nortos.oem4 (.text:ClockP_startup)
                  01006144    00000034     driverlib.a : pin.obj (.text:PinModeGet)
                  01006178    00000034     drivers_cc32xx.a : PowerCC32XX.oem4 (.text:PowerCC32XX_restoreParkState)
                  010061ac    00000034                      : TimerCC32XX.oem4 (.text:TimerCC32XX_freeTimerResource)
                  010061e0    00000034                      : TimerCC32XX.oem4 (.text:TimerCC32XX_hwiIntFunction)
                  01006214    00000034                      : TimerCC32XX.oem4 (.text:getPowerMgrId)
                  01006248    00000030     nortos_cc32xx.a : ClockPSysTick_nortos.oem4 (.text:ClockP_start)
                  01006278    00000030     drivers_cc32xx.a : PowerCC32XX.oem4 (.text:PowerCC32XX_restoreParkedPin)
                  010062a8    00000030     rtsv7M4_T_le_eabi.lib : snprintf.c.obj (.text:_outs)
                  010062d8    0000002e                           : i_tofd_t2.asm.obj (.text)
                  01006306    00000002     nortos_cc32xx.a : startup_cc32xx_ccs.oem4 (.text:nmiISR)
                  01006308    0000002c     drivers_cc32xx.a : PowerCC32XX.oem4 (.text:PowerCC32XX_getParkState)
                  01006334    0000002a     nortos_cc32xx.a : HwiPCC32XX_nortos.oem4 (.text:HwiP_create)
                  0100635e    0000002a     driverlib.a : timer.obj (.text:TimerLoadSet)
                  01006388    0000002a                 : timer.obj (.text:TimerPrescaleSet)
                  010063b2    00000028                 : i2c.obj (.text:I2CFIFODataPutNonBlocking)
                  010063da    00000002     rtsv7M4_T_le_eabi.lib : div0.asm.obj (.text)
                  010063dc    00000028     driverlib.a : prcm.obj (.text:PRCMPeripheralClkDisable)
                  01006404    00000028     drivers_cc32xx.a : PowerCC32XX.oem4 (.text:Power_registerNotify)
                  0100642c    00000028     rtsv7M4_T_le_eabi.lib : memory.c.obj (.text:free_list_insert)
                  01006454    00000026     driverlib.a : i2c.obj (.text:I2CFIFODataGetNonBlocking)
                  0100647a    00000026     drivers_cc32xx.a : I2C.oem4 (.text:I2C_cancel)
                  010064a0    00000026                      : List.oem4 (.text:List_put)
                  010064c6    00000026                      : List.oem4 (.text:List_remove)
                  010064ec    00000024     nortos_cc32xx.a : HwiPCC32XX_nortos.oem4 (.text:HwiP_dispatch)
                  01006510    00000024     drivers_cc32xx.a : PowerCC32XX.oem4 (.text:PowerCC32XX_reset)
                  01006534    00000024                      : TimerCC32XX.oem4 (.text:TimerSupport_timerDisable)
                  01006558    00000024     rtsv7M4_T_le_eabi.lib : boot_cortex_m.c.obj (.text:_c_int00_noargs:_c_int00_noargs)
                  0100657c    00000022     driverlib.a : i2c.obj (.text:I2CMasterSlaveAddrSet)
                  0100659e    00000020     nortos_cc32xx.a : HwiPCC32XX_nortos.oem4 (.text:HwiP_destruct)
                  010065be    00000002     --HOLE-- [fill = 0]
                  010065c0    00000020     drivers_cc32xx.a : PowerCC32XX.oem4 (.text:Power_unregisterNotify)
                  010065e0    00000020                      : RingBuf.oem4 (.text:RingBuf_peek)
                  01006600    00000020                      : UARTCC32XX.oem4 (.text:getPowerMgrId)
                  01006620    0000001e     driverlib.a : i2c.obj (.text:I2CMasterIntStatusEx)
                  0100663e    0000001e     nortos_cc32xx.a : SemaphoreP_nortos.oem4 (.text:SemaphoreP_constructBinary)
                  0100665c    0000001e     driverlib.a : timer.obj (.text:TimerDisable)
                  0100667a    0000001e                 : timer.obj (.text:TimerEnable)
                  01006698    0000001c     drivers_cc32xx.a : GPIO.oem4 (.text:GPIO_setCallback)
                  010066b4    0000001c     driverlib.a : pin.obj (.text:PinToPadGet)
                  010066d0    0000001c     nortos_cc32xx.a : SwiP_nortos.oem4 (.text:SwiP_disable)
                  010066ec    0000001c     rtsv7M4_T_le_eabi.lib : memory.c.obj (.text:free_list_remove)
                  01006708    0000001c                           : memccpy.c.obj (.text:memccpy)
                  01006724    0000001a     nortos_cc32xx.a : ClockPSysTick_nortos.oem4 (.text:ClockP_create)
                  0100673e    0000001a                     : SemaphoreP_nortos.oem4 (.text:SemaphoreP_createBinary)
                  01006758    0000001a                     : startup_cc32xx_ccs.oem4 (.text:resetISR)
                  01006772    00000018     driverlib.a : i2c.obj (.text:I2CMasterBusBusy)
                  0100678a    00000018                 : i2c.obj (.text:I2CMasterIntDisableEx)
                  010067a2    00000018                 : i2c.obj (.text:I2CMasterIntEnableEx)
                  010067ba    00000018                 : i2c.obj (.text:I2CRxFIFOFlush)
                  010067d2    00000018                 : i2c.obj (.text:I2CTxFIFOFlush)
                  010067ea    00000002     --HOLE-- [fill = 0]
                  010067ec    00000018     drivers_cc32xx.a : PowerCC32XX.oem4 (.text:Power_getTransitionLatency)
                  01006804    00000018                      : PowerCC32XX.oem4 (.text:Power_idleFunc)
                  0100681c    00000018     driverlib.a : timer.obj (.text:TimerIntDisable)
                  01006834    00000018                 : timer.obj (.text:TimerIntEnable)
                  0100684c    00000018                 : uart.obj (.text:UARTBusy)
                  01006864    00000018                 : uart.obj (.text:UARTIntEnable)
                  0100687c    00000018     drivers_cc32xx.a : UART.oem4 (.text:UART_Params_init)
                  01006894    00000018     rtsv7M4_T_le_eabi.lib : snprintf.c.obj (.text:_outc)
                  010068ac    00000018                           : ll_mul_t2.asm.obj (.text)
                  010068c4    00000016     driverlib.a : i2c.obj (.text:I2CMasterBurstLengthSet)
                  010068da    00000016                 : prcm.obj (.text:PRCMHIBRegRead)
                  010068f0    00000016                 : prcm.obj (.text:PRCMHIBRegWrite)
                  01006906    00000016     nortos_cc32xx.a : SemaphoreP_nortos.oem4 (.text:SemaphoreP_create)
                  0100691c    00000016     rtsv7M4_T_le_eabi.lib : strchr.c.obj (.text:strchr)
                  01006932    00000014     ti_drivers_config.obj (.text:Board_init)
                  01006946    00000014     driverlib.a : cpu.obj (.text:CPUcpsid)
                  0100695a    00000002     --HOLE-- [fill = 0]
                  0100695c    00000014     nortos_cc32xx.a : HwiPCC32XX_nortos.oem4 (.text:HwiP_inISR)
                  01006970    00000014     drivers_cc32xx.a : I2CCC32XX.oem4 (.text:I2CSupport_masterFinish)
                  01006984    00000014                      : I2C.oem4 (.text:I2C_transfer)
                  01006998    00000014     driverlib.a : interrupt.obj (.text:IntVTableBaseSet)
                  010069ac    00000014     drivers_cc32xx.a : PowerCC32XX.oem4 (.text:Power_disablePolicy)
                  010069c0    00000014                      : PowerCC32XX.oem4 (.text:Power_getDependencyCount)
                  010069d4    00000014                      : UARTCC32XX.oem4 (.text:releasePowerConstraint)
                  010069e8    00000014     rtsv7M4_T_le_eabi.lib : strlen.c.obj (.text:strlen)
                  010069fc    00000012     nortos_cc32xx.a : HwiPCC32XX_nortos.oem4 (.text:HwiP_Params_init)
                  01006a0e    00000012     driverlib.a : i2c.obj (.text:I2CMasterIntClearEx)
                  01006a20    00000012     drivers_cc32xx.a : RingBuf.oem4 (.text:RingBuf_construct)
                  01006a32    00000012     driverlib.a : timer.obj (.text:TimerIntClear)
                  01006a44    00000012     main_nortos.obj (.text:main)
                  01006a56    00000012     rtsv7M4_T_le_eabi.lib : wcslen.c.obj (.text:wcslen)
                  01006a68    00000010     nortos_cc32xx.a : ClockPSysTick_nortos.oem4 (.text:ClockP_add)
                  01006a78    00000010                     : ClockPSysTick_nortos.oem4 (.text:ClockP_delete)
                  01006a88    00000010                     : ClockPSysTick_nortos.oem4 (.text:ClockP_getCpuFreq)
                  01006a98    00000010                     : ClockPSysTick_nortos.oem4 (.text:ClockP_getSystemTicks)
                  01006aa8    00000010                     : ClockPSysTick_nortos.oem4 (.text:ClockP_setTicks)
                  01006ab8    00000010                     : HwiPCC32XX_nortos.oem4 (.text:HwiP_delete)
                  01006ac8    00000010                     : HwiPCC32XX_nortos.oem4 (.text:HwiP_restore)
                  01006ad8    00000010     driverlib.a : i2c.obj (.text:I2CFIFOStatus)
                  01006ae8    00000010     drivers_cc32xx.a : I2C.oem4 (.text:I2C_Params_init)
                  01006af8    00000010                      : PowerCC32XX.oem4 (.text:Power_enablePolicy)
                  01006b08    00000010     nortos_cc32xx.a : SemaphoreP_nortos.oem4 (.text:SemaphoreP_Params_init)
                  01006b18    00000010     drivers_cc32xx.a : Timer.oem4 (.text:Timer_Params_init)
                  01006b28    00000010     gpiointerrupt.obj (.text:gpioButtonFxn0)
                  01006b38    00000010     drivers_cc32xx.a : UARTCC32XX.oem4 (.text:readBlockingTimeout)
                  01006b48    0000000e     nortos_cc32xx.a : HwiPCC32XX_nortos.oem4 (.text:HwiP_clearInterrupt)
                  01006b56    0000000e                     : HwiPCC32XX_nortos.oem4 (.text:HwiP_disable)
                  01006b64    0000000e                     : HwiPCC32XX_nortos.oem4 (.text:HwiP_disableInterrupt)
                  01006b72    0000000e                     : HwiPCC32XX_nortos.oem4 (.text:HwiP_enable)
                  01006b80    0000000e                     : HwiPCC32XX_nortos.oem4 (.text:HwiP_enableInterrupt)
                  01006b8e    0000000e     drivers_cc32xx.a : I2CCC32XX.oem4 (.text:I2CCC32XX_updateReg)
                  01006b9c    0000000e                      : RingBuf.oem4 (.text:RingBuf_isFull)
                  01006baa    0000000e     rtsv7M4_T_le_eabi.lib : copy_decompress_none.c.obj (.text:decompress:none:__TI_decompress_none)
                  01006bb8    0000000c     drivers_cc32xx.a : I2CCC32XX.oem4 (.text:I2CCC32XX_postNotify)
                  01006bc4    0000000c                      : PowerCC32XX.oem4 (.text:Power_getConstraintMask)
                  01006bd0    0000000c     rtsv7M4_T_le_eabi.lib : s_copysign.c.obj (.text:copysign)
                  01006bdc    0000000c                           : copy_zero_init.c.obj (.text:decompress:ZI:__TI_zero_init)
                  01006be8    0000000c     drivers_cc32xx.a : TimerCC32XX.oem4 (.text:postNotifyFxn)
                  01006bf4    0000000c                      : UARTCC32XX.oem4 (.text:postNotifyFxn)
                  01006c00    0000000c     gpiointerrupt.obj (.text:timerCallback)
                  01006c0c    0000000a     nortos_cc32xx.a : ClockPSysTick_nortos.oem4 (.text:ClockP_Params_init)
                  01006c16    0000000a                     : ClockPSysTick_nortos.oem4 (.text:ClockP_isActive)
                  01006c20    0000000a     driverlib.a : interrupt.obj (.text:IntMasterDisable)
                  01006c2a    0000000a     drivers_cc32xx.a : UART.oem4 (.text:UART_write)
                  01006c34    00000008                      : I2CCC32XX.oem4 (.text:I2CCC32XX_blockingCallback)
                  01006c3c    00000008     rtsv7M4_T_le_eabi.lib : errno.c.obj (.text:__aeabi_errno_addr)
                  01006c44    00000008                           : memory.c.obj (.text:malloc)
                  01006c4c    00000008     drivers_cc32xx.a : UARTCC32XX.oem4 (.text:readSemCallback)
                  01006c54    00000008                      : UARTCC32XX.oem4 (.text:writeSemCallback)
                  01006c5c    00000006                      : I2CCC32XX.oem4 (.text:I2CSupport_powerRelConstraint)
                  01006c62    00000006                      : I2CCC32XX.oem4 (.text:I2CSupport_powerSetConstraint)
                  01006c68    00000006     driverlib.a : utils.obj (.text:UtilsDelay)
                  01006c6e    00000004     nortos_cc32xx.a : ClockPSysTick_nortos.oem4 (.text:ClockP_doTick)
                  01006c72    00000004                     : ClockPSysTick_nortos.oem4 (.text:ClockP_setTimeout)
                  01006c76    00000004                     : HwiPCC32XX_nortos.oem4 (.text:HwiP_post)
                  01006c7a    00000004                     : SemaphoreP_nortos.oem4 (.text:SemaphoreP_delete)
                  01006c7e    00000004     rtsv7M4_T_le_eabi.lib : pre_init.c.obj (.text:_system_pre_init)
                  01006c82    00000004                           : exit.c.obj (.text:abort:abort)

.const     0    01006c88    000004e0     
                  01006c88    00000101     rtsv7M4_T_le_eabi.lib : ctype.c.obj (.const:.string:_ctypes_)
                  01006d89    00000003     --HOLE-- [fill = 0]
                  01006d8c    00000100     driverlib.a : pin.obj (.const:g_ulPinToPadMap)
                  01006e8c    000000a8                 : prcm.obj (.const:PRCM_PeriphRegsList)
                  01006f34    00000044     ti_drivers_config.obj (.const:PowerCC32XX_config)
                  01006f78    00000028     drivers_cc32xx.a : UARTCC32XX.oem4 (.const:UARTCC32XX_fxnTable)
                  01006fa0    00000028                      : GPIOCC32XX.oem4 (.const:portConfigs)
                  01006fc8    00000024                      : UART.oem4 (.const:UART_defaultParams)
                  01006fec    00000024     ti_drivers_config.obj (.const:uartCC32XXHWAttrs0)
                  01007010    00000021     drivers_cc32xx.a : GPIOCC32XX.oem4 (.const:.string:pinTable)
                  01007031    00000003     --HOLE-- [fill = 0]
                  01007034    00000020                      : UARTCC32XX.oem4 (.const:staticFxnTable)
                  01007054    00000018     driverlib.a : interrupt.obj (.const:g_pulEnRegs)
                  0100706c    00000018                 : interrupt.obj (.const:g_pulPendRegs)
                  01007084    00000018     gpiointerrupt.obj (.const:sensors)
                  0100709c    00000014     ti_drivers_config.obj (.const:i2cCC32XXHWAttrs)
                  010070b0    00000014     drivers_cc32xx.a : UARTCC32XX.oem4 (.const:parityType)
                  010070c4    00000010     ti_drivers_config.obj (.const:GPIO_config)
                  010070d4    00000010     drivers_cc32xx.a : I2C.oem4 (.const:I2C_defaultParams)
                  010070e4    00000010                      : I2CCC32XX.oem4 (.const:I2C_defaultParams)
                  010070f4    00000010                      : UARTCC32XX.oem4 (.const:dataLength)
                  01007104    00000010     ti_drivers_config.obj (.const:timerCC32XXHWAttrs)
                  01007114    0000000c     gpiointerrupt.obj (.const:.string)
                  01007120    0000000c     ti_drivers_config.obj (.const:UART_config)
                  0100712c    0000000c     drivers_cc32xx.a : Timer.oem4 (.const:defaultParams)
                  01007138    0000000c                      : TimerCC32XX.oem4 (.const:defaultParams)
                  01007144    0000000b     ti_drivers_config.obj (.const)
                  0100714f    00000001     --HOLE-- [fill = 0]
                  01007150    00000008     ti_drivers_config.obj (.const:I2C_config)
                  01007158    00000008     ti_drivers_config.obj (.const:Timer_config)
                  01007160    00000008     drivers_cc32xx.a : UARTCC32XX.oem4 (.const:stopBits)

.cinit     0    01007168    000000f8     
                  01007168    000000d1     (.cinit..data.load) [load image, compression = lzss]
                  01007239    00000003     --HOLE-- [fill = 0]
                  0100723c    0000000c     (__TI_handler_table)
                  01007248    00000008     (.cinit..bss.load) [load image, compression = zero_init]
                  01007250    00000010     (__TI_cinit_table)

.init_array 
*          0    01000800    00000000     UNINITIALIZED

.ramVecs   0    20000000    0000030c     NOLOAD SECTION
                  20000000    0000030c     nortos_cc32xx.a : startup_cc32xx_ccs.oem4 (.ramVecs)

.sysmem    0    20000310    00008000     UNINITIALIZED
                  20000310    00000010     rtsv7M4_T_le_eabi.lib : memory.c.obj (.sysmem)
                  20000320    00007ff0     --HOLE--

.data      0    20008310    00000629     UNINITIALIZED
                  20008310    0000030c     nortos_cc32xx.a : HwiPCC32XX_nortos.oem4 (.data:HwiP_dispatchTable)
                  2000861c    0000016c     drivers_cc32xx.a : PowerCC32XX.oem4 (.data:PowerCC32XX_module)
                  20008788    000000f8     ti_drivers_config.obj (.data:parkInfo)
                  20008880    00000084     ti_drivers_config.obj (.data:gpioPinConfigs)
                  20008904    00000008     rtsv7M4_T_le_eabi.lib : _lock.c.obj (.data:$O1$$)
                  2000890c    00000008                           : memory.c.obj (.data:$O1$$)
                  20008914    00000008     nortos_cc32xx.a : SemaphoreP_nortos.oem4 (.data:SemaphoreP_defaultParams)
                  2000891c    00000008                     : HwiPCC32XX_nortos.oem4 (.data)
                  20008924    00000006     gpiointerrupt.obj (.data)
                  2000892a    00000002     drivers_cc32xx.a : GPIOCC32XX.oem4 (.data)
                  2000892c    00000005     nortos_cc32xx.a : ClockPSysTick_nortos.oem4 (.data)
                  20008931    00000003                     : SemaphoreP_nortos.oem4 (.data)
                  20008934    00000004     rtsv7M4_T_le_eabi.lib : errno.c.obj (.data)
                  20008938    00000001     drivers_cc32xx.a : UART.oem4 (.data)

.bss       0    20008940    0000050c     UNINITIALIZED
                  20008940    0000012c     (.common:PowerCC32XX_contextSave)
                  20008a6c    000000fc     (.common:i2cCC32XXObjects)
                  20008b68    00000084     (.common:gpioCallbackFunctions)
                  20008bec    00000084     (.common:gpioUserArgs)
                  20008c70    00000084     (.common:timerCC32XXObjects)
                  20008cf4    00000084     (.common:uartCC32XXObjects0)
                  20008d78    00000074     gpiointerrupt.obj (.bss:$O1$$)
                  20008dec    00000020     ti_drivers_config.obj (.bss:uartCC32XXRingBuffer0)
                  20008e0c    00000014     drivers_cc32xx.a : GPIOCC32XX.oem4 (.bss:powerNotifyObj)
                  20008e20    00000010     (.common:ClockP_ctrl)
                  20008e30    0000000d     nortos_cc32xx.a : SwiP_nortos.oem4 (.bss)
                  20008e3d    00000003     --HOLE--
                  20008e40    00000004     drivers_cc32xx.a : GPIOCC32XX.oem4 (.bss)
                  20008e44    00000004     nortos_cc32xx.a : ClockPSysTick_nortos.oem4 (.bss)
                  20008e48    00000004     drivers_cc32xx.a : TimerCC32XX.oem4 (.bss:timerState)

.stack     0    2003f000    00001000     UNINITIALIZED
                  2003f000    00000004     rtsv7M4_T_le_eabi.lib : boot_cortex_m.c.obj (.stack)
                  2003f004    00000ffc     --HOLE--

.log_data 
*          0    90000000    00000000     COPY SECTION

__llvm_prf_cnts 
*          0    20000000    00000000     UNINITIALIZED

.binit     0    01000000    00000000     

MODULE SUMMARY

       Module                       code    ro data   rw data
       ------                       ----    -------   -------
    .\
       gpiointerrupt.obj            1546    36        122    
       main_nortos.obj              18      0         0      
    +--+----------------------------+-------+---------+---------+
       Total:                       1564    36        122    
                                                             
    .\syscfg\
       ti_drivers_config.obj        22      195       1192   
    +--+----------------------------+-------+---------+---------+
       Total:                       22      195       1192   
                                                             
    C:/ti/simplelink_cc32xx_sdk_6_10_00_05/kernel/nortos/lib/ccs/m4/nortos_cc32xx.a
       HwiPCC32XX_nortos.oem4       394     0         788    
       startup_cc32xx_ccs.oem4      90      64        780    
       ClockPSysTick_nortos.oem4    706     0         25     
       PowerCC32XX_nortos.oem4      476     0         0      
       SemaphoreP_nortos.oem4       410     0         11     
       SwiP_nortos.oem4             96      0         13     
    +--+----------------------------+-------+---------+---------+
       Total:                       2172    64        1617   
                                                             
    C:/ti/simplelink_cc32xx_sdk_6_10_00_05/source/ti/devices/cc32xx/driverlib/ccs/Release/driverlib.a
       prcm.obj                     1604    168       0      
       pin.obj                      280     256       0      
       interrupt.obj                334     48        0      
       i2c.obj                      318     0         0      
       timer.obj                    264     0         0      
       flash.obj                    72      0         0      
       uart.obj                     48      0         0      
       cpu.obj                      20      0         0      
       utils.obj                    6       0         0      
    +--+----------------------------+-------+---------+---------+
       Total:                       2946    472       0      
                                                             
    C:/ti/simplelink_cc32xx_sdk_6_10_00_05/source/ti/drivers/lib/ccs/m4/drivers_cc32xx.a
       UARTCC32XX.oem4              3466    116       0      
       PowerCC32XX.oem4             2432    0         664    
       I2CCC32XX.oem4               1452    16        0      
       GPIOCC32XX.oem4              1068    73        26     
       TimerCC32XX.oem4             876     12        4      
       I2C.oem4                     366     16        0      
       UART.oem4                    166     36        1      
       RingBuf.oem4                 198     0         0      
       Timer.oem4                   140     12        0      
       PowerCC32XX_asm.oem4         150     0         0      
       List.oem4                    76      0         0      
       GPIO.oem4                    28      0         0      
    +--+----------------------------+-------+---------+---------+
       Total:                       10418   281       695    
                                                             
    C:\ti\ccs1220\ccs\tools\compiler\ti-cgt-arm_20.2.7.LTS\lib\rtsv7M4_T_le_eabi.lib
       _printfi.c.obj               4835    0         0      
       memory.c.obj                 672     0         8      
       fd_add_t2.asm.obj            438     0         0      
       fd_div_t2.asm.obj            310     0         0      
       fd_cmp_t2.asm.obj            268     0         0      
       ctype.c.obj                  0       257       0      
       fd_mul_t2.asm.obj            252     0         0      
       s_scalbn.c.obj               208     0         0      
       memcpy_t2.asm.obj            156     0         0      
       ull_div_t2.asm.obj           150     0         0      
       snprintf.c.obj               148     0         0      
       fs_mul_t2.asm.obj            122     0         0      
       memset_t2.asm.obj            122     0         0      
       copy_decompress_lzss.c.obj   104     0         0      
       s_frexp.c.obj                92      0         0      
       _ltoa.c.obj                  84      0         0      
       atoi.c.obj                   76      0         0      
       fd_toi_t2.asm.obj            72      0         0      
       autoinit.c.obj               68      0         0      
       fs_toi_t2.asm.obj            56      0         0      
       i_tofs_t2.asm.obj            56      0         0      
       i_tofd_t2.asm.obj            46      0         0      
       boot_cortex_m.c.obj          36      0         0      
       memccpy.c.obj                28      0         0      
       ll_mul_t2.asm.obj            24      0         0      
       strchr.c.obj                 22      0         0      
       strlen.c.obj                 20      0         0      
       wcslen.c.obj                 18      0         0      
       copy_decompress_none.c.obj   14      0         0      
       copy_zero_init.c.obj         12      0         0      
       errno.c.obj                  8       0         4      
       s_copysign.c.obj             12      0         0      
       _lock.c.obj                  2       0         8      
       exit.c.obj                   4       0         0      
       pre_init.c.obj               4       0         0      
       div0.asm.obj                 2       0         0      
    +--+----------------------------+-------+---------+---------+
       Total:                       8541    257       20     
                                                             
       Heap:                        0       0         32768  
       Stack:                       0       0         4096   
       Linker Generated:            0       245       0      
    +--+----------------------------+-------+---------+---------+
       Grand Total:                 25663   1550      40510  


LINKER GENERATED COPY TABLES

__TI_cinit_table @ 01007250 records: 2, size/record: 8, table size: 16
	.data: load addr=01007168, load size=000000d1 bytes, run addr=20008310, run size=00000629 bytes, compression=lzss
	.bss: load addr=01007248, load size=00000008 bytes, run addr=20008940, run size=0000050c bytes, compression=zero_init


LINKER GENERATED HANDLER TABLE

__TI_handler_table @ 0100723c records: 3, size/record: 4, table size: 12
	index: 0, handler: __TI_decompress_lzss
	index: 1, handler: __TI_decompress_none
	index: 2, handler: __TI_zero_init


GLOBAL SYMBOLS: SORTED ALPHABETICALLY BY Name 

address   name                             
-------   ----                             
01006933  Board_init                       
0100128f  Board_initHook                   
20008d7b  Button_State                     
01006c83  C$$EXIT                          
01007146  CONFIG_GPIO_BUTTON_0_CONST       
01007147  CONFIG_GPIO_BUTTON_1_CONST       
01007148  CONFIG_GPIO_LED_0_CONST          
01007149  CONFIG_I2C_0_CONST               
0100714b  CONFIG_TIMER_0_CONST             
0100714d  CONFIG_UART_0_CONST              
01006947  CPUcpsid                         
01006c0d  ClockP_Params_init               
01006a69  ClockP_add                       
01005bbd  ClockP_construct                 
01006725  ClockP_create                    
20008e20  ClockP_ctrl                      
01006a79  ClockP_delete                    
01005dbd  ClockP_destruct                  
01006c6f  ClockP_doTick                    
01006a89  ClockP_getCpuFreq                
01006a99  ClockP_getSystemTicks            
010060dd  ClockP_getTicksUntilInterrupt    
01006c17  ClockP_isActive                  
01006aa9  ClockP_setTicks                  
01006c73  ClockP_setTimeout                
01006249  ClockP_start                     
01006111  ClockP_startup                   
0100599d  ClockP_stop                      
01005419  ClockP_sysTickHandler            
2000892c  ClockP_tickPeriod                
20008d7c  Count_State                      
010056d1  FlashDisable                     
010070c4  GPIO_config                      
01005719  GPIO_disableInt                  
01005761  GPIO_enableInt                   
01004f9d  GPIO_hwiIntFxn                   
010042d9  GPIO_init                        
01007144  GPIO_pinLowerBound               
01007145  GPIO_pinUpperBound               
01006699  GPIO_setCallback                 
01002401  GPIO_setConfig                   
01004e0d  GPIO_setInterruptConfig          
010047a9  GPIO_write                       
20008d7a  Heat_State                       
010069fd  HwiP_Params_init                 
01006b49  HwiP_clearInterrupt              
010043f9  HwiP_construct                   
01006335  HwiP_create                      
01006ab9  HwiP_delete                      
0100659f  HwiP_destruct                    
01006b57  HwiP_disable                     
01006b65  HwiP_disableInterrupt            
010064ed  HwiP_dispatch                    
01006b73  HwiP_enable                      
01006b81  HwiP_enableInterrupt             
0100695d  HwiP_inISR                       
2000891c  HwiP_key                         
01006c77  HwiP_post                        
01006ac9  HwiP_restore                     
20008920  HwiP_swiPIntNum                  
01006455  I2CFIFODataGetNonBlocking        
010063b3  I2CFIFODataPutNonBlocking        
01006ad9  I2CFIFOStatus                    
010068c5  I2CMasterBurstLengthSet          
01006773  I2CMasterBusBusy                 
01006a0f  I2CMasterIntClearEx              
0100678b  I2CMasterIntDisableEx            
010067a3  I2CMasterIntEnableEx             
01006621  I2CMasterIntStatusEx             
0100657d  I2CMasterSlaveAddrSet            
010067bb  I2CRxFIFOFlush                   
01006971  I2CSupport_masterFinish          
01006c5d  I2CSupport_powerRelConstraint    
01006c63  I2CSupport_powerSetConstraint    
01004cd3  I2CSupport_primeTransfer         
010067d3  I2CTxFIFOFlush                   
01006ae9  I2C_Params_init                  
0100647b  I2C_cancel                       
01007150  I2C_config                       
0100714a  I2C_count                        
010070d4  I2C_defaultParams                
010020f7  I2C_init                         
01003129  I2C_open                         
01006985  I2C_transfer                     
01002cc7  I2C_transferTimeout              
UNDEFED   ITM_flush                        
UNDEFED   ITM_restore                      
01003dd5  IntEnable                        
01006c21  IntMasterDisable                 
01004485  IntPendSet                       
01006999  IntVTableBaseSet                 
20008d79  LED_State                        
010064a1  List_put                         
010064c7  List_remove                      
01006b73  NoRTOS_start                     
01001291  PRCMCC3200MCUInit                
010068db  PRCMHIBRegRead                   
010068f1  PRCMHIBRegWrite                  
010057a9  PRCMLPDSEnter                    
01005ee9  PRCMLPDSEnterKeepDebugIf         
010059e1  PRCMLPDSRestoreInfoSet           
010063dd  PRCMPeripheralClkDisable         
010057f1  PRCMPeripheralClkEnable          
01005175  PRCMPeripheralReset              
01004ffd  PRCMSysResetCauseGet             
0100450d  PinConfigSet                     
01006145  PinModeGet                       
01005bfd  PinModeSet                       
010066b5  PinToPadGet                      
01006f34  PowerCC32XX_config               
01003e7d  PowerCC32XX_configureWakeup      
20008940  PowerCC32XX_contextSave          
01005a25  PowerCC32XX_enterLPDS            
01006309  PowerCC32XX_getParkState         
01003413  PowerCC32XX_initPolicy           
2000861c  PowerCC32XX_module               
01005555  PowerCC32XX_parkPin              
01006511  PowerCC32XX_reset                
01006179  PowerCC32XX_restoreParkState     
01006279  PowerCC32XX_restoreParkedPin     
01005323  PowerCC32XX_resumeLPDS           
01004e71  PowerCC32XX_setParkState         
010020f9  PowerCC32XX_sleepPolicy          
010069ad  Power_disablePolicy              
01006af9  Power_enablePolicy               
01006bc5  Power_getConstraintMask          
010069c1  Power_getDependencyCount         
010067ed  Power_getTransitionLatency       
01006805  Power_idleFunc                   
010046a1  Power_init                       
01006405  Power_registerNotify             
01005839  Power_releaseConstraint          
010051cd  Power_releaseDependency          
01005df9  Power_setConstraint              
01004829  Power_setDependency              
01002921  Power_sleep                      
010065c1  Power_unregisterNotify           
01006a21  RingBuf_construct                
01005c3d  RingBuf_get                      
01006b9d  RingBuf_isFull                   
010065e1  RingBuf_peek                     
01005911  RingBuf_put                      
01006b09  SemaphoreP_Params_init           
01005469  SemaphoreP_construct             
0100663f  SemaphoreP_constructBinary       
01006907  SemaphoreP_create                
0100673f  SemaphoreP_createBinary          
20008914  SemaphoreP_defaultParams         
01006c7b  SemaphoreP_delete                
0100377f  SemaphoreP_destruct              
01004069  SemaphoreP_pend                  
01005a69  SemaphoreP_post                  
010066d1  SwiP_disable                     
01005aad  SwiP_restore                     
01005e35  TickFnct_Button                  
01004ed5  TickFnct_Count                   
0100505d  TickFnct_Heat                    
010055a1  TickFnct_LED                     
010054b9  TimerCC32XX_allocateTimerResource
010061ad  TimerCC32XX_freeTimerResource    
01006039  TimerControlStall                
0100665d  TimerDisable                     
0100667b  TimerEnable                      
20008925  TimerFlag                        
01006a33  TimerIntClear                    
0100681d  TimerIntDisable                  
01006835  TimerIntEnable                   
0100635f  TimerLoadSet                     
01006389  TimerPrescaleSet                 
01006535  TimerSupport_timerDisable        
01005c7d  TimerSupport_timerEnable         
01006b19  Timer_Params_init                
01005cbd  Timer_close                      
01007158  Timer_config                     
0100714c  Timer_count                      
010038fb  Timer_init                       
01002a59  Timer_open                       
01005af1  Timer_start                      
0100606f  Timer_stop                       
0100684d  UARTBusy                         
01002de9  UARTCC32XX_close                 
01003321  UARTCC32XX_control               
01006f78  UARTCC32XX_fxnTable              
010042d7  UARTCC32XX_init                  
010016bd  UARTCC32XX_open                  
01005cfd  UARTCC32XX_read                  
010060a5  UARTCC32XX_readCancel            
01003841  UARTCC32XX_readPolling           
010036b5  UARTCC32XX_write                 
01004da5  UARTCC32XX_writeCancel           
01004f39  UARTCC32XX_writePolling          
01006865  UARTIntEnable                    
0100687d  UART_Params_init                 
01007120  UART_config                      
0100714e  UART_count                       
01006fc8  UART_defaultParams               
01005b35  UART_init                        
01005d3d  UART_open                        
01006c2b  UART_write                       
01006c69  UtilsDelay                       
20040000  __STACK_END                      
00001000  __STACK_SIZE                     
00008000  __SYSMEM_SIZE                    
01007250  __TI_CINIT_Base                  
01007260  __TI_CINIT_Limit                 
0100723c  __TI_Handler_Table_Base          
01007248  __TI_Handler_Table_Limit         
01005b79  __TI_auto_init_nobinit_nopinit   
01004d3d  __TI_decompress_lzss             
01006bab  __TI_decompress_none             
0100527b  __TI_ltoa                        
ffffffff  __TI_pprof_out_hndl              
01000841  __TI_printfi                     
ffffffff  __TI_prof_data_size              
ffffffff  __TI_prof_data_start             
01007168  __TI_static_base__               
01006bdd  __TI_zero_init                   
01004595  __aeabi_cdcmpeq                  
01004595  __aeabi_cdcmple                  
0100461b  __aeabi_cdrcmple                 
010058c9  __aeabi_d2iz                     
01001f4b  __aeabi_dadd                     
01002b91  __aeabi_ddiv                     
01003225  __aeabi_dmul                     
01001f41  __aeabi_dsub                     
01006c3d  __aeabi_errno_addr               
01005fc9  __aeabi_f2iz                     
0100499f  __aeabi_fmul                     
010062d9  __aeabi_i2d                      
01006001  __aeabi_i2f                      
010063db  __aeabi_idiv0                    
010063db  __aeabi_ldiv0                    
010068ad  __aeabi_lmul                     
01004a19  __aeabi_memclr                   
01004a19  __aeabi_memclr4                  
01004a19  __aeabi_memclr8                  
010041a5  __aeabi_memcpy                   
010041a5  __aeabi_memcpy4                  
010041a5  __aeabi_memcpy8                  
01004a1b  __aeabi_memset                   
01004a1b  __aeabi_memset4                  
01004a1b  __aeabi_memset8                  
01004241  __aeabi_uldivmod                 
ffffffff  __binit__                        
ffffffff  __c_args__                       
UNDEFED   __mpu_init                       
2003f000  __stack                          
20000000  __start___llvm_prf_cnts          
20000000  __stop___llvm_prf_cnts           
01006559  _c_int00_noargs                  
01006c88  _ctypes_                         
20008904  _lock                            
01004b7f  _nop                             
20000310  _sys_memory                      
UNDEFED   _system_post_cinit               
01006c7f  _system_pre_init                 
20008908  _unlock                          
01006c83  abort                            
01003029  aligned_alloc                    
010055ed  atoi                             
ffffffff  binit                            
20008929  button_pressed                   
01004f9b  clkFxn                           
01006bd1  copysign                         
01006bd1  copysignl                        
20008924  count                            
20008934  errno                            
01003501  free                             
010050bd  frexp                            
010050bd  frexpl                           
01006b29  gpioButtonFxn0                   
010060db  gpioButtonFxn1                   
20008b68  gpioCallbackFunctions            
20008880  gpioPinConfigs                   
20008bec  gpioUserArgs                     
20008926  heat_activated                   
20008d84  i2c                              
0100709c  i2cCC32XXHWAttrs                 
20008a6c  i2cCC32XXObjects                 
20008d8c  i2cTransaction                   
01001d79  initI2C                          
01005881  initTimer                        
01005e71  initUART                         
01005f59  initVectors                      
010035e5  ldexp                            
010035e5  ldexpl                           
01006a45  main                             
01002299  mainThread                       
01006c45  malloc                           
01003029  memalign                         
01006709  memccpy                          
010041a5  memcpy                           
01004a21  memset                           
20008dac  output                           
20008788  parkInfo                         
01003415  readTemp                         
01006759  resetISR                         
0100676c  resetVectorAddr                  
01000800  resetVectors                     
20008d7d  rxBuffer                         
010035e5  scalbn                           
010035e5  scalbnl                          
20008927  setpoint                         
01005685  snprintf                         
0100691d  strchr                           
010069e9  strlen                           
20008928  temperature                      
20008d88  timer0                           
01007104  timerCC32XXHWAttrs               
20008c70  timerCC32XXObjects               
01006c01  timerCallback                    
20008d78  txBuffer                         
20008d80  uart                             
20008cf4  uartCC32XXObjects0               
01006a57  wcslen                           


GLOBAL SYMBOLS: SORTED BY Symbol Address 

address   name                             
-------   ----                             
00001000  __STACK_SIZE                     
00008000  __SYSMEM_SIZE                    
01000800  resetVectors                     
01000841  __TI_printfi                     
0100128f  Board_initHook                   
01001291  PRCMCC3200MCUInit                
010016bd  UARTCC32XX_open                  
01001d79  initI2C                          
01001f41  __aeabi_dsub                     
01001f4b  __aeabi_dadd                     
010020f7  I2C_init                         
010020f9  PowerCC32XX_sleepPolicy          
01002299  mainThread                       
01002401  GPIO_setConfig                   
01002921  Power_sleep                      
01002a59  Timer_open                       
01002b91  __aeabi_ddiv                     
01002cc7  I2C_transferTimeout              
01002de9  UARTCC32XX_close                 
01003029  aligned_alloc                    
01003029  memalign                         
01003129  I2C_open                         
01003225  __aeabi_dmul                     
01003321  UARTCC32XX_control               
01003413  PowerCC32XX_initPolicy           
01003415  readTemp                         
01003501  free                             
010035e5  ldexp                            
010035e5  ldexpl                           
010035e5  scalbn                           
010035e5  scalbnl                          
010036b5  UARTCC32XX_write                 
0100377f  SemaphoreP_destruct              
01003841  UARTCC32XX_readPolling           
010038fb  Timer_init                       
01003dd5  IntEnable                        
01003e7d  PowerCC32XX_configureWakeup      
01004069  SemaphoreP_pend                  
010041a5  __aeabi_memcpy                   
010041a5  __aeabi_memcpy4                  
010041a5  __aeabi_memcpy8                  
010041a5  memcpy                           
01004241  __aeabi_uldivmod                 
010042d7  UARTCC32XX_init                  
010042d9  GPIO_init                        
010043f9  HwiP_construct                   
01004485  IntPendSet                       
0100450d  PinConfigSet                     
01004595  __aeabi_cdcmpeq                  
01004595  __aeabi_cdcmple                  
0100461b  __aeabi_cdrcmple                 
010046a1  Power_init                       
010047a9  GPIO_write                       
01004829  Power_setDependency              
0100499f  __aeabi_fmul                     
01004a19  __aeabi_memclr                   
01004a19  __aeabi_memclr4                  
01004a19  __aeabi_memclr8                  
01004a1b  __aeabi_memset                   
01004a1b  __aeabi_memset4                  
01004a1b  __aeabi_memset8                  
01004a21  memset                           
01004b7f  _nop                             
01004cd3  I2CSupport_primeTransfer         
01004d3d  __TI_decompress_lzss             
01004da5  UARTCC32XX_writeCancel           
01004e0d  GPIO_setInterruptConfig          
01004e71  PowerCC32XX_setParkState         
01004ed5  TickFnct_Count                   
01004f39  UARTCC32XX_writePolling          
01004f9b  clkFxn                           
01004f9d  GPIO_hwiIntFxn                   
01004ffd  PRCMSysResetCauseGet             
0100505d  TickFnct_Heat                    
010050bd  frexp                            
010050bd  frexpl                           
01005175  PRCMPeripheralReset              
010051cd  Power_releaseDependency          
0100527b  __TI_ltoa                        
01005323  PowerCC32XX_resumeLPDS           
01005419  ClockP_sysTickHandler            
01005469  SemaphoreP_construct             
010054b9  TimerCC32XX_allocateTimerResource
01005555  PowerCC32XX_parkPin              
010055a1  TickFnct_LED                     
010055ed  atoi                             
01005685  snprintf                         
010056d1  FlashDisable                     
01005719  GPIO_disableInt                  
01005761  GPIO_enableInt                   
010057a9  PRCMLPDSEnter                    
010057f1  PRCMPeripheralClkEnable          
01005839  Power_releaseConstraint          
01005881  initTimer                        
010058c9  __aeabi_d2iz                     
01005911  RingBuf_put                      
0100599d  ClockP_stop                      
010059e1  PRCMLPDSRestoreInfoSet           
01005a25  PowerCC32XX_enterLPDS            
01005a69  SemaphoreP_post                  
01005aad  SwiP_restore                     
01005af1  Timer_start                      
01005b35  UART_init                        
01005b79  __TI_auto_init_nobinit_nopinit   
01005bbd  ClockP_construct                 
01005bfd  PinModeSet                       
01005c3d  RingBuf_get                      
01005c7d  TimerSupport_timerEnable         
01005cbd  Timer_close                      
01005cfd  UARTCC32XX_read                  
01005d3d  UART_open                        
01005dbd  ClockP_destruct                  
01005df9  Power_setConstraint              
01005e35  TickFnct_Button                  
01005e71  initUART                         
01005ee9  PRCMLPDSEnterKeepDebugIf         
01005f59  initVectors                      
01005fc9  __aeabi_f2iz                     
01006001  __aeabi_i2f                      
01006039  TimerControlStall                
0100606f  Timer_stop                       
010060a5  UARTCC32XX_readCancel            
010060db  gpioButtonFxn1                   
010060dd  ClockP_getTicksUntilInterrupt    
01006111  ClockP_startup                   
01006145  PinModeGet                       
01006179  PowerCC32XX_restoreParkState     
010061ad  TimerCC32XX_freeTimerResource    
01006249  ClockP_start                     
01006279  PowerCC32XX_restoreParkedPin     
010062d9  __aeabi_i2d                      
01006309  PowerCC32XX_getParkState         
01006335  HwiP_create                      
0100635f  TimerLoadSet                     
01006389  TimerPrescaleSet                 
010063b3  I2CFIFODataPutNonBlocking        
010063db  __aeabi_idiv0                    
010063db  __aeabi_ldiv0                    
010063dd  PRCMPeripheralClkDisable         
01006405  Power_registerNotify             
01006455  I2CFIFODataGetNonBlocking        
0100647b  I2C_cancel                       
010064a1  List_put                         
010064c7  List_remove                      
010064ed  HwiP_dispatch                    
01006511  PowerCC32XX_reset                
01006535  TimerSupport_timerDisable        
01006559  _c_int00_noargs                  
0100657d  I2CMasterSlaveAddrSet            
0100659f  HwiP_destruct                    
010065c1  Power_unregisterNotify           
010065e1  RingBuf_peek                     
01006621  I2CMasterIntStatusEx             
0100663f  SemaphoreP_constructBinary       
0100665d  TimerDisable                     
0100667b  TimerEnable                      
01006699  GPIO_setCallback                 
010066b5  PinToPadGet                      
010066d1  SwiP_disable                     
01006709  memccpy                          
01006725  ClockP_create                    
0100673f  SemaphoreP_createBinary          
01006759  resetISR                         
0100676c  resetVectorAddr                  
01006773  I2CMasterBusBusy                 
0100678b  I2CMasterIntDisableEx            
010067a3  I2CMasterIntEnableEx             
010067bb  I2CRxFIFOFlush                   
010067d3  I2CTxFIFOFlush                   
010067ed  Power_getTransitionLatency       
01006805  Power_idleFunc                   
0100681d  TimerIntDisable                  
01006835  TimerIntEnable                   
0100684d  UARTBusy                         
01006865  UARTIntEnable                    
0100687d  UART_Params_init                 
010068ad  __aeabi_lmul                     
010068c5  I2CMasterBurstLengthSet          
010068db  PRCMHIBRegRead                   
010068f1  PRCMHIBRegWrite                  
01006907  SemaphoreP_create                
0100691d  strchr                           
01006933  Board_init                       
01006947  CPUcpsid                         
0100695d  HwiP_inISR                       
01006971  I2CSupport_masterFinish          
01006985  I2C_transfer                     
01006999  IntVTableBaseSet                 
010069ad  Power_disablePolicy              
010069c1  Power_getDependencyCount         
010069e9  strlen                           
010069fd  HwiP_Params_init                 
01006a0f  I2CMasterIntClearEx              
01006a21  RingBuf_construct                
01006a33  TimerIntClear                    
01006a45  main                             
01006a57  wcslen                           
01006a69  ClockP_add                       
01006a79  ClockP_delete                    
01006a89  ClockP_getCpuFreq                
01006a99  ClockP_getSystemTicks            
01006aa9  ClockP_setTicks                  
01006ab9  HwiP_delete                      
01006ac9  HwiP_restore                     
01006ad9  I2CFIFOStatus                    
01006ae9  I2C_Params_init                  
01006af9  Power_enablePolicy               
01006b09  SemaphoreP_Params_init           
01006b19  Timer_Params_init                
01006b29  gpioButtonFxn0                   
01006b49  HwiP_clearInterrupt              
01006b57  HwiP_disable                     
01006b65  HwiP_disableInterrupt            
01006b73  HwiP_enable                      
01006b73  NoRTOS_start                     
01006b81  HwiP_enableInterrupt             
01006b9d  RingBuf_isFull                   
01006bab  __TI_decompress_none             
01006bc5  Power_getConstraintMask          
01006bd1  copysign                         
01006bd1  copysignl                        
01006bdd  __TI_zero_init                   
01006c01  timerCallback                    
01006c0d  ClockP_Params_init               
01006c17  ClockP_isActive                  
01006c21  IntMasterDisable                 
01006c2b  UART_write                       
01006c3d  __aeabi_errno_addr               
01006c45  malloc                           
01006c5d  I2CSupport_powerRelConstraint    
01006c63  I2CSupport_powerSetConstraint    
01006c69  UtilsDelay                       
01006c6f  ClockP_doTick                    
01006c73  ClockP_setTimeout                
01006c77  HwiP_post                        
01006c7b  SemaphoreP_delete                
01006c7f  _system_pre_init                 
01006c83  C$$EXIT                          
01006c83  abort                            
01006c88  _ctypes_                         
01006f34  PowerCC32XX_config               
01006f78  UARTCC32XX_fxnTable              
01006fc8  UART_defaultParams               
0100709c  i2cCC32XXHWAttrs                 
010070c4  GPIO_config                      
010070d4  I2C_defaultParams                
01007104  timerCC32XXHWAttrs               
01007120  UART_config                      
01007144  GPIO_pinLowerBound               
01007145  GPIO_pinUpperBound               
01007146  CONFIG_GPIO_BUTTON_0_CONST       
01007147  CONFIG_GPIO_BUTTON_1_CONST       
01007148  CONFIG_GPIO_LED_0_CONST          
01007149  CONFIG_I2C_0_CONST               
0100714a  I2C_count                        
0100714b  CONFIG_TIMER_0_CONST             
0100714c  Timer_count                      
0100714d  CONFIG_UART_0_CONST              
0100714e  UART_count                       
01007150  I2C_config                       
01007158  Timer_config                     
01007168  __TI_static_base__               
0100723c  __TI_Handler_Table_Base          
01007248  __TI_Handler_Table_Limit         
01007250  __TI_CINIT_Base                  
01007260  __TI_CINIT_Limit                 
20000000  __start___llvm_prf_cnts          
20000000  __stop___llvm_prf_cnts           
20000310  _sys_memory                      
2000861c  PowerCC32XX_module               
20008788  parkInfo                         
20008880  gpioPinConfigs                   
20008904  _lock                            
20008908  _unlock                          
20008914  SemaphoreP_defaultParams         
2000891c  HwiP_key                         
20008920  HwiP_swiPIntNum                  
20008924  count                            
20008925  TimerFlag                        
20008926  heat_activated                   
20008927  setpoint                         
20008928  temperature                      
20008929  button_pressed                   
2000892c  ClockP_tickPeriod                
20008934  errno                            
20008940  PowerCC32XX_contextSave          
20008a6c  i2cCC32XXObjects                 
20008b68  gpioCallbackFunctions            
20008bec  gpioUserArgs                     
20008c70  timerCC32XXObjects               
20008cf4  uartCC32XXObjects0               
20008d78  txBuffer                         
20008d79  LED_State                        
20008d7a  Heat_State                       
20008d7b  Button_State                     
20008d7c  Count_State                      
20008d7d  rxBuffer                         
20008d80  uart                             
20008d84  i2c                              
20008d88  timer0                           
20008d8c  i2cTransaction                   
20008dac  output                           
20008e20  ClockP_ctrl                      
2003f000  __stack                          
20040000  __STACK_END                      
ffffffff  __TI_pprof_out_hndl              
ffffffff  __TI_prof_data_size              
ffffffff  __TI_prof_data_start             
ffffffff  __binit__                        
ffffffff  __c_args__                       
ffffffff  binit                            
UNDEFED   ITM_flush                        
UNDEFED   ITM_restore                      
UNDEFED   __mpu_init                       
UNDEFED   _system_post_cinit               

[315 symbols]
