******************************************************************************
                  TI ARM Linker PC v20.2.7                     
******************************************************************************
>> Linked Wed Apr 12 14:19:23 2023

OUTPUT FILE NAME:   <gpiointerrupt_CC3220SF_LAUNCHXL_nortos_ccs.out>
ENTRY POINT SYMBOL: "resetISR"  address: 010065b9


MEMORY CONFIGURATION

         name            origin    length      used     unused   attr    fill
----------------------  --------  ---------  --------  --------  ----  --------
  FLASH_HDR             01000000   000007ff  00000000  000007ff  R  X
  FLASH                 01000800   000ff800  000068b4  000f8f4c  R  X
  SRAM                  20000000   00040000  00009e3e  000361c2  RW X
  LOG_DATA              90000000   00040000  00000000  00040000  R   


SEGMENT ALLOCATION MAP

run origin  load origin   length   init length attrs members
----------  ----------- ---------- ----------- ----- -------
01000800    01000800    000068b8   000068b8    r-x
  01000800    01000800    00000040   00000040    r-- .resetVecs
  01000840    01000840    0000629c   0000629c    r-x .text
  01006adc    01006adc    000004e0   000004e0    r-- .const
  01006fc0    01006fc0    000000f8   000000f8    r-- .cinit
20000310    20000310    00008b34   00000000    rw-
  20000310    20000310    00008000   00000000    rw- .sysmem
  20008310    20008310    00000626   00000000    rw- .data
  20008938    20008938    0000050c   00000000    rw- .bss
2003f000    2003f000    00001000   00000000    rw-
  2003f000    2003f000    00001000   00000000    rw- .stack


SECTION ALLOCATION MAP

 output                                  attributes/
section   page    origin      length       input sections
--------  ----  ----------  ----------   ----------------
.resetVecs 
*          0    01000800    00000040     
                  01000800    00000040     nortos_cc32xx.a : startup_cc32xx_ccs.oem4 (.resetVecs:retain)

.text      0    01000840    0000629c     
                  01000840    00000a4e     rtsv7M4_T_le_eabi.lib : _printfi.c.obj (.text:__TI_printfi)
                  0100128e    00000002     ti_drivers_config.obj (.text:Board_initHook)
                  01001290    0000042c     driverlib.a : prcm.obj (.text:PRCMCC3200MCUInit)
                  010016bc    00000288     drivers_cc32xx.a : UARTCC32XX.oem4 (.text:UARTCC32XX_open)
                  01001944    00000268     rtsv7M4_T_le_eabi.lib : _printfi.c.obj (.text:_pconv_a)
                  01001bac    000001cc                           : _printfi.c.obj (.text:_pconv_g)
                  01001d78    000001c8     gpiointerrupt.obj (.text:initI2C)
                  01001f40    000001b6     rtsv7M4_T_le_eabi.lib : fd_add_t2.asm.obj (.text)
                  010020f6    00000002     drivers_cc32xx.a : I2C.oem4 (.text:I2C_init)
                  010020f8    000001a0     nortos_cc32xx.a : PowerCC32XX_nortos.oem4 (.text:PowerCC32XX_sleepPolicy)
                  01002298    00000154     drivers_cc32xx.a : GPIOCC32XX.oem4 (.text:GPIO_setConfig)
                  010023ec    00000148                      : I2CCC32XX.oem4 (.text:I2CCC32XX_hwiFxn)
                  01002534    00000148                      : PowerCC32XX.oem4 (.text:parkPins)
                  0100267c    0000013c     rtsv7M4_T_le_eabi.lib : _printfi.c.obj (.text:_pconv_e)
                  010027b8    00000138     drivers_cc32xx.a : PowerCC32XX.oem4 (.text:Power_sleep)
                  010028f0    00000138                      : TimerCC32XX.oem4 (.text:Timer_open)
                  01002a28    00000136     rtsv7M4_T_le_eabi.lib : fd_div_t2.asm.obj (.text)
                  01002b5e    00000122     drivers_cc32xx.a : I2C.oem4 (.text:I2C_transferTimeout)
                  01002c80    00000120                      : UARTCC32XX.oem4 (.text:UARTCC32XX_close)
                  01002da0    00000120     rtsv7M4_T_le_eabi.lib : _printfi.c.obj (.text:fcvt)
                  01002ec0    00000100                           : memory.c.obj (.text:aligned_alloc)
                  01002fc0    000000fc     drivers_cc32xx.a : I2CCC32XX.oem4 (.text:I2C_open)
                  010030bc    000000fc     rtsv7M4_T_le_eabi.lib : fd_mul_t2.asm.obj (.text)
                  010031b8    000000f2     drivers_cc32xx.a : UARTCC32XX.oem4 (.text:UARTCC32XX_control)
                  010032aa    00000002     nortos_cc32xx.a : PowerCC32XX_nortos.oem4 (.text:PowerCC32XX_initPolicy)
                  010032ac    000000ec     gpiointerrupt.obj (.text:readTemp)
                  01003398    000000e4     rtsv7M4_T_le_eabi.lib : memory.c.obj (.text:free)
                  0100347c    000000d0                           : s_scalbn.c.obj (.text:scalbn)
                  0100354c    000000ca     drivers_cc32xx.a : UARTCC32XX.oem4 (.text:UARTCC32XX_write)
                  01003616    00000002     nortos_cc32xx.a : SemaphoreP_nortos.oem4 (.text:SemaphoreP_destruct)
                  01003618    000000c0     drivers_cc32xx.a : PowerCC32XX.oem4 (.text:restoreParkedPins)
                  010036d8    000000ba                      : UARTCC32XX.oem4 (.text:UARTCC32XX_readPolling)
                  01003792    00000002                      : Timer.oem4 (.text:Timer_init)
                  01003794    000000b8                      : UARTCC32XX.oem4 (.text:initHw)
                  0100384c    000000b6                      : UARTCC32XX.oem4 (.text:readTaskCallback)
                  01003902    000000b2                      : I2CCC32XX.oem4 (.text:I2CCC32XX_completeTransfer)
                  010039b4    000000b1     rtsv7M4_T_le_eabi.lib : _printfi.c.obj (.text:_ltostr)
                  01003a65    00000001     --HOLE-- [fill = 0]
                  01003a66    00000002     drivers_cc32xx.a : UARTCC32XX.oem4 (.text:UARTCC32XX_init)
                  01003a68    000000b0     gpiointerrupt.obj (.text:mainThread)
                  01003b18    000000b0     drivers_cc32xx.a : UARTCC32XX.oem4 (.text:readTaskBlocking)
                  01003bc8    000000ae                      : UARTCC32XX.oem4 (.text:readIsrTextBlocking)
                  01003c76    000000a8                      : I2CCC32XX.oem4 (.text:I2CCC32XX_primeWriteBurst)
                  01003d1e    00000002     rtsv7M4_T_le_eabi.lib : _lock.c.obj (.text:_nop)
                  01003d20    000000a8     driverlib.a : interrupt.obj (.text:IntEnable)
                  01003dc8    000000a8     drivers_cc32xx.a : PowerCC32XX.oem4 (.text:PowerCC32XX_configureWakeup)
                  01003e70    000000a2                      : UARTCC32XX.oem4 (.text:readIsrTextCallback)
                  01003f12    000000a2                      : UARTCC32XX.oem4 (.text:writeData)
                  01003fb4    000000a0     nortos_cc32xx.a : SemaphoreP_nortos.oem4 (.text:SemaphoreP_pend)
                  01004054    0000009c     drivers_cc32xx.a : I2CCC32XX.oem4 (.text:I2CCC32XX_initHw)
                  010040f0    0000009c     rtsv7M4_T_le_eabi.lib : memcpy_t2.asm.obj (.text)
                  0100418c    00000096                           : ull_div_t2.asm.obj (.text)
                  01004222    00000002     nortos_cc32xx.a : startup_cc32xx_ccs.oem4 (.text:busFaultHandler)
                  01004224    00000090     drivers_cc32xx.a : GPIOCC32XX.oem4 (.text:GPIO_init)
                  010042b4    00000090                      : PowerCC32XX.oem4 (.text:restoreNVICRegs)
                  01004344    0000008c     nortos_cc32xx.a : HwiPCC32XX_nortos.oem4 (.text:HwiP_construct)
                  010043d0    00000088     driverlib.a : interrupt.obj (.text:IntPendSet)
                  01004458    00000088                 : pin.obj (.text:PinConfigSet)
                  010044e0    00000086     rtsv7M4_T_le_eabi.lib : fd_cmp_t2.asm.obj (.text:__aeabi_cdcmple)
                  01004566    00000086                           : fd_cmp_t2.asm.obj (.text:__aeabi_cdrcmple)
                  010045ec    00000084     drivers_cc32xx.a : PowerCC32XX.oem4 (.text:Power_init)
                  01004670    00000084                      : PowerCC32XX.oem4 (.text:saveNVICRegs)
                  010046f4    00000080                      : GPIOCC32XX.oem4 (.text:GPIO_write)
                  01004774    00000080                      : PowerCC32XX.oem4 (.text:Power_setDependency)
                  010047f4    0000007c                      : UARTCC32XX.oem4 (.text:readIsrBinaryBlocking)
                  01004870    0000007a                      : I2CCC32XX.oem4 (.text:I2CCC32XX_primeReadBurst)
                  010048ea    0000007a     rtsv7M4_T_le_eabi.lib : fs_mul_t2.asm.obj (.text)
                  01004964    0000007a                           : memset_t2.asm.obj (.text)
                  010049de    00000078     drivers_cc32xx.a : UARTCC32XX.oem4 (.text:readIsrBinaryCallback)
                  01004a56    00000074                      : UARTCC32XX.oem4 (.text:UARTCC32XX_hwiIntFxn)
                  01004aca    00000002     nortos_cc32xx.a : SemaphoreP_nortos.oem4 (.text:clkFxn)
                  01004acc    00000074     drivers_cc32xx.a : GPIOCC32XX.oem4 (.text:powerNotifyFxn)
                  01004b40    00000070     rtsv7M4_T_le_eabi.lib : memory.c.obj (.text:split)
                  01004bb0    0000006e                           : _printfi.c.obj (.text:_mcpy)
                  01004c1e    0000006a     drivers_cc32xx.a : I2CCC32XX.oem4 (.text:I2CSupport_primeTransfer)
                  01004c88    00000068     rtsv7M4_T_le_eabi.lib : copy_decompress_lzss.c.obj (.text:decompress:lzss:__TI_decompress_lzss)
                  01004cf0    00000066     drivers_cc32xx.a : UARTCC32XX.oem4 (.text:UARTCC32XX_writeCancel)
                  01004d56    00000002     nortos_cc32xx.a : startup_cc32xx_ccs.oem4 (.text:defaultHandler)
                  01004d58    00000064     drivers_cc32xx.a : GPIOCC32XX.oem4 (.text:GPIO_setInterruptConfig)
                  01004dbc    00000064                      : PowerCC32XX.oem4 (.text:PowerCC32XX_setParkState)
                  01004e20    00000062                      : UARTCC32XX.oem4 (.text:UARTCC32XX_writePolling)
                  01004e82    00000002     nortos_cc32xx.a : startup_cc32xx_ccs.oem4 (.text:faultISR)
                  01004e84    00000060     drivers_cc32xx.a : GPIOCC32XX.oem4 (.text:GPIO_hwiIntFxn)
                  01004ee4    00000060                      : GPIOCC32XX.oem4 (.text:GPIO_toggle)
                  01004f44    00000060     driverlib.a : prcm.obj (.text:PRCMSysResetCauseGet)
                  01004fa4    0000005c     rtsv7M4_T_le_eabi.lib : s_frexp.c.obj (.text:frexp)
                  01005000    0000005c     nortos_cc32xx.a : ClockPSysTick_nortos.oem4 (.text:sysTickInit)
                  0100505c    00000058     driverlib.a : prcm.obj (.text:PRCMPeripheralReset)
                  010050b4    00000058     drivers_cc32xx.a : PowerCC32XX.oem4 (.text:Power_releaseDependency)
                  0100510c    00000056     rtsv7M4_T_le_eabi.lib : _printfi.c.obj (.text:_pconv_f)
                  01005162    00000054                           : _ltoa.c.obj (.text:__TI_ltoa)
                  010051b6    00000054     drivers_cc32xx.a : UARTCC32XX.oem4 (.text:ringBufGet)
                  0100520a    00000052                      : PowerCC32XX_asm.oem4 (.text:PowerCC32XX_resumeLPDS)
                  0100525c    00000052     rtsv7M4_T_le_eabi.lib : _printfi.c.obj (.text:_ecpy)
                  010052ae    00000052     drivers_cc32xx.a : TimerCC32XX.oem4 (.text:initHw)
                  01005300    00000050     nortos_cc32xx.a : ClockPSysTick_nortos.oem4 (.text:ClockP_sysTickHandler)
                  01005350    00000050                     : SemaphoreP_nortos.oem4 (.text:SemaphoreP_construct)
                  010053a0    00000050     drivers_cc32xx.a : TimerCC32XX.oem4 (.text:TimerCC32XX_allocateTimerResource)
                  010053f0    0000004c                      : I2CCC32XX.oem4 (.text:I2CCC32XX_readRecieveFifo)
                  0100543c    0000004c                      : PowerCC32XX.oem4 (.text:PowerCC32XX_parkPin)
                  01005488    0000004c     rtsv7M4_T_le_eabi.lib : atoi.c.obj (.text:atoi)
                  010054d4    0000004c     drivers_cc32xx.a : PowerCC32XX.oem4 (.text:restorePeriphClocks)
                  01005520    0000004c     rtsv7M4_T_le_eabi.lib : snprintf.c.obj (.text:snprintf)
                  0100556c    00000048     driverlib.a : flash.obj (.text:FlashDisable)
                  010055b4    00000048     drivers_cc32xx.a : GPIOCC32XX.oem4 (.text:GPIO_disableInt)
                  010055fc    00000048                      : GPIOCC32XX.oem4 (.text:GPIO_enableInt)
                  01005644    00000048     driverlib.a : prcm.obj (.text:PRCMLPDSEnter)
                  0100568c    00000048                 : prcm.obj (.text:PRCMPeripheralClkEnable)
                  010056d4    00000048     drivers_cc32xx.a : PowerCC32XX.oem4 (.text:Power_releaseConstraint)
                  0100571c    00000048     gpiointerrupt.obj (.text:initTimer)
                  01005764    00000048     rtsv7M4_T_le_eabi.lib : fd_toi_t2.asm.obj (.text)
                  010057ac    00000046     drivers_cc32xx.a : RingBuf.oem4 (.text:RingBuf_put)
                  010057f2    00000046                      : TimerCC32XX.oem4 (.text:getPrescaler)
                  01005838    00000044     nortos_cc32xx.a : ClockPSysTick_nortos.oem4 (.text:ClockP_stop)
                  0100587c    00000044     driverlib.a : prcm.obj (.text:PRCMLPDSRestoreInfoSet)
                  010058c0    00000044     drivers_cc32xx.a : PowerCC32XX_asm.oem4 (.text:PowerCC32XX_enterLPDS)
                  01005904    00000044     nortos_cc32xx.a : SemaphoreP_nortos.oem4 (.text:SemaphoreP_post)
                  01005948    00000044                     : SwiP_nortos.oem4 (.text:SwiP_restore)
                  0100598c    00000044     drivers_cc32xx.a : Timer.oem4 (.text:Timer_start)
                  010059d0    00000044                      : UART.oem4 (.text:UART_init)
                  01005a14    00000044     rtsv7M4_T_le_eabi.lib : autoinit.c.obj (.text:__TI_auto_init_nobinit_nopinit:__TI_auto_init_nobinit_nopinit)
                  01005a58    00000040     nortos_cc32xx.a : ClockPSysTick_nortos.oem4 (.text:ClockP_construct)
                  01005a98    00000040     driverlib.a : pin.obj (.text:PinModeSet)
                  01005ad8    00000040     drivers_cc32xx.a : RingBuf.oem4 (.text:RingBuf_get)
                  01005b18    00000040                      : TimerCC32XX.oem4 (.text:TimerSupport_timerEnable)
                  01005b58    00000040                      : TimerCC32XX.oem4 (.text:Timer_close)
                  01005b98    00000040                      : UARTCC32XX.oem4 (.text:UARTCC32XX_read)
                  01005bd8    00000040                      : UART.oem4 (.text:UART_open)
                  01005c18    0000003e     rtsv7M4_T_le_eabi.lib : _printfi.c.obj (.text:_fcpy)
                  01005c56    00000002     gpiointerrupt.obj (.text:gpioButtonFxn1)
                  01005c58    0000003c     nortos_cc32xx.a : ClockPSysTick_nortos.oem4 (.text:ClockP_destruct)
                  01005c94    0000003c     drivers_cc32xx.a : PowerCC32XX.oem4 (.text:Power_setConstraint)
                  01005cd0    0000003c     gpiointerrupt.obj (.text:initUART)
                  01005d0c    0000003a     nortos_cc32xx.a : PowerCC32XX_nortos.oem4 (.text:getCountsRTC)
                  01005d46    00000002                     : startup_cc32xx_ccs.oem4 (.text:nmiISR)
                  01005d48    00000038     driverlib.a : prcm.obj (.text:PRCMLPDSEnterKeepDebugIf)
                  01005d80    00000038     nortos_cc32xx.a : ClockPSysTick_nortos.oem4 (.text:addToList)
                  01005db8    00000038                     : startup_cc32xx_ccs.oem4 (.text:initVectors)
                  01005df0    00000038     drivers_cc32xx.a : PowerCC32XX.oem4 (.text:notify)
                  01005e28    00000038     rtsv7M4_T_le_eabi.lib : fs_toi_t2.asm.obj (.text)
                  01005e60    00000038                           : i_tofs_t2.asm.obj (.text)
                  01005e98    00000036     driverlib.a : timer.obj (.text:TimerControlStall)
                  01005ece    00000036     drivers_cc32xx.a : Timer.oem4 (.text:Timer_stop)
                  01005f04    00000036                      : UARTCC32XX.oem4 (.text:UARTCC32XX_readCancel)
                  01005f3a    00000002     rtsv7M4_T_le_eabi.lib : div0.asm.obj (.text)
                  01005f3c    00000034     nortos_cc32xx.a : ClockPSysTick_nortos.oem4 (.text:ClockP_getTicksUntilInterrupt)
                  01005f70    00000034                     : ClockPSysTick_nortos.oem4 (.text:ClockP_startup)
                  01005fa4    00000034     driverlib.a : pin.obj (.text:PinModeGet)
                  01005fd8    00000034     drivers_cc32xx.a : PowerCC32XX.oem4 (.text:PowerCC32XX_restoreParkState)
                  0100600c    00000034                      : TimerCC32XX.oem4 (.text:TimerCC32XX_freeTimerResource)
                  01006040    00000034                      : TimerCC32XX.oem4 (.text:TimerCC32XX_hwiIntFunction)
                  01006074    00000034                      : TimerCC32XX.oem4 (.text:getPowerMgrId)
                  010060a8    00000030     nortos_cc32xx.a : ClockPSysTick_nortos.oem4 (.text:ClockP_start)
                  010060d8    00000030     drivers_cc32xx.a : PowerCC32XX.oem4 (.text:PowerCC32XX_restoreParkedPin)
                  01006108    00000030     rtsv7M4_T_le_eabi.lib : snprintf.c.obj (.text:_outs)
                  01006138    0000002e                           : i_tofd_t2.asm.obj (.text)
                  01006166    00000002     --HOLE-- [fill = 0]
                  01006168    0000002c     drivers_cc32xx.a : PowerCC32XX.oem4 (.text:PowerCC32XX_getParkState)
                  01006194    0000002a     nortos_cc32xx.a : HwiPCC32XX_nortos.oem4 (.text:HwiP_create)
                  010061be    0000002a     driverlib.a : timer.obj (.text:TimerLoadSet)
                  010061e8    0000002a                 : timer.obj (.text:TimerPrescaleSet)
                  01006212    00000028                 : i2c.obj (.text:I2CFIFODataPutNonBlocking)
                  0100623a    00000002     --HOLE-- [fill = 0]
                  0100623c    00000028                 : prcm.obj (.text:PRCMPeripheralClkDisable)
                  01006264    00000028     drivers_cc32xx.a : PowerCC32XX.oem4 (.text:Power_registerNotify)
                  0100628c    00000028     rtsv7M4_T_le_eabi.lib : memory.c.obj (.text:free_list_insert)
                  010062b4    00000026     driverlib.a : i2c.obj (.text:I2CFIFODataGetNonBlocking)
                  010062da    00000026     drivers_cc32xx.a : I2C.oem4 (.text:I2C_cancel)
                  01006300    00000026                      : List.oem4 (.text:List_put)
                  01006326    00000026                      : List.oem4 (.text:List_remove)
                  0100634c    00000024     nortos_cc32xx.a : HwiPCC32XX_nortos.oem4 (.text:HwiP_dispatch)
                  01006370    00000024     drivers_cc32xx.a : PowerCC32XX.oem4 (.text:PowerCC32XX_reset)
                  01006394    00000024                      : TimerCC32XX.oem4 (.text:TimerSupport_timerDisable)
                  010063b8    00000024     rtsv7M4_T_le_eabi.lib : boot_cortex_m.c.obj (.text:_c_int00_noargs:_c_int00_noargs)
                  010063dc    00000022     driverlib.a : i2c.obj (.text:I2CMasterSlaveAddrSet)
                  010063fe    00000020     nortos_cc32xx.a : HwiPCC32XX_nortos.oem4 (.text:HwiP_destruct)
                  0100641e    00000002     --HOLE-- [fill = 0]
                  01006420    00000020     drivers_cc32xx.a : PowerCC32XX.oem4 (.text:Power_unregisterNotify)
                  01006440    00000020                      : RingBuf.oem4 (.text:RingBuf_peek)
                  01006460    00000020                      : UARTCC32XX.oem4 (.text:getPowerMgrId)
                  01006480    0000001e     driverlib.a : i2c.obj (.text:I2CMasterIntStatusEx)
                  0100649e    0000001e     nortos_cc32xx.a : SemaphoreP_nortos.oem4 (.text:SemaphoreP_constructBinary)
                  010064bc    0000001e     driverlib.a : timer.obj (.text:TimerDisable)
                  010064da    0000001e                 : timer.obj (.text:TimerEnable)
                  010064f8    0000001c     drivers_cc32xx.a : GPIO.oem4 (.text:GPIO_setCallback)
                  01006514    0000001c     driverlib.a : pin.obj (.text:PinToPadGet)
                  01006530    0000001c     nortos_cc32xx.a : SwiP_nortos.oem4 (.text:SwiP_disable)
                  0100654c    0000001c     rtsv7M4_T_le_eabi.lib : memory.c.obj (.text:free_list_remove)
                  01006568    0000001c                           : memccpy.c.obj (.text:memccpy)
                  01006584    0000001a     nortos_cc32xx.a : ClockPSysTick_nortos.oem4 (.text:ClockP_create)
                  0100659e    0000001a                     : SemaphoreP_nortos.oem4 (.text:SemaphoreP_createBinary)
                  010065b8    0000001a                     : startup_cc32xx_ccs.oem4 (.text:resetISR)
                  010065d2    00000018     driverlib.a : i2c.obj (.text:I2CMasterBusBusy)
                  010065ea    00000018                 : i2c.obj (.text:I2CMasterIntDisableEx)
                  01006602    00000018                 : i2c.obj (.text:I2CMasterIntEnableEx)
                  0100661a    00000018                 : i2c.obj (.text:I2CRxFIFOFlush)
                  01006632    00000018                 : i2c.obj (.text:I2CTxFIFOFlush)
                  0100664a    00000002     --HOLE-- [fill = 0]
                  0100664c    00000018     drivers_cc32xx.a : PowerCC32XX.oem4 (.text:Power_getTransitionLatency)
                  01006664    00000018                      : PowerCC32XX.oem4 (.text:Power_idleFunc)
                  0100667c    00000018     driverlib.a : timer.obj (.text:TimerIntDisable)
                  01006694    00000018                 : timer.obj (.text:TimerIntEnable)
                  010066ac    00000018                 : uart.obj (.text:UARTBusy)
                  010066c4    00000018                 : uart.obj (.text:UARTIntEnable)
                  010066dc    00000018     drivers_cc32xx.a : UART.oem4 (.text:UART_Params_init)
                  010066f4    00000018     rtsv7M4_T_le_eabi.lib : snprintf.c.obj (.text:_outc)
                  0100670c    00000018                           : ll_mul_t2.asm.obj (.text)
                  01006724    00000016     driverlib.a : i2c.obj (.text:I2CMasterBurstLengthSet)
                  0100673a    00000016                 : prcm.obj (.text:PRCMHIBRegRead)
                  01006750    00000016                 : prcm.obj (.text:PRCMHIBRegWrite)
                  01006766    00000016     nortos_cc32xx.a : SemaphoreP_nortos.oem4 (.text:SemaphoreP_create)
                  0100677c    00000016     rtsv7M4_T_le_eabi.lib : strchr.c.obj (.text:strchr)
                  01006792    00000014     ti_drivers_config.obj (.text:Board_init)
                  010067a6    00000014     driverlib.a : cpu.obj (.text:CPUcpsid)
                  010067ba    00000002     --HOLE-- [fill = 0]
                  010067bc    00000014     nortos_cc32xx.a : HwiPCC32XX_nortos.oem4 (.text:HwiP_inISR)
                  010067d0    00000014     drivers_cc32xx.a : I2CCC32XX.oem4 (.text:I2CSupport_masterFinish)
                  010067e4    00000014                      : I2C.oem4 (.text:I2C_transfer)
                  010067f8    00000014     driverlib.a : interrupt.obj (.text:IntVTableBaseSet)
                  0100680c    00000014     drivers_cc32xx.a : PowerCC32XX.oem4 (.text:Power_disablePolicy)
                  01006820    00000014                      : PowerCC32XX.oem4 (.text:Power_getDependencyCount)
                  01006834    00000014                      : UARTCC32XX.oem4 (.text:releasePowerConstraint)
                  01006848    00000014     rtsv7M4_T_le_eabi.lib : strlen.c.obj (.text:strlen)
                  0100685c    00000012     nortos_cc32xx.a : HwiPCC32XX_nortos.oem4 (.text:HwiP_Params_init)
                  0100686e    00000012     driverlib.a : i2c.obj (.text:I2CMasterIntClearEx)
                  01006880    00000012     drivers_cc32xx.a : RingBuf.oem4 (.text:RingBuf_construct)
                  01006892    00000012     driverlib.a : timer.obj (.text:TimerIntClear)
                  010068a4    00000012     main_nortos.obj (.text:main)
                  010068b6    00000012     rtsv7M4_T_le_eabi.lib : wcslen.c.obj (.text:wcslen)
                  010068c8    00000010     nortos_cc32xx.a : ClockPSysTick_nortos.oem4 (.text:ClockP_add)
                  010068d8    00000010                     : ClockPSysTick_nortos.oem4 (.text:ClockP_delete)
                  010068e8    00000010                     : ClockPSysTick_nortos.oem4 (.text:ClockP_getCpuFreq)
                  010068f8    00000010                     : ClockPSysTick_nortos.oem4 (.text:ClockP_getSystemTicks)
                  01006908    00000010                     : ClockPSysTick_nortos.oem4 (.text:ClockP_setTicks)
                  01006918    00000010                     : HwiPCC32XX_nortos.oem4 (.text:HwiP_delete)
                  01006928    00000010                     : HwiPCC32XX_nortos.oem4 (.text:HwiP_restore)
                  01006938    00000010     driverlib.a : i2c.obj (.text:I2CFIFOStatus)
                  01006948    00000010     drivers_cc32xx.a : I2C.oem4 (.text:I2C_Params_init)
                  01006958    00000010                      : PowerCC32XX.oem4 (.text:Power_enablePolicy)
                  01006968    00000010     nortos_cc32xx.a : SemaphoreP_nortos.oem4 (.text:SemaphoreP_Params_init)
                  01006978    00000010     drivers_cc32xx.a : Timer.oem4 (.text:Timer_Params_init)
                  01006988    00000010                      : UARTCC32XX.oem4 (.text:readBlockingTimeout)
                  01006998    0000000e     nortos_cc32xx.a : HwiPCC32XX_nortos.oem4 (.text:HwiP_clearInterrupt)
                  010069a6    0000000e                     : HwiPCC32XX_nortos.oem4 (.text:HwiP_disable)
                  010069b4    0000000e                     : HwiPCC32XX_nortos.oem4 (.text:HwiP_disableInterrupt)
                  010069c2    0000000e                     : HwiPCC32XX_nortos.oem4 (.text:HwiP_enable)
                  010069d0    0000000e                     : HwiPCC32XX_nortos.oem4 (.text:HwiP_enableInterrupt)
                  010069de    0000000e     drivers_cc32xx.a : I2CCC32XX.oem4 (.text:I2CCC32XX_updateReg)
                  010069ec    0000000e                      : RingBuf.oem4 (.text:RingBuf_isFull)
                  010069fa    0000000e     rtsv7M4_T_le_eabi.lib : copy_decompress_none.c.obj (.text:decompress:none:__TI_decompress_none)
                  01006a08    0000000c     drivers_cc32xx.a : I2CCC32XX.oem4 (.text:I2CCC32XX_postNotify)
                  01006a14    0000000c                      : PowerCC32XX.oem4 (.text:Power_getConstraintMask)
                  01006a20    0000000c     rtsv7M4_T_le_eabi.lib : s_copysign.c.obj (.text:copysign)
                  01006a2c    0000000c                           : copy_zero_init.c.obj (.text:decompress:ZI:__TI_zero_init)
                  01006a38    0000000c     drivers_cc32xx.a : TimerCC32XX.oem4 (.text:postNotifyFxn)
                  01006a44    0000000c                      : UARTCC32XX.oem4 (.text:postNotifyFxn)
                  01006a50    0000000c     gpiointerrupt.obj (.text:timerCallback)
                  01006a5c    0000000a     nortos_cc32xx.a : ClockPSysTick_nortos.oem4 (.text:ClockP_Params_init)
                  01006a66    0000000a                     : ClockPSysTick_nortos.oem4 (.text:ClockP_isActive)
                  01006a70    0000000a     driverlib.a : interrupt.obj (.text:IntMasterDisable)
                  01006a7a    0000000a     drivers_cc32xx.a : UART.oem4 (.text:UART_write)
                  01006a84    00000008                      : I2CCC32XX.oem4 (.text:I2CCC32XX_blockingCallback)
                  01006a8c    00000008     rtsv7M4_T_le_eabi.lib : errno.c.obj (.text:__aeabi_errno_addr)
                  01006a94    00000008                           : memory.c.obj (.text:malloc)
                  01006a9c    00000008     drivers_cc32xx.a : UARTCC32XX.oem4 (.text:readSemCallback)
                  01006aa4    00000008                      : UARTCC32XX.oem4 (.text:writeSemCallback)
                  01006aac    00000006                      : I2CCC32XX.oem4 (.text:I2CSupport_powerRelConstraint)
                  01006ab2    00000006                      : I2CCC32XX.oem4 (.text:I2CSupport_powerSetConstraint)
                  01006ab8    00000006     driverlib.a : utils.obj (.text:UtilsDelay)
                  01006abe    00000006     gpiointerrupt.obj (.text:gpioButtonFxn0)
                  01006ac4    00000004     nortos_cc32xx.a : ClockPSysTick_nortos.oem4 (.text:ClockP_doTick)
                  01006ac8    00000004                     : ClockPSysTick_nortos.oem4 (.text:ClockP_setTimeout)
                  01006acc    00000004                     : HwiPCC32XX_nortos.oem4 (.text:HwiP_post)
                  01006ad0    00000004                     : SemaphoreP_nortos.oem4 (.text:SemaphoreP_delete)
                  01006ad4    00000004     rtsv7M4_T_le_eabi.lib : pre_init.c.obj (.text:_system_pre_init)
                  01006ad8    00000004                           : exit.c.obj (.text:abort:abort)

.const     0    01006adc    000004e0     
                  01006adc    00000101     rtsv7M4_T_le_eabi.lib : ctype.c.obj (.const:.string:_ctypes_)
                  01006bdd    00000003     --HOLE-- [fill = 0]
                  01006be0    00000100     driverlib.a : pin.obj (.const:g_ulPinToPadMap)
                  01006ce0    000000a8                 : prcm.obj (.const:PRCM_PeriphRegsList)
                  01006d88    00000044     ti_drivers_config.obj (.const:PowerCC32XX_config)
                  01006dcc    00000028     drivers_cc32xx.a : UARTCC32XX.oem4 (.const:UARTCC32XX_fxnTable)
                  01006df4    00000028                      : GPIOCC32XX.oem4 (.const:portConfigs)
                  01006e1c    00000024                      : UART.oem4 (.const:UART_defaultParams)
                  01006e40    00000024     ti_drivers_config.obj (.const:uartCC32XXHWAttrs0)
                  01006e64    00000021     drivers_cc32xx.a : GPIOCC32XX.oem4 (.const:.string:pinTable)
                  01006e85    00000003     --HOLE-- [fill = 0]
                  01006e88    00000020                      : UARTCC32XX.oem4 (.const:staticFxnTable)
                  01006ea8    00000018     driverlib.a : interrupt.obj (.const:g_pulEnRegs)
                  01006ec0    00000018                 : interrupt.obj (.const:g_pulPendRegs)
                  01006ed8    00000018     gpiointerrupt.obj (.const:sensors)
                  01006ef0    00000014     ti_drivers_config.obj (.const:i2cCC32XXHWAttrs)
                  01006f04    00000014     drivers_cc32xx.a : UARTCC32XX.oem4 (.const:parityType)
                  01006f18    00000010     ti_drivers_config.obj (.const:GPIO_config)
                  01006f28    00000010     drivers_cc32xx.a : I2C.oem4 (.const:I2C_defaultParams)
                  01006f38    00000010                      : I2CCC32XX.oem4 (.const:I2C_defaultParams)
                  01006f48    00000010                      : UARTCC32XX.oem4 (.const:dataLength)
                  01006f58    00000010     ti_drivers_config.obj (.const:timerCC32XXHWAttrs)
                  01006f68    0000000c     gpiointerrupt.obj (.const:.string)
                  01006f74    0000000c     ti_drivers_config.obj (.const:UART_config)
                  01006f80    0000000c     drivers_cc32xx.a : Timer.oem4 (.const:defaultParams)
                  01006f8c    0000000c                      : TimerCC32XX.oem4 (.const:defaultParams)
                  01006f98    0000000b     ti_drivers_config.obj (.const)
                  01006fa3    00000001     --HOLE-- [fill = 0]
                  01006fa4    00000008     ti_drivers_config.obj (.const:I2C_config)
                  01006fac    00000008     ti_drivers_config.obj (.const:Timer_config)
                  01006fb4    00000008     drivers_cc32xx.a : UARTCC32XX.oem4 (.const:stopBits)

.cinit     0    01006fc0    000000f8     
                  01006fc0    000000ce     (.cinit..data.load) [load image, compression = lzss]
                  0100708e    00000002     --HOLE-- [fill = 0]
                  01007090    0000000c     (__TI_handler_table)
                  0100709c    00000004     --HOLE-- [fill = 0]
                  010070a0    00000008     (.cinit..bss.load) [load image, compression = zero_init]
                  010070a8    00000010     (__TI_cinit_table)

.init_array 
*          0    01000800    00000000     UNINITIALIZED

.ramVecs   0    20000000    0000030c     NOLOAD SECTION
                  20000000    0000030c     nortos_cc32xx.a : startup_cc32xx_ccs.oem4 (.ramVecs)

.sysmem    0    20000310    00008000     UNINITIALIZED
                  20000310    00000010     rtsv7M4_T_le_eabi.lib : memory.c.obj (.sysmem)
                  20000320    00007ff0     --HOLE--

.data      0    20008310    00000626     UNINITIALIZED
                  20008310    0000030c     nortos_cc32xx.a : HwiPCC32XX_nortos.oem4 (.data:HwiP_dispatchTable)
                  2000861c    0000016c     drivers_cc32xx.a : PowerCC32XX.oem4 (.data:PowerCC32XX_module)
                  20008788    000000f8     ti_drivers_config.obj (.data:parkInfo)
                  20008880    00000084     ti_drivers_config.obj (.data:gpioPinConfigs)
                  20008904    00000008     rtsv7M4_T_le_eabi.lib : _lock.c.obj (.data:$O1$$)
                  2000890c    00000008                           : memory.c.obj (.data:$O1$$)
                  20008914    00000008     nortos_cc32xx.a : SemaphoreP_nortos.oem4 (.data:SemaphoreP_defaultParams)
                  2000891c    00000008                     : HwiPCC32XX_nortos.oem4 (.data)
                  20008924    00000005                     : ClockPSysTick_nortos.oem4 (.data)
                  20008929    00000003     gpiointerrupt.obj (.data)
                  2000892c    00000004     rtsv7M4_T_le_eabi.lib : errno.c.obj (.data)
                  20008930    00000003     nortos_cc32xx.a : SemaphoreP_nortos.oem4 (.data)
                  20008933    00000002     drivers_cc32xx.a : GPIOCC32XX.oem4 (.data)
                  20008935    00000001                      : UART.oem4 (.data)

.bss       0    20008938    0000050c     UNINITIALIZED
                  20008938    0000012c     (.common:PowerCC32XX_contextSave)
                  20008a64    000000fc     (.common:i2cCC32XXObjects)
                  20008b60    00000084     (.common:gpioCallbackFunctions)
                  20008be4    00000084     (.common:gpioUserArgs)
                  20008c68    00000084     (.common:timerCC32XXObjects)
                  20008cec    00000084     (.common:uartCC32XXObjects0)
                  20008d70    00000074     gpiointerrupt.obj (.bss:$O1$$)
                  20008de4    00000020     ti_drivers_config.obj (.bss:uartCC32XXRingBuffer0)
                  20008e04    00000014     drivers_cc32xx.a : GPIOCC32XX.oem4 (.bss:powerNotifyObj)
                  20008e18    00000010     (.common:ClockP_ctrl)
                  20008e28    0000000d     nortos_cc32xx.a : SwiP_nortos.oem4 (.bss)
                  20008e35    00000003     --HOLE--
                  20008e38    00000004     drivers_cc32xx.a : GPIOCC32XX.oem4 (.bss)
                  20008e3c    00000004     nortos_cc32xx.a : ClockPSysTick_nortos.oem4 (.bss)
                  20008e40    00000004     drivers_cc32xx.a : TimerCC32XX.oem4 (.bss:timerState)

.stack     0    2003f000    00001000     UNINITIALIZED
                  2003f000    00000004     rtsv7M4_T_le_eabi.lib : boot_cortex_m.c.obj (.stack)
                  2003f004    00000ffc     --HOLE--

.log_data 
*          0    90000000    00000000     COPY SECTION

__llvm_prf_cnts 
*          0    20000000    00000000     UNINITIALIZED

.binit     0    01000000    00000000     

MODULE SUMMARY

       Module                       code    ro data   rw data
       ------                       ----    -------   -------
    .\
       gpiointerrupt.obj            1020    36        119    
       main_nortos.obj              18      0         0      
    +--+----------------------------+-------+---------+---------+
       Total:                       1038    36        119    
                                                             
    .\syscfg\
       ti_drivers_config.obj        22      195       1192   
    +--+----------------------------+-------+---------+---------+
       Total:                       22      195       1192   
                                                             
    C:/ti/simplelink_cc32xx_sdk_6_10_00_05/kernel/nortos/lib/ccs/m4/nortos_cc32xx.a
       HwiPCC32XX_nortos.oem4       394     0         788    
       startup_cc32xx_ccs.oem4      90      64        780    
       ClockPSysTick_nortos.oem4    706     0         25     
       PowerCC32XX_nortos.oem4      476     0         0      
       SemaphoreP_nortos.oem4       410     0         11     
       SwiP_nortos.oem4             96      0         13     
    +--+----------------------------+-------+---------+---------+
       Total:                       2172    64        1617   
                                                             
    C:/ti/simplelink_cc32xx_sdk_6_10_00_05/source/ti/devices/cc32xx/driverlib/ccs/Release/driverlib.a
       prcm.obj                     1604    168       0      
       pin.obj                      280     256       0      
       interrupt.obj                334     48        0      
       i2c.obj                      318     0         0      
       timer.obj                    264     0         0      
       flash.obj                    72      0         0      
       uart.obj                     48      0         0      
       cpu.obj                      20      0         0      
       utils.obj                    6       0         0      
    +--+----------------------------+-------+---------+---------+
       Total:                       2946    472       0      
                                                             
    C:/ti/simplelink_cc32xx_sdk_6_10_00_05/source/ti/drivers/lib/ccs/m4/drivers_cc32xx.a
       UARTCC32XX.oem4              3466    116       0      
       PowerCC32XX.oem4             2432    0         664    
       I2CCC32XX.oem4               1452    16        0      
       GPIOCC32XX.oem4              1164    73        26     
       TimerCC32XX.oem4             876     12        4      
       I2C.oem4                     366     16        0      
       UART.oem4                    166     36        1      
       RingBuf.oem4                 198     0         0      
       Timer.oem4                   140     12        0      
       PowerCC32XX_asm.oem4         150     0         0      
       List.oem4                    76      0         0      
       GPIO.oem4                    28      0         0      
    +--+----------------------------+-------+---------+---------+
       Total:                       10514   281       695    
                                                             
    C:\ti\ccs1220\ccs\tools\compiler\ti-cgt-arm_20.2.7.LTS\lib\rtsv7M4_T_le_eabi.lib
       _printfi.c.obj               4835    0         0      
       memory.c.obj                 672     0         8      
       fd_add_t2.asm.obj            438     0         0      
       fd_div_t2.asm.obj            310     0         0      
       fd_cmp_t2.asm.obj            268     0         0      
       ctype.c.obj                  0       257       0      
       fd_mul_t2.asm.obj            252     0         0      
       s_scalbn.c.obj               208     0         0      
       memcpy_t2.asm.obj            156     0         0      
       ull_div_t2.asm.obj           150     0         0      
       snprintf.c.obj               148     0         0      
       fs_mul_t2.asm.obj            122     0         0      
       memset_t2.asm.obj            122     0         0      
       copy_decompress_lzss.c.obj   104     0         0      
       s_frexp.c.obj                92      0         0      
       _ltoa.c.obj                  84      0         0      
       atoi.c.obj                   76      0         0      
       fd_toi_t2.asm.obj            72      0         0      
       autoinit.c.obj               68      0         0      
       fs_toi_t2.asm.obj            56      0         0      
       i_tofs_t2.asm.obj            56      0         0      
       i_tofd_t2.asm.obj            46      0         0      
       boot_cortex_m.c.obj          36      0         0      
       memccpy.c.obj                28      0         0      
       ll_mul_t2.asm.obj            24      0         0      
       strchr.c.obj                 22      0         0      
       strlen.c.obj                 20      0         0      
       wcslen.c.obj                 18      0         0      
       copy_decompress_none.c.obj   14      0         0      
       copy_zero_init.c.obj         12      0         0      
       errno.c.obj                  8       0         4      
       s_copysign.c.obj             12      0         0      
       _lock.c.obj                  2       0         8      
       exit.c.obj                   4       0         0      
       pre_init.c.obj               4       0         0      
       div0.asm.obj                 2       0         0      
    +--+----------------------------+-------+---------+---------+
       Total:                       8541    257       20     
                                                             
       Heap:                        0       0         32768  
       Stack:                       0       0         4096   
       Linker Generated:            0       242       0      
    +--+----------------------------+-------+---------+---------+
       Grand Total:                 25233   1547      40507  


LINKER GENERATED COPY TABLES

__TI_cinit_table @ 010070a8 records: 2, size/record: 8, table size: 16
	.data: load addr=01006fc0, load size=000000ce bytes, run addr=20008310, run size=00000626 bytes, compression=lzss
	.bss: load addr=010070a0, load size=00000008 bytes, run addr=20008938, run size=0000050c bytes, compression=zero_init


LINKER GENERATED HANDLER TABLE

__TI_handler_table @ 01007090 records: 3, size/record: 4, table size: 12
	index: 0, handler: __TI_decompress_lzss
	index: 1, handler: __TI_decompress_none
	index: 2, handler: __TI_zero_init


GLOBAL SYMBOLS: SORTED ALPHABETICALLY BY Name 

address   name                             
-------   ----                             
01006793  Board_init                       
0100128f  Board_initHook                   
01006ad9  C$$EXIT                          
01006f9a  CONFIG_GPIO_BUTTON_0_CONST       
01006f9b  CONFIG_GPIO_BUTTON_1_CONST       
01006f9c  CONFIG_GPIO_LED_0_CONST          
01006f9d  CONFIG_I2C_0_CONST               
01006f9f  CONFIG_TIMER_0_CONST             
01006fa1  CONFIG_UART_0_CONST              
010067a7  CPUcpsid                         
01006a5d  ClockP_Params_init               
010068c9  ClockP_add                       
01005a59  ClockP_construct                 
01006585  ClockP_create                    
20008e18  ClockP_ctrl                      
010068d9  ClockP_delete                    
01005c59  ClockP_destruct                  
01006ac5  ClockP_doTick                    
010068e9  ClockP_getCpuFreq                
010068f9  ClockP_getSystemTicks            
01005f3d  ClockP_getTicksUntilInterrupt    
01006a67  ClockP_isActive                  
01006909  ClockP_setTicks                  
01006ac9  ClockP_setTimeout                
010060a9  ClockP_start                     
01005f71  ClockP_startup                   
01005839  ClockP_stop                      
01005301  ClockP_sysTickHandler            
20008924  ClockP_tickPeriod                
0100556d  FlashDisable                     
01006f18  GPIO_config                      
010055b5  GPIO_disableInt                  
010055fd  GPIO_enableInt                   
01004e85  GPIO_hwiIntFxn                   
01004225  GPIO_init                        
01006f98  GPIO_pinLowerBound               
01006f99  GPIO_pinUpperBound               
010064f9  GPIO_setCallback                 
01002299  GPIO_setConfig                   
01004d59  GPIO_setInterruptConfig          
01004ee5  GPIO_toggle                      
010046f5  GPIO_write                       
20008d72  Heat_State                       
0100685d  HwiP_Params_init                 
01006999  HwiP_clearInterrupt              
01004345  HwiP_construct                   
01006195  HwiP_create                      
01006919  HwiP_delete                      
010063ff  HwiP_destruct                    
010069a7  HwiP_disable                     
010069b5  HwiP_disableInterrupt            
0100634d  HwiP_dispatch                    
010069c3  HwiP_enable                      
010069d1  HwiP_enableInterrupt             
010067bd  HwiP_inISR                       
2000891c  HwiP_key                         
01006acd  HwiP_post                        
01006929  HwiP_restore                     
20008920  HwiP_swiPIntNum                  
010062b5  I2CFIFODataGetNonBlocking        
01006213  I2CFIFODataPutNonBlocking        
01006939  I2CFIFOStatus                    
01006725  I2CMasterBurstLengthSet          
010065d3  I2CMasterBusBusy                 
0100686f  I2CMasterIntClearEx              
010065eb  I2CMasterIntDisableEx            
01006603  I2CMasterIntEnableEx             
01006481  I2CMasterIntStatusEx             
010063dd  I2CMasterSlaveAddrSet            
0100661b  I2CRxFIFOFlush                   
010067d1  I2CSupport_masterFinish          
01006aad  I2CSupport_powerRelConstraint    
01006ab3  I2CSupport_powerSetConstraint    
01004c1f  I2CSupport_primeTransfer         
01006633  I2CTxFIFOFlush                   
01006949  I2C_Params_init                  
010062db  I2C_cancel                       
01006fa4  I2C_config                       
01006f9e  I2C_count                        
01006f28  I2C_defaultParams                
010020f7  I2C_init                         
01002fc1  I2C_open                         
010067e5  I2C_transfer                     
01002b5f  I2C_transferTimeout              
UNDEFED   ITM_flush                        
UNDEFED   ITM_restore                      
01003d21  IntEnable                        
01006a71  IntMasterDisable                 
010043d1  IntPendSet                       
010067f9  IntVTableBaseSet                 
20008d71  LED_State                        
01006301  List_put                         
01006327  List_remove                      
010069c3  NoRTOS_start                     
01001291  PRCMCC3200MCUInit                
0100673b  PRCMHIBRegRead                   
01006751  PRCMHIBRegWrite                  
01005645  PRCMLPDSEnter                    
01005d49  PRCMLPDSEnterKeepDebugIf         
0100587d  PRCMLPDSRestoreInfoSet           
0100623d  PRCMPeripheralClkDisable         
0100568d  PRCMPeripheralClkEnable          
0100505d  PRCMPeripheralReset              
01004f45  PRCMSysResetCauseGet             
01004459  PinConfigSet                     
01005fa5  PinModeGet                       
01005a99  PinModeSet                       
01006515  PinToPadGet                      
01006d88  PowerCC32XX_config               
01003dc9  PowerCC32XX_configureWakeup      
20008938  PowerCC32XX_contextSave          
010058c1  PowerCC32XX_enterLPDS            
01006169  PowerCC32XX_getParkState         
010032ab  PowerCC32XX_initPolicy           
2000861c  PowerCC32XX_module               
0100543d  PowerCC32XX_parkPin              
01006371  PowerCC32XX_reset                
01005fd9  PowerCC32XX_restoreParkState     
010060d9  PowerCC32XX_restoreParkedPin     
0100520b  PowerCC32XX_resumeLPDS           
01004dbd  PowerCC32XX_setParkState         
010020f9  PowerCC32XX_sleepPolicy          
0100680d  Power_disablePolicy              
01006959  Power_enablePolicy               
01006a15  Power_getConstraintMask          
01006821  Power_getDependencyCount         
0100664d  Power_getTransitionLatency       
01006665  Power_idleFunc                   
010045ed  Power_init                       
01006265  Power_registerNotify             
010056d5  Power_releaseConstraint          
010050b5  Power_releaseDependency          
01005c95  Power_setConstraint              
01004775  Power_setDependency              
010027b9  Power_sleep                      
01006421  Power_unregisterNotify           
01006881  RingBuf_construct                
01005ad9  RingBuf_get                      
010069ed  RingBuf_isFull                   
01006441  RingBuf_peek                     
010057ad  RingBuf_put                      
01006969  SemaphoreP_Params_init           
01005351  SemaphoreP_construct             
0100649f  SemaphoreP_constructBinary       
01006767  SemaphoreP_create                
0100659f  SemaphoreP_createBinary          
20008914  SemaphoreP_defaultParams         
01006ad1  SemaphoreP_delete                
01003617  SemaphoreP_destruct              
01003fb5  SemaphoreP_pend                  
01005905  SemaphoreP_post                  
01006531  SwiP_disable                     
01005949  SwiP_restore                     
010053a1  TimerCC32XX_allocateTimerResource
0100600d  TimerCC32XX_freeTimerResource    
01005e99  TimerControlStall                
010064bd  TimerDisable                     
010064db  TimerEnable                      
20008929  TimerFlag                        
01006893  TimerIntClear                    
0100667d  TimerIntDisable                  
01006695  TimerIntEnable                   
010061bf  TimerLoadSet                     
010061e9  TimerPrescaleSet                 
01006395  TimerSupport_timerDisable        
01005b19  TimerSupport_timerEnable         
01006979  Timer_Params_init                
01005b59  Timer_close                      
01006fac  Timer_config                     
01006fa0  Timer_count                      
01003793  Timer_init                       
010028f1  Timer_open                       
0100598d  Timer_start                      
01005ecf  Timer_stop                       
010066ad  UARTBusy                         
01002c81  UARTCC32XX_close                 
010031b9  UARTCC32XX_control               
01006dcc  UARTCC32XX_fxnTable              
01003a67  UARTCC32XX_init                  
010016bd  UARTCC32XX_open                  
01005b99  UARTCC32XX_read                  
01005f05  UARTCC32XX_readCancel            
010036d9  UARTCC32XX_readPolling           
0100354d  UARTCC32XX_write                 
01004cf1  UARTCC32XX_writeCancel           
01004e21  UARTCC32XX_writePolling          
010066c5  UARTIntEnable                    
010066dd  UART_Params_init                 
01006f74  UART_config                      
01006fa2  UART_count                       
01006e1c  UART_defaultParams               
010059d1  UART_init                        
01005bd9  UART_open                        
01006a7b  UART_write                       
01006ab9  UtilsDelay                       
20040000  __STACK_END                      
00001000  __STACK_SIZE                     
00008000  __SYSMEM_SIZE                    
010070a8  __TI_CINIT_Base                  
010070b8  __TI_CINIT_Limit                 
01007090  __TI_Handler_Table_Base          
0100709c  __TI_Handler_Table_Limit         
01005a15  __TI_auto_init_nobinit_nopinit   
01004c89  __TI_decompress_lzss             
010069fb  __TI_decompress_none             
01005163  __TI_ltoa                        
ffffffff  __TI_pprof_out_hndl              
01000841  __TI_printfi                     
ffffffff  __TI_prof_data_size              
ffffffff  __TI_prof_data_start             
01006fc0  __TI_static_base__               
01006a2d  __TI_zero_init                   
010044e1  __aeabi_cdcmpeq                  
010044e1  __aeabi_cdcmple                  
01004567  __aeabi_cdrcmple                 
01005765  __aeabi_d2iz                     
01001f4b  __aeabi_dadd                     
01002a29  __aeabi_ddiv                     
010030bd  __aeabi_dmul                     
01001f41  __aeabi_dsub                     
01006a8d  __aeabi_errno_addr               
01005e29  __aeabi_f2iz                     
010048eb  __aeabi_fmul                     
01006139  __aeabi_i2d                      
01005e61  __aeabi_i2f                      
01005f3b  __aeabi_idiv0                    
01005f3b  __aeabi_ldiv0                    
0100670d  __aeabi_lmul                     
01004965  __aeabi_memclr                   
01004965  __aeabi_memclr4                  
01004965  __aeabi_memclr8                  
010040f1  __aeabi_memcpy                   
010040f1  __aeabi_memcpy4                  
010040f1  __aeabi_memcpy8                  
01004967  __aeabi_memset                   
01004967  __aeabi_memset4                  
01004967  __aeabi_memset8                  
0100418d  __aeabi_uldivmod                 
ffffffff  __binit__                        
ffffffff  __c_args__                       
UNDEFED   __mpu_init                       
2003f000  __stack                          
20000000  __start___llvm_prf_cnts          
20000000  __stop___llvm_prf_cnts           
010063b9  _c_int00_noargs                  
01006adc  _ctypes_                         
20008904  _lock                            
01003d1f  _nop                             
20000310  _sys_memory                      
UNDEFED   _system_post_cinit               
01006ad5  _system_pre_init                 
20008908  _unlock                          
01006ad9  abort                            
01002ec1  aligned_alloc                    
01005489  atoi                             
ffffffff  binit                            
01004acb  clkFxn                           
01006a21  copysign                         
01006a21  copysignl                        
2000892c  errno                            
01003399  free                             
01004fa5  frexp                            
01004fa5  frexpl                           
01006abf  gpioButtonFxn0                   
01005c57  gpioButtonFxn1                   
20008b60  gpioCallbackFunctions            
20008880  gpioPinConfigs                   
20008be4  gpioUserArgs                     
2000892a  heat_activated                   
20008d7c  i2c                              
01006ef0  i2cCC32XXHWAttrs                 
20008a64  i2cCC32XXObjects                 
20008d84  i2cTransaction                   
01001d79  initI2C                          
0100571d  initTimer                        
01005cd1  initUART                         
01005db9  initVectors                      
0100347d  ldexp                            
0100347d  ldexpl                           
010068a5  main                             
01003a69  mainThread                       
01006a95  malloc                           
01002ec1  memalign                         
01006569  memccpy                          
010040f1  memcpy                           
0100496d  memset                           
20008da4  output                           
20008788  parkInfo                         
010032ad  readTemp                         
010065b9  resetISR                         
010065cc  resetVectorAddr                  
01000800  resetVectors                     
20008d73  rxBuffer                         
0100347d  scalbn                           
0100347d  scalbnl                          
2000892b  setpoint                         
01005521  snprintf                         
0100677d  strchr                           
01006849  strlen                           
20008d80  timer0                           
01006f58  timerCC32XXHWAttrs               
20008c68  timerCC32XXObjects               
01006a51  timerCallback                    
20008d70  txBuffer                         
20008d78  uart                             
20008cec  uartCC32XXObjects0               
010068b7  wcslen                           


GLOBAL SYMBOLS: SORTED BY Symbol Address 

address   name                             
-------   ----                             
00001000  __STACK_SIZE                     
00008000  __SYSMEM_SIZE                    
01000800  resetVectors                     
01000841  __TI_printfi                     
0100128f  Board_initHook                   
01001291  PRCMCC3200MCUInit                
010016bd  UARTCC32XX_open                  
01001d79  initI2C                          
01001f41  __aeabi_dsub                     
01001f4b  __aeabi_dadd                     
010020f7  I2C_init                         
010020f9  PowerCC32XX_sleepPolicy          
01002299  GPIO_setConfig                   
010027b9  Power_sleep                      
010028f1  Timer_open                       
01002a29  __aeabi_ddiv                     
01002b5f  I2C_transferTimeout              
01002c81  UARTCC32XX_close                 
01002ec1  aligned_alloc                    
01002ec1  memalign                         
01002fc1  I2C_open                         
010030bd  __aeabi_dmul                     
010031b9  UARTCC32XX_control               
010032ab  PowerCC32XX_initPolicy           
010032ad  readTemp                         
01003399  free                             
0100347d  ldexp                            
0100347d  ldexpl                           
0100347d  scalbn                           
0100347d  scalbnl                          
0100354d  UARTCC32XX_write                 
01003617  SemaphoreP_destruct              
010036d9  UARTCC32XX_readPolling           
01003793  Timer_init                       
01003a67  UARTCC32XX_init                  
01003a69  mainThread                       
01003d1f  _nop                             
01003d21  IntEnable                        
01003dc9  PowerCC32XX_configureWakeup      
01003fb5  SemaphoreP_pend                  
010040f1  __aeabi_memcpy                   
010040f1  __aeabi_memcpy4                  
010040f1  __aeabi_memcpy8                  
010040f1  memcpy                           
0100418d  __aeabi_uldivmod                 
01004225  GPIO_init                        
01004345  HwiP_construct                   
010043d1  IntPendSet                       
01004459  PinConfigSet                     
010044e1  __aeabi_cdcmpeq                  
010044e1  __aeabi_cdcmple                  
01004567  __aeabi_cdrcmple                 
010045ed  Power_init                       
010046f5  GPIO_write                       
01004775  Power_setDependency              
010048eb  __aeabi_fmul                     
01004965  __aeabi_memclr                   
01004965  __aeabi_memclr4                  
01004965  __aeabi_memclr8                  
01004967  __aeabi_memset                   
01004967  __aeabi_memset4                  
01004967  __aeabi_memset8                  
0100496d  memset                           
01004acb  clkFxn                           
01004c1f  I2CSupport_primeTransfer         
01004c89  __TI_decompress_lzss             
01004cf1  UARTCC32XX_writeCancel           
01004d59  GPIO_setInterruptConfig          
01004dbd  PowerCC32XX_setParkState         
01004e21  UARTCC32XX_writePolling          
01004e85  GPIO_hwiIntFxn                   
01004ee5  GPIO_toggle                      
01004f45  PRCMSysResetCauseGet             
01004fa5  frexp                            
01004fa5  frexpl                           
0100505d  PRCMPeripheralReset              
010050b5  Power_releaseDependency          
01005163  __TI_ltoa                        
0100520b  PowerCC32XX_resumeLPDS           
01005301  ClockP_sysTickHandler            
01005351  SemaphoreP_construct             
010053a1  TimerCC32XX_allocateTimerResource
0100543d  PowerCC32XX_parkPin              
01005489  atoi                             
01005521  snprintf                         
0100556d  FlashDisable                     
010055b5  GPIO_disableInt                  
010055fd  GPIO_enableInt                   
01005645  PRCMLPDSEnter                    
0100568d  PRCMPeripheralClkEnable          
010056d5  Power_releaseConstraint          
0100571d  initTimer                        
01005765  __aeabi_d2iz                     
010057ad  RingBuf_put                      
01005839  ClockP_stop                      
0100587d  PRCMLPDSRestoreInfoSet           
010058c1  PowerCC32XX_enterLPDS            
01005905  SemaphoreP_post                  
01005949  SwiP_restore                     
0100598d  Timer_start                      
010059d1  UART_init                        
01005a15  __TI_auto_init_nobinit_nopinit   
01005a59  ClockP_construct                 
01005a99  PinModeSet                       
01005ad9  RingBuf_get                      
01005b19  TimerSupport_timerEnable         
01005b59  Timer_close                      
01005b99  UARTCC32XX_read                  
01005bd9  UART_open                        
01005c57  gpioButtonFxn1                   
01005c59  ClockP_destruct                  
01005c95  Power_setConstraint              
01005cd1  initUART                         
01005d49  PRCMLPDSEnterKeepDebugIf         
01005db9  initVectors                      
01005e29  __aeabi_f2iz                     
01005e61  __aeabi_i2f                      
01005e99  TimerControlStall                
01005ecf  Timer_stop                       
01005f05  UARTCC32XX_readCancel            
01005f3b  __aeabi_idiv0                    
01005f3b  __aeabi_ldiv0                    
01005f3d  ClockP_getTicksUntilInterrupt    
01005f71  ClockP_startup                   
01005fa5  PinModeGet                       
01005fd9  PowerCC32XX_restoreParkState     
0100600d  TimerCC32XX_freeTimerResource    
010060a9  ClockP_start                     
010060d9  PowerCC32XX_restoreParkedPin     
01006139  __aeabi_i2d                      
01006169  PowerCC32XX_getParkState         
01006195  HwiP_create                      
010061bf  TimerLoadSet                     
010061e9  TimerPrescaleSet                 
01006213  I2CFIFODataPutNonBlocking        
0100623d  PRCMPeripheralClkDisable         
01006265  Power_registerNotify             
010062b5  I2CFIFODataGetNonBlocking        
010062db  I2C_cancel                       
01006301  List_put                         
01006327  List_remove                      
0100634d  HwiP_dispatch                    
01006371  PowerCC32XX_reset                
01006395  TimerSupport_timerDisable        
010063b9  _c_int00_noargs                  
010063dd  I2CMasterSlaveAddrSet            
010063ff  HwiP_destruct                    
01006421  Power_unregisterNotify           
01006441  RingBuf_peek                     
01006481  I2CMasterIntStatusEx             
0100649f  SemaphoreP_constructBinary       
010064bd  TimerDisable                     
010064db  TimerEnable                      
010064f9  GPIO_setCallback                 
01006515  PinToPadGet                      
01006531  SwiP_disable                     
01006569  memccpy                          
01006585  ClockP_create                    
0100659f  SemaphoreP_createBinary          
010065b9  resetISR                         
010065cc  resetVectorAddr                  
010065d3  I2CMasterBusBusy                 
010065eb  I2CMasterIntDisableEx            
01006603  I2CMasterIntEnableEx             
0100661b  I2CRxFIFOFlush                   
01006633  I2CTxFIFOFlush                   
0100664d  Power_getTransitionLatency       
01006665  Power_idleFunc                   
0100667d  TimerIntDisable                  
01006695  TimerIntEnable                   
010066ad  UARTBusy                         
010066c5  UARTIntEnable                    
010066dd  UART_Params_init                 
0100670d  __aeabi_lmul                     
01006725  I2CMasterBurstLengthSet          
0100673b  PRCMHIBRegRead                   
01006751  PRCMHIBRegWrite                  
01006767  SemaphoreP_create                
0100677d  strchr                           
01006793  Board_init                       
010067a7  CPUcpsid                         
010067bd  HwiP_inISR                       
010067d1  I2CSupport_masterFinish          
010067e5  I2C_transfer                     
010067f9  IntVTableBaseSet                 
0100680d  Power_disablePolicy              
01006821  Power_getDependencyCount         
01006849  strlen                           
0100685d  HwiP_Params_init                 
0100686f  I2CMasterIntClearEx              
01006881  RingBuf_construct                
01006893  TimerIntClear                    
010068a5  main                             
010068b7  wcslen                           
010068c9  ClockP_add                       
010068d9  ClockP_delete                    
010068e9  ClockP_getCpuFreq                
010068f9  ClockP_getSystemTicks            
01006909  ClockP_setTicks                  
01006919  HwiP_delete                      
01006929  HwiP_restore                     
01006939  I2CFIFOStatus                    
01006949  I2C_Params_init                  
01006959  Power_enablePolicy               
01006969  SemaphoreP_Params_init           
01006979  Timer_Params_init                
01006999  HwiP_clearInterrupt              
010069a7  HwiP_disable                     
010069b5  HwiP_disableInterrupt            
010069c3  HwiP_enable                      
010069c3  NoRTOS_start                     
010069d1  HwiP_enableInterrupt             
010069ed  RingBuf_isFull                   
010069fb  __TI_decompress_none             
01006a15  Power_getConstraintMask          
01006a21  copysign                         
01006a21  copysignl                        
01006a2d  __TI_zero_init                   
01006a51  timerCallback                    
01006a5d  ClockP_Params_init               
01006a67  ClockP_isActive                  
01006a71  IntMasterDisable                 
01006a7b  UART_write                       
01006a8d  __aeabi_errno_addr               
01006a95  malloc                           
01006aad  I2CSupport_powerRelConstraint    
01006ab3  I2CSupport_powerSetConstraint    
01006ab9  UtilsDelay                       
01006abf  gpioButtonFxn0                   
01006ac5  ClockP_doTick                    
01006ac9  ClockP_setTimeout                
01006acd  HwiP_post                        
01006ad1  SemaphoreP_delete                
01006ad5  _system_pre_init                 
01006ad9  C$$EXIT                          
01006ad9  abort                            
01006adc  _ctypes_                         
01006d88  PowerCC32XX_config               
01006dcc  UARTCC32XX_fxnTable              
01006e1c  UART_defaultParams               
01006ef0  i2cCC32XXHWAttrs                 
01006f18  GPIO_config                      
01006f28  I2C_defaultParams                
01006f58  timerCC32XXHWAttrs               
01006f74  UART_config                      
01006f98  GPIO_pinLowerBound               
01006f99  GPIO_pinUpperBound               
01006f9a  CONFIG_GPIO_BUTTON_0_CONST       
01006f9b  CONFIG_GPIO_BUTTON_1_CONST       
01006f9c  CONFIG_GPIO_LED_0_CONST          
01006f9d  CONFIG_I2C_0_CONST               
01006f9e  I2C_count                        
01006f9f  CONFIG_TIMER_0_CONST             
01006fa0  Timer_count                      
01006fa1  CONFIG_UART_0_CONST              
01006fa2  UART_count                       
01006fa4  I2C_config                       
01006fac  Timer_config                     
01006fc0  __TI_static_base__               
01007090  __TI_Handler_Table_Base          
0100709c  __TI_Handler_Table_Limit         
010070a8  __TI_CINIT_Base                  
010070b8  __TI_CINIT_Limit                 
20000000  __start___llvm_prf_cnts          
20000000  __stop___llvm_prf_cnts           
20000310  _sys_memory                      
2000861c  PowerCC32XX_module               
20008788  parkInfo                         
20008880  gpioPinConfigs                   
20008904  _lock                            
20008908  _unlock                          
20008914  SemaphoreP_defaultParams         
2000891c  HwiP_key                         
20008920  HwiP_swiPIntNum                  
20008924  ClockP_tickPeriod                
20008929  TimerFlag                        
2000892a  heat_activated                   
2000892b  setpoint                         
2000892c  errno                            
20008938  PowerCC32XX_contextSave          
20008a64  i2cCC32XXObjects                 
20008b60  gpioCallbackFunctions            
20008be4  gpioUserArgs                     
20008c68  timerCC32XXObjects               
20008cec  uartCC32XXObjects0               
20008d70  txBuffer                         
20008d71  LED_State                        
20008d72  Heat_State                       
20008d73  rxBuffer                         
20008d78  uart                             
20008d7c  i2c                              
20008d80  timer0                           
20008d84  i2cTransaction                   
20008da4  output                           
20008e18  ClockP_ctrl                      
2003f000  __stack                          
20040000  __STACK_END                      
ffffffff  __TI_pprof_out_hndl              
ffffffff  __TI_prof_data_size              
ffffffff  __TI_prof_data_start             
ffffffff  __binit__                        
ffffffff  __c_args__                       
ffffffff  binit                            
UNDEFED   ITM_flush                        
UNDEFED   ITM_restore                      
UNDEFED   __mpu_init                       
UNDEFED   _system_post_cinit               

[307 symbols]
