<?xml version="1.0" encoding="ISO-8859-1" ?>
<link_info>
   <banner>TI ARM Linker PC v20.2.7.LTS</banner>
   <copyright>Copyright (c) 1996-2018 Texas Instruments Incorporated</copyright>
   <link_time>0x6437124b</link_time>
   <link_errors>0x0</link_errors>
   <output_file>gpiointerrupt_CC3220SF_LAUNCHXL_nortos_ccs.out</output_file>
   <entry_point>
      <name>resetISR</name>
      <address>0x10065b9</address>
   </entry_point>
   <input_file_list>
      <input_file id="fl-2">
         <path>.\</path>
         <kind>object</kind>
         <file>gpiointerrupt.obj</file>
         <name>gpiointerrupt.obj</name>
      </input_file>
      <input_file id="fl-3">
         <path>.\syscfg\</path>
         <kind>object</kind>
         <file>ti_drivers_config.obj</file>
         <name>ti_drivers_config.obj</name>
      </input_file>
      <input_file id="fl-4">
         <path>.\</path>
         <kind>object</kind>
         <file>main_nortos.obj</file>
         <name>main_nortos.obj</name>
      </input_file>
      <input_file id="fl-d">
         <kind>object</kind>
         <file>&lt;internal&gt;</file>
         <name>&lt;internal&gt;</name>
      </input_file>
      <input_file id="fl-e">
         <path>C:\ti\simplelink_cc32xx_sdk_6_10_00_05\source\ti\drivers\lib\ccs\m4\</path>
         <kind>archive</kind>
         <file>drivers_cc32xx.a</file>
         <name>GPIO.oem4</name>
      </input_file>
      <input_file id="fl-f">
         <path>C:\ti\simplelink_cc32xx_sdk_6_10_00_05\source\ti\drivers\lib\ccs\m4\</path>
         <kind>archive</kind>
         <file>drivers_cc32xx.a</file>
         <name>I2C.oem4</name>
      </input_file>
      <input_file id="fl-10">
         <path>C:\ti\simplelink_cc32xx_sdk_6_10_00_05\source\ti\drivers\lib\ccs\m4\</path>
         <kind>archive</kind>
         <file>drivers_cc32xx.a</file>
         <name>Timer.oem4</name>
      </input_file>
      <input_file id="fl-11">
         <path>C:\ti\simplelink_cc32xx_sdk_6_10_00_05\source\ti\drivers\lib\ccs\m4\</path>
         <kind>archive</kind>
         <file>drivers_cc32xx.a</file>
         <name>UART.oem4</name>
      </input_file>
      <input_file id="fl-12">
         <path>C:\ti\simplelink_cc32xx_sdk_6_10_00_05\source\ti\drivers\lib\ccs\m4\</path>
         <kind>archive</kind>
         <file>drivers_cc32xx.a</file>
         <name>GPIOCC32XX.oem4</name>
      </input_file>
      <input_file id="fl-13">
         <path>C:\ti\simplelink_cc32xx_sdk_6_10_00_05\source\ti\drivers\lib\ccs\m4\</path>
         <kind>archive</kind>
         <file>drivers_cc32xx.a</file>
         <name>I2CCC32XX.oem4</name>
      </input_file>
      <input_file id="fl-14">
         <path>C:\ti\simplelink_cc32xx_sdk_6_10_00_05\source\ti\drivers\lib\ccs\m4\</path>
         <kind>archive</kind>
         <file>drivers_cc32xx.a</file>
         <name>PowerCC32XX.oem4</name>
      </input_file>
      <input_file id="fl-15">
         <path>C:\ti\simplelink_cc32xx_sdk_6_10_00_05\source\ti\drivers\lib\ccs\m4\</path>
         <kind>archive</kind>
         <file>drivers_cc32xx.a</file>
         <name>PowerCC32XX_asm.oem4</name>
      </input_file>
      <input_file id="fl-16">
         <path>C:\ti\simplelink_cc32xx_sdk_6_10_00_05\source\ti\drivers\lib\ccs\m4\</path>
         <kind>archive</kind>
         <file>drivers_cc32xx.a</file>
         <name>TimerCC32XX.oem4</name>
      </input_file>
      <input_file id="fl-17">
         <path>C:\ti\simplelink_cc32xx_sdk_6_10_00_05\source\ti\drivers\lib\ccs\m4\</path>
         <kind>archive</kind>
         <file>drivers_cc32xx.a</file>
         <name>UARTCC32XX.oem4</name>
      </input_file>
      <input_file id="fl-18">
         <path>C:\ti\simplelink_cc32xx_sdk_6_10_00_05\source\ti\drivers\lib\ccs\m4\</path>
         <kind>archive</kind>
         <file>drivers_cc32xx.a</file>
         <name>List.oem4</name>
      </input_file>
      <input_file id="fl-19">
         <path>C:\ti\simplelink_cc32xx_sdk_6_10_00_05\source\ti\drivers\lib\ccs\m4\</path>
         <kind>archive</kind>
         <file>drivers_cc32xx.a</file>
         <name>RingBuf.oem4</name>
      </input_file>
      <input_file id="fl-1a">
         <path>C:\ti\simplelink_cc32xx_sdk_6_10_00_05\kernel\nortos\lib\ccs\m4\</path>
         <kind>archive</kind>
         <file>nortos_cc32xx.a</file>
         <name>NoRTOS.oem4</name>
      </input_file>
      <input_file id="fl-1b">
         <path>C:\ti\simplelink_cc32xx_sdk_6_10_00_05\kernel\nortos\lib\ccs\m4\</path>
         <kind>archive</kind>
         <file>nortos_cc32xx.a</file>
         <name>SemaphoreP_nortos.oem4</name>
      </input_file>
      <input_file id="fl-1c">
         <path>C:\ti\simplelink_cc32xx_sdk_6_10_00_05\kernel\nortos\lib\ccs\m4\</path>
         <kind>archive</kind>
         <file>nortos_cc32xx.a</file>
         <name>ClockPSysTick_nortos.oem4</name>
      </input_file>
      <input_file id="fl-1d">
         <path>C:\ti\simplelink_cc32xx_sdk_6_10_00_05\kernel\nortos\lib\ccs\m4\</path>
         <kind>archive</kind>
         <file>nortos_cc32xx.a</file>
         <name>HwiPCC32XX_nortos.oem4</name>
      </input_file>
      <input_file id="fl-1e">
         <path>C:\ti\simplelink_cc32xx_sdk_6_10_00_05\kernel\nortos\lib\ccs\m4\</path>
         <kind>archive</kind>
         <file>nortos_cc32xx.a</file>
         <name>PowerCC32XX_nortos.oem4</name>
      </input_file>
      <input_file id="fl-1f">
         <path>C:\ti\simplelink_cc32xx_sdk_6_10_00_05\kernel\nortos\lib\ccs\m4\</path>
         <kind>archive</kind>
         <file>nortos_cc32xx.a</file>
         <name>startup_cc32xx_ccs.oem4</name>
      </input_file>
      <input_file id="fl-20">
         <path>C:\ti\simplelink_cc32xx_sdk_6_10_00_05\kernel\nortos\lib\ccs\m4\</path>
         <kind>archive</kind>
         <file>nortos_cc32xx.a</file>
         <name>SwiP_nortos.oem4</name>
      </input_file>
      <input_file id="fl-21">
         <path>C:\ti\simplelink_cc32xx_sdk_6_10_00_05\kernel\nortos\lib\ccs\m4\</path>
         <kind>archive</kind>
         <file>nortos_cc32xx.a</file>
         <name>QueueP_nortos.oem4</name>
      </input_file>
      <input_file id="fl-22">
         <path>C:\ti\simplelink_cc32xx_sdk_6_10_00_05\source\ti\devices\cc32xx\driverlib\ccs\Release\</path>
         <kind>archive</kind>
         <file>driverlib.a</file>
         <name>cpu.obj</name>
      </input_file>
      <input_file id="fl-23">
         <path>C:\ti\simplelink_cc32xx_sdk_6_10_00_05\source\ti\devices\cc32xx\driverlib\ccs\Release\</path>
         <kind>archive</kind>
         <file>driverlib.a</file>
         <name>i2c.obj</name>
      </input_file>
      <input_file id="fl-24">
         <path>C:\ti\simplelink_cc32xx_sdk_6_10_00_05\source\ti\devices\cc32xx\driverlib\ccs\Release\</path>
         <kind>archive</kind>
         <file>driverlib.a</file>
         <name>interrupt.obj</name>
      </input_file>
      <input_file id="fl-25">
         <path>C:\ti\simplelink_cc32xx_sdk_6_10_00_05\source\ti\devices\cc32xx\driverlib\ccs\Release\</path>
         <kind>archive</kind>
         <file>driverlib.a</file>
         <name>pin.obj</name>
      </input_file>
      <input_file id="fl-26">
         <path>C:\ti\simplelink_cc32xx_sdk_6_10_00_05\source\ti\devices\cc32xx\driverlib\ccs\Release\</path>
         <kind>archive</kind>
         <file>driverlib.a</file>
         <name>prcm.obj</name>
      </input_file>
      <input_file id="fl-27">
         <path>C:\ti\simplelink_cc32xx_sdk_6_10_00_05\source\ti\devices\cc32xx\driverlib\ccs\Release\</path>
         <kind>archive</kind>
         <file>driverlib.a</file>
         <name>timer.obj</name>
      </input_file>
      <input_file id="fl-28">
         <path>C:\ti\simplelink_cc32xx_sdk_6_10_00_05\source\ti\devices\cc32xx\driverlib\ccs\Release\</path>
         <kind>archive</kind>
         <file>driverlib.a</file>
         <name>uart.obj</name>
      </input_file>
      <input_file id="fl-29">
         <path>C:\ti\simplelink_cc32xx_sdk_6_10_00_05\source\ti\devices\cc32xx\driverlib\ccs\Release\</path>
         <kind>archive</kind>
         <file>driverlib.a</file>
         <name>utils.obj</name>
      </input_file>
      <input_file id="fl-2a">
         <path>C:\ti\simplelink_cc32xx_sdk_6_10_00_05\source\ti\devices\cc32xx\driverlib\ccs\Release\</path>
         <kind>archive</kind>
         <file>driverlib.a</file>
         <name>flash.obj</name>
      </input_file>
      <input_file id="fl-e0">
         <path>C:\ti\ccs1220\ccs\tools\compiler\ti-cgt-arm_20.2.7.LTS\lib\</path>
         <kind>archive</kind>
         <file>rtsv7M4_T_le_eabi.lib</file>
         <name>snprintf.c.obj</name>
      </input_file>
      <input_file id="fl-e1">
         <path>C:\ti\ccs1220\ccs\tools\compiler\ti-cgt-arm_20.2.7.LTS\lib\</path>
         <kind>archive</kind>
         <file>rtsv7M4_T_le_eabi.lib</file>
         <name>fs_mul_t2.asm.obj</name>
      </input_file>
      <input_file id="fl-e2">
         <path>C:\ti\ccs1220\ccs\tools\compiler\ti-cgt-arm_20.2.7.LTS\lib\</path>
         <kind>archive</kind>
         <file>rtsv7M4_T_le_eabi.lib</file>
         <name>fs_toi_t2.asm.obj</name>
      </input_file>
      <input_file id="fl-e3">
         <path>C:\ti\ccs1220\ccs\tools\compiler\ti-cgt-arm_20.2.7.LTS\lib\</path>
         <kind>archive</kind>
         <file>rtsv7M4_T_le_eabi.lib</file>
         <name>i_tofs_t2.asm.obj</name>
      </input_file>
      <input_file id="fl-e4">
         <path>C:\ti\ccs1220\ccs\tools\compiler\ti-cgt-arm_20.2.7.LTS\lib\</path>
         <kind>archive</kind>
         <file>rtsv7M4_T_le_eabi.lib</file>
         <name>ll_mul_t2.asm.obj</name>
      </input_file>
      <input_file id="fl-e5">
         <path>C:\ti\ccs1220\ccs\tools\compiler\ti-cgt-arm_20.2.7.LTS\lib\</path>
         <kind>archive</kind>
         <file>rtsv7M4_T_le_eabi.lib</file>
         <name>memcpy_t2.asm.obj</name>
      </input_file>
      <input_file id="fl-e6">
         <path>C:\ti\ccs1220\ccs\tools\compiler\ti-cgt-arm_20.2.7.LTS\lib\</path>
         <kind>archive</kind>
         <file>rtsv7M4_T_le_eabi.lib</file>
         <name>ull_div_t2.asm.obj</name>
      </input_file>
      <input_file id="fl-e7">
         <path>C:\ti\ccs1220\ccs\tools\compiler\ti-cgt-arm_20.2.7.LTS\lib\</path>
         <kind>archive</kind>
         <file>rtsv7M4_T_le_eabi.lib</file>
         <name>copy_zero_init.c.obj</name>
      </input_file>
      <input_file id="fl-e8">
         <path>C:\ti\ccs1220\ccs\tools\compiler\ti-cgt-arm_20.2.7.LTS\lib\</path>
         <kind>archive</kind>
         <file>rtsv7M4_T_le_eabi.lib</file>
         <name>copy_decompress_none.c.obj</name>
      </input_file>
      <input_file id="fl-e9">
         <path>C:\ti\ccs1220\ccs\tools\compiler\ti-cgt-arm_20.2.7.LTS\lib\</path>
         <kind>archive</kind>
         <file>rtsv7M4_T_le_eabi.lib</file>
         <name>copy_decompress_lzss.c.obj</name>
      </input_file>
      <input_file id="fl-ea">
         <path>C:\ti\ccs1220\ccs\tools\compiler\ti-cgt-arm_20.2.7.LTS\lib\</path>
         <kind>archive</kind>
         <file>rtsv7M4_T_le_eabi.lib</file>
         <name>memory.c.obj</name>
      </input_file>
      <input_file id="fl-eb">
         <path>C:\ti\ccs1220\ccs\tools\compiler\ti-cgt-arm_20.2.7.LTS\lib\</path>
         <kind>archive</kind>
         <file>rtsv7M4_T_le_eabi.lib</file>
         <name>boot_cortex_m.c.obj</name>
      </input_file>
      <input_file id="fl-ec">
         <path>C:\ti\ccs1220\ccs\tools\compiler\ti-cgt-arm_20.2.7.LTS\lib\</path>
         <kind>archive</kind>
         <file>rtsv7M4_T_le_eabi.lib</file>
         <name>_printfi.c.obj</name>
      </input_file>
      <input_file id="fl-ed">
         <path>C:\ti\ccs1220\ccs\tools\compiler\ti-cgt-arm_20.2.7.LTS\lib\</path>
         <kind>archive</kind>
         <file>rtsv7M4_T_le_eabi.lib</file>
         <name>div0.asm.obj</name>
      </input_file>
      <input_file id="fl-ee">
         <path>C:\ti\ccs1220\ccs\tools\compiler\ti-cgt-arm_20.2.7.LTS\lib\</path>
         <kind>archive</kind>
         <file>rtsv7M4_T_le_eabi.lib</file>
         <name>fd_add_t2.asm.obj</name>
      </input_file>
      <input_file id="fl-ef">
         <path>C:\ti\ccs1220\ccs\tools\compiler\ti-cgt-arm_20.2.7.LTS\lib\</path>
         <kind>archive</kind>
         <file>rtsv7M4_T_le_eabi.lib</file>
         <name>fd_cmp_t2.asm.obj</name>
      </input_file>
      <input_file id="fl-f0">
         <path>C:\ti\ccs1220\ccs\tools\compiler\ti-cgt-arm_20.2.7.LTS\lib\</path>
         <kind>archive</kind>
         <file>rtsv7M4_T_le_eabi.lib</file>
         <name>fd_div_t2.asm.obj</name>
      </input_file>
      <input_file id="fl-f1">
         <path>C:\ti\ccs1220\ccs\tools\compiler\ti-cgt-arm_20.2.7.LTS\lib\</path>
         <kind>archive</kind>
         <file>rtsv7M4_T_le_eabi.lib</file>
         <name>fd_mul_t2.asm.obj</name>
      </input_file>
      <input_file id="fl-f2">
         <path>C:\ti\ccs1220\ccs\tools\compiler\ti-cgt-arm_20.2.7.LTS\lib\</path>
         <kind>archive</kind>
         <file>rtsv7M4_T_le_eabi.lib</file>
         <name>fd_toi_t2.asm.obj</name>
      </input_file>
      <input_file id="fl-f3">
         <path>C:\ti\ccs1220\ccs\tools\compiler\ti-cgt-arm_20.2.7.LTS\lib\</path>
         <kind>archive</kind>
         <file>rtsv7M4_T_le_eabi.lib</file>
         <name>i_tofd_t2.asm.obj</name>
      </input_file>
      <input_file id="fl-f4">
         <path>C:\ti\ccs1220\ccs\tools\compiler\ti-cgt-arm_20.2.7.LTS\lib\</path>
         <kind>archive</kind>
         <file>rtsv7M4_T_le_eabi.lib</file>
         <name>memset_t2.asm.obj</name>
      </input_file>
      <input_file id="fl-f5">
         <path>C:\ti\ccs1220\ccs\tools\compiler\ti-cgt-arm_20.2.7.LTS\lib\</path>
         <kind>archive</kind>
         <file>rtsv7M4_T_le_eabi.lib</file>
         <name>autoinit.c.obj</name>
      </input_file>
      <input_file id="fl-f6">
         <path>C:\ti\ccs1220\ccs\tools\compiler\ti-cgt-arm_20.2.7.LTS\lib\</path>
         <kind>archive</kind>
         <file>rtsv7M4_T_le_eabi.lib</file>
         <name>pre_init.c.obj</name>
      </input_file>
      <input_file id="fl-f7">
         <path>C:\ti\ccs1220\ccs\tools\compiler\ti-cgt-arm_20.2.7.LTS\lib\</path>
         <kind>archive</kind>
         <file>rtsv7M4_T_le_eabi.lib</file>
         <name>cpy_tbl.c.obj</name>
      </input_file>
      <input_file id="fl-f8">
         <path>C:\ti\ccs1220\ccs\tools\compiler\ti-cgt-arm_20.2.7.LTS\lib\</path>
         <kind>archive</kind>
         <file>rtsv7M4_T_le_eabi.lib</file>
         <name>exit.c.obj</name>
      </input_file>
      <input_file id="fl-f9">
         <path>C:\ti\ccs1220\ccs\tools\compiler\ti-cgt-arm_20.2.7.LTS\lib\</path>
         <kind>archive</kind>
         <file>rtsv7M4_T_le_eabi.lib</file>
         <name>_lock.c.obj</name>
      </input_file>
      <input_file id="fl-fa">
         <path>C:\ti\ccs1220\ccs\tools\compiler\ti-cgt-arm_20.2.7.LTS\lib\</path>
         <kind>archive</kind>
         <file>rtsv7M4_T_le_eabi.lib</file>
         <name>_ltoa.c.obj</name>
      </input_file>
      <input_file id="fl-fb">
         <path>C:\ti\ccs1220\ccs\tools\compiler\ti-cgt-arm_20.2.7.LTS\lib\</path>
         <kind>archive</kind>
         <file>rtsv7M4_T_le_eabi.lib</file>
         <name>args_main.c.obj</name>
      </input_file>
      <input_file id="fl-fc">
         <path>C:\ti\ccs1220\ccs\tools\compiler\ti-cgt-arm_20.2.7.LTS\lib\</path>
         <kind>archive</kind>
         <file>rtsv7M4_T_le_eabi.lib</file>
         <name>atoi.c.obj</name>
      </input_file>
      <input_file id="fl-fd">
         <path>C:\ti\ccs1220\ccs\tools\compiler\ti-cgt-arm_20.2.7.LTS\lib\</path>
         <kind>archive</kind>
         <file>rtsv7M4_T_le_eabi.lib</file>
         <name>ctype.c.obj</name>
      </input_file>
      <input_file id="fl-fe">
         <path>C:\ti\ccs1220\ccs\tools\compiler\ti-cgt-arm_20.2.7.LTS\lib\</path>
         <kind>archive</kind>
         <file>rtsv7M4_T_le_eabi.lib</file>
         <name>memccpy.c.obj</name>
      </input_file>
      <input_file id="fl-ff">
         <path>C:\ti\ccs1220\ccs\tools\compiler\ti-cgt-arm_20.2.7.LTS\lib\</path>
         <kind>archive</kind>
         <file>rtsv7M4_T_le_eabi.lib</file>
         <name>strchr.c.obj</name>
      </input_file>
      <input_file id="fl-100">
         <path>C:\ti\ccs1220\ccs\tools\compiler\ti-cgt-arm_20.2.7.LTS\lib\</path>
         <kind>archive</kind>
         <file>rtsv7M4_T_le_eabi.lib</file>
         <name>strlen.c.obj</name>
      </input_file>
      <input_file id="fl-101">
         <path>C:\ti\ccs1220\ccs\tools\compiler\ti-cgt-arm_20.2.7.LTS\lib\</path>
         <kind>archive</kind>
         <file>rtsv7M4_T_le_eabi.lib</file>
         <name>errno.c.obj</name>
      </input_file>
      <input_file id="fl-102">
         <path>C:\ti\ccs1220\ccs\tools\compiler\ti-cgt-arm_20.2.7.LTS\lib\</path>
         <kind>archive</kind>
         <file>rtsv7M4_T_le_eabi.lib</file>
         <name>wcslen.c.obj</name>
      </input_file>
      <input_file id="fl-103">
         <path>C:\ti\ccs1220\ccs\tools\compiler\ti-cgt-arm_20.2.7.LTS\lib\</path>
         <kind>archive</kind>
         <file>rtsv7M4_T_le_eabi.lib</file>
         <name>s_frexp.c.obj</name>
      </input_file>
      <input_file id="fl-104">
         <path>C:\ti\ccs1220\ccs\tools\compiler\ti-cgt-arm_20.2.7.LTS\lib\</path>
         <kind>archive</kind>
         <file>rtsv7M4_T_le_eabi.lib</file>
         <name>s_scalbn.c.obj</name>
      </input_file>
      <input_file id="fl-105">
         <path>C:\ti\ccs1220\ccs\tools\compiler\ti-cgt-arm_20.2.7.LTS\lib\</path>
         <kind>archive</kind>
         <file>rtsv7M4_T_le_eabi.lib</file>
         <name>s_copysign.c.obj</name>
      </input_file>
   </input_file_list>
   <object_component_list>
      <object_component id="oc-39d">
         <name>.text:__TI_printfi</name>
         <load_address>0x1000840</load_address>
         <run_address>0x1000840</run_address>
         <size>0xa4e</size>
         <input_file_ref idref="fl-ec"/>
      </object_component>
      <object_component id="oc-1ef">
         <name>.text:Board_initHook</name>
         <load_address>0x100128e</load_address>
         <run_address>0x100128e</run_address>
         <size>0x2</size>
         <input_file_ref idref="fl-3"/>
      </object_component>
      <object_component id="oc-1dd">
         <name>.text:PRCMCC3200MCUInit</name>
         <load_address>0x1001290</load_address>
         <run_address>0x1001290</run_address>
         <size>0x42c</size>
         <input_file_ref idref="fl-26"/>
      </object_component>
      <object_component id="oc-831">
         <name>.text:UARTCC32XX_open</name>
         <load_address>0x10016bc</load_address>
         <run_address>0x10016bc</run_address>
         <size>0x288</size>
         <input_file_ref idref="fl-17"/>
      </object_component>
      <object_component id="oc-552">
         <name>.text:_pconv_a</name>
         <load_address>0x1001944</load_address>
         <run_address>0x1001944</run_address>
         <size>0x268</size>
         <input_file_ref idref="fl-ec"/>
      </object_component>
      <object_component id="oc-540">
         <name>.text:_pconv_g</name>
         <load_address>0x1001bac</load_address>
         <run_address>0x1001bac</run_address>
         <size>0x1cc</size>
         <input_file_ref idref="fl-ec"/>
      </object_component>
      <object_component id="oc-215">
         <name>.text:initI2C</name>
         <load_address>0x1001d78</load_address>
         <run_address>0x1001d78</run_address>
         <size>0x1c8</size>
         <input_file_ref idref="fl-2"/>
      </object_component>
      <object_component id="oc-755">
         <name>.text</name>
         <load_address>0x1001f40</load_address>
         <run_address>0x1001f40</run_address>
         <size>0x1b6</size>
         <input_file_ref idref="fl-ee"/>
      </object_component>
      <object_component id="oc-352">
         <name>.text:I2C_init</name>
         <load_address>0x10020f6</load_address>
         <run_address>0x10020f6</run_address>
         <size>0x2</size>
         <input_file_ref idref="fl-f"/>
      </object_component>
      <object_component id="oc-409">
         <name>.text:PowerCC32XX_sleepPolicy</name>
         <load_address>0x10020f8</load_address>
         <run_address>0x10020f8</run_address>
         <size>0x1a0</size>
         <input_file_ref idref="fl-1e"/>
      </object_component>
      <object_component id="oc-1f7">
         <name>.text:GPIO_setConfig</name>
         <load_address>0x1002298</load_address>
         <run_address>0x1002298</run_address>
         <size>0x154</size>
         <input_file_ref idref="fl-12"/>
      </object_component>
      <object_component id="oc-4ce">
         <name>.text:I2CCC32XX_hwiFxn</name>
         <load_address>0x10023ec</load_address>
         <run_address>0x10023ec</run_address>
         <size>0x148</size>
         <input_file_ref idref="fl-13"/>
      </object_component>
      <object_component id="oc-7c5">
         <name>.text:parkPins</name>
         <load_address>0x1002534</load_address>
         <run_address>0x1002534</run_address>
         <size>0x148</size>
         <input_file_ref idref="fl-14"/>
      </object_component>
      <object_component id="oc-54c">
         <name>.text:_pconv_e</name>
         <load_address>0x100267c</load_address>
         <run_address>0x100267c</run_address>
         <size>0x13c</size>
         <input_file_ref idref="fl-ec"/>
      </object_component>
      <object_component id="oc-5c9">
         <name>.text:Power_sleep</name>
         <load_address>0x10027b8</load_address>
         <run_address>0x10027b8</run_address>
         <size>0x138</size>
         <input_file_ref idref="fl-14"/>
      </object_component>
      <object_component id="oc-37a">
         <name>.text:Timer_open</name>
         <load_address>0x10028f0</load_address>
         <run_address>0x10028f0</run_address>
         <size>0x138</size>
         <input_file_ref idref="fl-16"/>
      </object_component>
      <object_component id="oc-73b">
         <name>.text</name>
         <load_address>0x1002a28</load_address>
         <run_address>0x1002a28</run_address>
         <size>0x136</size>
         <input_file_ref idref="fl-f0"/>
      </object_component>
      <object_component id="oc-4dc">
         <name>.text:I2C_transferTimeout</name>
         <load_address>0x1002b5e</load_address>
         <run_address>0x1002b5e</run_address>
         <size>0x122</size>
         <input_file_ref idref="fl-f"/>
      </object_component>
      <object_component id="oc-81f">
         <name>.text:UARTCC32XX_close</name>
         <load_address>0x1002c80</load_address>
         <run_address>0x1002c80</run_address>
         <size>0x120</size>
         <input_file_ref idref="fl-17"/>
      </object_component>
      <object_component id="oc-767">
         <name>.text:fcvt</name>
         <load_address>0x1002da0</load_address>
         <run_address>0x1002da0</run_address>
         <size>0x120</size>
         <input_file_ref idref="fl-ec"/>
      </object_component>
      <object_component id="oc-62c">
         <name>.text:aligned_alloc</name>
         <load_address>0x1002ec0</load_address>
         <run_address>0x1002ec0</run_address>
         <size>0x100</size>
         <input_file_ref idref="fl-ea"/>
      </object_component>
      <object_component id="oc-35e">
         <name>.text:I2C_open</name>
         <load_address>0x1002fc0</load_address>
         <run_address>0x1002fc0</run_address>
         <size>0xfc</size>
         <input_file_ref idref="fl-13"/>
      </object_component>
      <object_component id="oc-736">
         <name>.text</name>
         <load_address>0x10030bc</load_address>
         <run_address>0x10030bc</run_address>
         <size>0xfc</size>
         <input_file_ref idref="fl-f1"/>
      </object_component>
      <object_component id="oc-825">
         <name>.text:UARTCC32XX_control</name>
         <load_address>0x10031b8</load_address>
         <run_address>0x10031b8</run_address>
         <size>0xf2</size>
         <input_file_ref idref="fl-17"/>
      </object_component>
      <object_component id="oc-403">
         <name>.text:PowerCC32XX_initPolicy</name>
         <load_address>0x10032aa</load_address>
         <run_address>0x10032aa</run_address>
         <size>0x2</size>
         <input_file_ref idref="fl-1e"/>
      </object_component>
      <object_component id="oc-221">
         <name>.text:readTemp</name>
         <load_address>0x10032ac</load_address>
         <run_address>0x10032ac</run_address>
         <size>0xec</size>
         <input_file_ref idref="fl-2"/>
      </object_component>
      <object_component id="oc-425">
         <name>.text:free</name>
         <load_address>0x1003398</load_address>
         <run_address>0x1003398</run_address>
         <size>0xe4</size>
         <input_file_ref idref="fl-ea"/>
      </object_component>
      <object_component id="oc-77b">
         <name>.text:scalbn</name>
         <load_address>0x100347c</load_address>
         <run_address>0x100347c</run_address>
         <size>0xd0</size>
         <input_file_ref idref="fl-104"/>
      </object_component>
      <object_component id="oc-849">
         <name>.text:UARTCC32XX_write</name>
         <load_address>0x100354c</load_address>
         <run_address>0x100354c</run_address>
         <size>0xca</size>
         <input_file_ref idref="fl-17"/>
      </object_component>
      <object_component id="oc-6e1">
         <name>.text:SemaphoreP_destruct</name>
         <load_address>0x1003616</load_address>
         <run_address>0x1003616</run_address>
         <size>0x2</size>
         <input_file_ref idref="fl-1b"/>
      </object_component>
      <object_component id="oc-7e2">
         <name>.text:restoreParkedPins</name>
         <load_address>0x1003618</load_address>
         <run_address>0x1003618</run_address>
         <size>0xc0</size>
         <input_file_ref idref="fl-14"/>
      </object_component>
      <object_component id="oc-83d">
         <name>.text:UARTCC32XX_readPolling</name>
         <load_address>0x10036d8</load_address>
         <run_address>0x10036d8</run_address>
         <size>0xba</size>
         <input_file_ref idref="fl-17"/>
      </object_component>
      <object_component id="oc-36e">
         <name>.text:Timer_init</name>
         <load_address>0x1003792</load_address>
         <run_address>0x1003792</run_address>
         <size>0x2</size>
         <input_file_ref idref="fl-10"/>
      </object_component>
      <object_component id="oc-9a6">
         <name>.text:initHw</name>
         <load_address>0x1003794</load_address>
         <run_address>0x1003794</run_address>
         <size>0xb8</size>
         <input_file_ref idref="fl-17"/>
      </object_component>
      <object_component id="oc-a4f">
         <name>.text:readTaskCallback</name>
         <load_address>0x100384c</load_address>
         <run_address>0x100384c</run_address>
         <size>0xb6</size>
         <input_file_ref idref="fl-17"/>
      </object_component>
      <object_component id="oc-68c">
         <name>.text:I2CCC32XX_completeTransfer</name>
         <load_address>0x1003902</load_address>
         <run_address>0x1003902</run_address>
         <size>0xb2</size>
         <input_file_ref idref="fl-13"/>
      </object_component>
      <object_component id="oc-535">
         <name>.text:_ltostr</name>
         <load_address>0x10039b4</load_address>
         <run_address>0x10039b4</run_address>
         <size>0xb1</size>
         <input_file_ref idref="fl-ec"/>
      </object_component>
      <object_component id="oc-82b">
         <name>.text:UARTCC32XX_init</name>
         <load_address>0x1003a66</load_address>
         <run_address>0x1003a66</run_address>
         <size>0x2</size>
         <input_file_ref idref="fl-17"/>
      </object_component>
      <object_component id="oc-167">
         <name>.text:mainThread</name>
         <load_address>0x1003a68</load_address>
         <run_address>0x1003a68</run_address>
         <size>0xb0</size>
         <input_file_ref idref="fl-2"/>
      </object_component>
      <object_component id="oc-a3d">
         <name>.text:readTaskBlocking</name>
         <load_address>0x1003b18</load_address>
         <run_address>0x1003b18</run_address>
         <size>0xb0</size>
         <input_file_ref idref="fl-17"/>
      </object_component>
      <object_component id="oc-a43">
         <name>.text:readIsrTextBlocking</name>
         <load_address>0x1003bc8</load_address>
         <run_address>0x1003bc8</run_address>
         <size>0xae</size>
         <input_file_ref idref="fl-17"/>
      </object_component>
      <object_component id="oc-67a">
         <name>.text:I2CCC32XX_primeWriteBurst</name>
         <load_address>0x1003c76</load_address>
         <run_address>0x1003c76</run_address>
         <size>0xa8</size>
         <input_file_ref idref="fl-13"/>
      </object_component>
      <object_component id="oc-3d0">
         <name>.text:_nop</name>
         <load_address>0x1003d1e</load_address>
         <run_address>0x1003d1e</run_address>
         <size>0x2</size>
         <input_file_ref idref="fl-f9"/>
      </object_component>
      <object_component id="oc-b6">
         <name>.text:IntEnable</name>
         <load_address>0x1003d20</load_address>
         <run_address>0x1003d20</run_address>
         <size>0xa8</size>
         <input_file_ref idref="fl-24"/>
      </object_component>
      <object_component id="oc-2c4">
         <name>.text:PowerCC32XX_configureWakeup</name>
         <load_address>0x1003dc8</load_address>
         <run_address>0x1003dc8</run_address>
         <size>0xa8</size>
         <input_file_ref idref="fl-14"/>
      </object_component>
      <object_component id="oc-a55">
         <name>.text:readIsrTextCallback</name>
         <load_address>0x1003e70</load_address>
         <run_address>0x1003e70</run_address>
         <size>0xa2</size>
         <input_file_ref idref="fl-17"/>
      </object_component>
      <object_component id="oc-9dd">
         <name>.text:writeData</name>
         <load_address>0x1003f12</load_address>
         <run_address>0x1003f12</run_address>
         <size>0xa2</size>
         <input_file_ref idref="fl-17"/>
      </object_component>
      <object_component id="oc-2e9">
         <name>.text:SemaphoreP_pend</name>
         <load_address>0x1003fb4</load_address>
         <run_address>0x1003fb4</run_address>
         <size>0xa0</size>
         <input_file_ref idref="fl-1b"/>
      </object_component>
      <object_component id="oc-4bc">
         <name>.text:I2CCC32XX_initHw</name>
         <load_address>0x1004054</load_address>
         <run_address>0x1004054</run_address>
         <size>0x9c</size>
         <input_file_ref idref="fl-13"/>
      </object_component>
      <object_component id="oc-3c">
         <name>.text</name>
         <load_address>0x10040f0</load_address>
         <run_address>0x10040f0</run_address>
         <size>0x9c</size>
         <input_file_ref idref="fl-e5"/>
      </object_component>
      <object_component id="oc-5c4">
         <name>.text</name>
         <load_address>0x100418c</load_address>
         <run_address>0x100418c</run_address>
         <size>0x96</size>
         <input_file_ref idref="fl-e6"/>
      </object_component>
      <object_component id="oc-74">
         <name>.text:busFaultHandler</name>
         <load_address>0x1004222</load_address>
         <run_address>0x1004222</run_address>
         <size>0x2</size>
         <input_file_ref idref="fl-1f"/>
      </object_component>
      <object_component id="oc-1e9">
         <name>.text:GPIO_init</name>
         <load_address>0x1004224</load_address>
         <run_address>0x1004224</run_address>
         <size>0x90</size>
         <input_file_ref idref="fl-12"/>
      </object_component>
      <object_component id="oc-7d6">
         <name>.text:restoreNVICRegs</name>
         <load_address>0x10042b4</load_address>
         <run_address>0x10042b4</run_address>
         <size>0x90</size>
         <input_file_ref idref="fl-14"/>
      </object_component>
      <object_component id="oc-485">
         <name>.text:HwiP_construct</name>
         <load_address>0x1004344</load_address>
         <run_address>0x1004344</run_address>
         <size>0x8c</size>
         <input_file_ref idref="fl-1d"/>
      </object_component>
      <object_component id="oc-960">
         <name>.text:IntPendSet</name>
         <load_address>0x10043d0</load_address>
         <run_address>0x10043d0</run_address>
         <size>0x88</size>
         <input_file_ref idref="fl-24"/>
      </object_component>
      <object_component id="oc-310">
         <name>.text:PinConfigSet</name>
         <load_address>0x1004458</load_address>
         <run_address>0x1004458</run_address>
         <size>0x88</size>
         <input_file_ref idref="fl-25"/>
      </object_component>
      <object_component id="oc-53b">
         <name>.text:__aeabi_cdcmple</name>
         <load_address>0x10044e0</load_address>
         <run_address>0x10044e0</run_address>
         <size>0x86</size>
         <input_file_ref idref="fl-ef"/>
      </object_component>
      <object_component id="oc-740">
         <name>.text:__aeabi_cdrcmple</name>
         <load_address>0x1004566</load_address>
         <run_address>0x1004566</run_address>
         <size>0x86</size>
         <input_file_ref idref="fl-ef"/>
      </object_component>
      <object_component id="oc-1e3">
         <name>.text:Power_init</name>
         <load_address>0x10045ec</load_address>
         <run_address>0x10045ec</run_address>
         <size>0x84</size>
         <input_file_ref idref="fl-14"/>
      </object_component>
      <object_component id="oc-7cb">
         <name>.text:saveNVICRegs</name>
         <load_address>0x1004670</load_address>
         <run_address>0x1004670</run_address>
         <size>0x84</size>
         <input_file_ref idref="fl-14"/>
      </object_component>
      <object_component id="oc-1fd">
         <name>.text:GPIO_write</name>
         <load_address>0x10046f4</load_address>
         <run_address>0x10046f4</run_address>
         <size>0x80</size>
         <input_file_ref idref="fl-12"/>
      </object_component>
      <object_component id="oc-316">
         <name>.text:Power_setDependency</name>
         <load_address>0x1004774</load_address>
         <run_address>0x1004774</run_address>
         <size>0x80</size>
         <input_file_ref idref="fl-14"/>
      </object_component>
      <object_component id="oc-a37">
         <name>.text:readIsrBinaryBlocking</name>
         <load_address>0x10047f4</load_address>
         <run_address>0x10047f4</run_address>
         <size>0x7c</size>
         <input_file_ref idref="fl-17"/>
      </object_component>
      <object_component id="oc-674">
         <name>.text:I2CCC32XX_primeReadBurst</name>
         <load_address>0x1004870</load_address>
         <run_address>0x1004870</run_address>
         <size>0x7a</size>
         <input_file_ref idref="fl-13"/>
      </object_component>
      <object_component id="oc-392">
         <name>.text</name>
         <load_address>0x10048ea</load_address>
         <run_address>0x10048ea</run_address>
         <size>0x7a</size>
         <input_file_ref idref="fl-e1"/>
      </object_component>
      <object_component id="oc-9e">
         <name>.text</name>
         <load_address>0x1004964</load_address>
         <run_address>0x1004964</run_address>
         <size>0x7a</size>
         <input_file_ref idref="fl-f4"/>
      </object_component>
      <object_component id="oc-a49">
         <name>.text:readIsrBinaryCallback</name>
         <load_address>0x10049de</load_address>
         <run_address>0x10049de</run_address>
         <size>0x78</size>
         <input_file_ref idref="fl-17"/>
      </object_component>
      <object_component id="oc-9b5">
         <name>.text:UARTCC32XX_hwiIntFxn</name>
         <load_address>0x1004a56</load_address>
         <run_address>0x1004a56</run_address>
         <size>0x74</size>
         <input_file_ref idref="fl-17"/>
      </object_component>
      <object_component id="oc-44a">
         <name>.text:clkFxn</name>
         <load_address>0x1004aca</load_address>
         <run_address>0x1004aca</run_address>
         <size>0x2</size>
         <input_file_ref idref="fl-1b"/>
      </object_component>
      <object_component id="oc-308">
         <name>.text:powerNotifyFxn</name>
         <load_address>0x1004acc</load_address>
         <run_address>0x1004acc</run_address>
         <size>0x74</size>
         <input_file_ref idref="fl-12"/>
      </object_component>
      <object_component id="oc-813">
         <name>.text:split</name>
         <load_address>0x1004b40</load_address>
         <run_address>0x1004b40</run_address>
         <size>0x70</size>
         <input_file_ref idref="fl-ea"/>
      </object_component>
      <object_component id="oc-760">
         <name>.text:_mcpy</name>
         <load_address>0x1004bb0</load_address>
         <run_address>0x1004bb0</run_address>
         <size>0x6e</size>
         <input_file_ref idref="fl-ec"/>
      </object_component>
      <object_component id="oc-6a7">
         <name>.text:I2CSupport_primeTransfer</name>
         <load_address>0x1004c1e</load_address>
         <run_address>0x1004c1e</run_address>
         <size>0x6a</size>
         <input_file_ref idref="fl-13"/>
      </object_component>
      <object_component id="oc-15">
         <name>.text:decompress:lzss:__TI_decompress_lzss</name>
         <load_address>0x1004c88</load_address>
         <run_address>0x1004c88</run_address>
         <size>0x68</size>
         <input_file_ref idref="fl-e9"/>
      </object_component>
      <object_component id="oc-855">
         <name>.text:UARTCC32XX_writeCancel</name>
         <load_address>0x1004cf0</load_address>
         <run_address>0x1004cf0</run_address>
         <size>0x66</size>
         <input_file_ref idref="fl-17"/>
      </object_component>
      <object_component id="oc-6e">
         <name>.text:defaultHandler</name>
         <load_address>0x1004d56</load_address>
         <run_address>0x1004d56</run_address>
         <size>0x2</size>
         <input_file_ref idref="fl-1f"/>
      </object_component>
      <object_component id="oc-328">
         <name>.text:GPIO_setInterruptConfig</name>
         <load_address>0x1004d58</load_address>
         <run_address>0x1004d58</run_address>
         <size>0x64</size>
         <input_file_ref idref="fl-12"/>
      </object_component>
      <object_component id="oc-475">
         <name>.text:PowerCC32XX_setParkState</name>
         <load_address>0x1004dbc</load_address>
         <run_address>0x1004dbc</run_address>
         <size>0x64</size>
         <input_file_ref idref="fl-14"/>
      </object_component>
      <object_component id="oc-84f">
         <name>.text:UARTCC32XX_writePolling</name>
         <load_address>0x1004e20</load_address>
         <run_address>0x1004e20</run_address>
         <size>0x62</size>
         <input_file_ref idref="fl-17"/>
      </object_component>
      <object_component id="oc-68">
         <name>.text:faultISR</name>
         <load_address>0x1004e82</load_address>
         <run_address>0x1004e82</run_address>
         <size>0x2</size>
         <input_file_ref idref="fl-1f"/>
      </object_component>
      <object_component id="oc-331">
         <name>.text:GPIO_hwiIntFxn</name>
         <load_address>0x1004e84</load_address>
         <run_address>0x1004e84</run_address>
         <size>0x60</size>
         <input_file_ref idref="fl-12"/>
      </object_component>
      <object_component id="oc-3c2">
         <name>.text:GPIO_toggle</name>
         <load_address>0x1004ee4</load_address>
         <run_address>0x1004ee4</run_address>
         <size>0x60</size>
         <input_file_ref idref="fl-12"/>
      </object_component>
      <object_component id="oc-292">
         <name>.text:PRCMSysResetCauseGet</name>
         <load_address>0x1004f44</load_address>
         <run_address>0x1004f44</run_address>
         <size>0x60</size>
         <input_file_ref idref="fl-26"/>
      </object_component>
      <object_component id="oc-775">
         <name>.text:frexp</name>
         <load_address>0x1004fa4</load_address>
         <run_address>0x1004fa4</run_address>
         <size>0x5c</size>
         <input_file_ref idref="fl-103"/>
      </object_component>
      <object_component id="oc-920">
         <name>.text:sysTickInit</name>
         <load_address>0x1005000</load_address>
         <run_address>0x1005000</run_address>
         <size>0x5c</size>
         <input_file_ref idref="fl-1c"/>
      </object_component>
      <object_component id="oc-2ab">
         <name>.text:PRCMPeripheralReset</name>
         <load_address>0x100505c</load_address>
         <run_address>0x100505c</run_address>
         <size>0x58</size>
         <input_file_ref idref="fl-26"/>
      </object_component>
      <object_component id="oc-8cd">
         <name>.text:Power_releaseDependency</name>
         <load_address>0x10050b4</load_address>
         <run_address>0x10050b4</run_address>
         <size>0x58</size>
         <input_file_ref idref="fl-14"/>
      </object_component>
      <object_component id="oc-546">
         <name>.text:_pconv_f</name>
         <load_address>0x100510c</load_address>
         <run_address>0x100510c</run_address>
         <size>0x56</size>
         <input_file_ref idref="fl-ec"/>
      </object_component>
      <object_component id="oc-74a">
         <name>.text:__TI_ltoa</name>
         <load_address>0x1005162</load_address>
         <run_address>0x1005162</run_address>
         <size>0x54</size>
         <input_file_ref idref="fl-fa"/>
      </object_component>
      <object_component id="oc-a92">
         <name>.text:ringBufGet</name>
         <load_address>0x10051b6</load_address>
         <run_address>0x10051b6</run_address>
         <size>0x54</size>
         <input_file_ref idref="fl-17"/>
      </object_component>
      <object_component id="oc-93d">
         <name>.text:PowerCC32XX_resumeLPDS</name>
         <load_address>0x100520a</load_address>
         <run_address>0x100520a</run_address>
         <size>0x52</size>
         <input_file_ref idref="fl-15"/>
      </object_component>
      <object_component id="oc-75a">
         <name>.text:_ecpy</name>
         <load_address>0x100525c</load_address>
         <run_address>0x100525c</run_address>
         <size>0x52</size>
         <input_file_ref idref="fl-ec"/>
      </object_component>
      <object_component id="oc-504">
         <name>.text:initHw</name>
         <load_address>0x10052ae</load_address>
         <run_address>0x10052ae</run_address>
         <size>0x52</size>
         <input_file_ref idref="fl-16"/>
      </object_component>
      <object_component id="oc-7a">
         <name>.text:ClockP_sysTickHandler</name>
         <load_address>0x1005300</load_address>
         <run_address>0x1005300</run_address>
         <size>0x50</size>
         <input_file_ref idref="fl-1c"/>
      </object_component>
      <object_component id="oc-5f0">
         <name>.text:SemaphoreP_construct</name>
         <load_address>0x1005350</load_address>
         <run_address>0x1005350</run_address>
         <size>0x50</size>
         <input_file_ref idref="fl-1b"/>
      </object_component>
      <object_component id="oc-4ec">
         <name>.text:TimerCC32XX_allocateTimerResource</name>
         <load_address>0x10053a0</load_address>
         <run_address>0x10053a0</run_address>
         <size>0x50</size>
         <input_file_ref idref="fl-16"/>
      </object_component>
      <object_component id="oc-668">
         <name>.text:I2CCC32XX_readRecieveFifo</name>
         <load_address>0x10053f0</load_address>
         <run_address>0x10053f0</run_address>
         <size>0x4c</size>
         <input_file_ref idref="fl-13"/>
      </object_component>
      <object_component id="oc-934">
         <name>.text:PowerCC32XX_parkPin</name>
         <load_address>0x100543c</load_address>
         <run_address>0x100543c</run_address>
         <size>0x4c</size>
         <input_file_ref idref="fl-14"/>
      </object_component>
      <object_component id="oc-52f">
         <name>.text:atoi</name>
         <load_address>0x1005488</load_address>
         <run_address>0x1005488</run_address>
         <size>0x4c</size>
         <input_file_ref idref="fl-fc"/>
      </object_component>
      <object_component id="oc-7dc">
         <name>.text:restorePeriphClocks</name>
         <load_address>0x10054d4</load_address>
         <run_address>0x10054d4</run_address>
         <size>0x4c</size>
         <input_file_ref idref="fl-14"/>
      </object_component>
      <object_component id="oc-227">
         <name>.text:snprintf</name>
         <load_address>0x1005520</load_address>
         <run_address>0x1005520</run_address>
         <size>0x4c</size>
         <input_file_ref idref="fl-e0"/>
      </object_component>
      <object_component id="oc-958">
         <name>.text:FlashDisable</name>
         <load_address>0x100556c</load_address>
         <run_address>0x100556c</run_address>
         <size>0x48</size>
         <input_file_ref idref="fl-2a"/>
      </object_component>
      <object_component id="oc-48c">
         <name>.text:GPIO_disableInt</name>
         <load_address>0x10055b4</load_address>
         <run_address>0x10055b4</run_address>
         <size>0x48</size>
         <input_file_ref idref="fl-12"/>
      </object_component>
      <object_component id="oc-209">
         <name>.text:GPIO_enableInt</name>
         <load_address>0x10055fc</load_address>
         <run_address>0x10055fc</run_address>
         <size>0x48</size>
         <input_file_ref idref="fl-12"/>
      </object_component>
      <object_component id="oc-7e8">
         <name>.text:PRCMLPDSEnter</name>
         <load_address>0x1005644</load_address>
         <run_address>0x1005644</run_address>
         <size>0x48</size>
         <input_file_ref idref="fl-26"/>
      </object_component>
      <object_component id="oc-2a5">
         <name>.text:PRCMPeripheralClkEnable</name>
         <load_address>0x100568c</load_address>
         <run_address>0x100568c</run_address>
         <size>0x48</size>
         <input_file_ref idref="fl-26"/>
      </object_component>
      <object_component id="oc-88b">
         <name>.text:Power_releaseConstraint</name>
         <load_address>0x10056d4</load_address>
         <run_address>0x10056d4</run_address>
         <size>0x48</size>
         <input_file_ref idref="fl-14"/>
      </object_component>
      <object_component id="oc-21b">
         <name>.text:initTimer</name>
         <load_address>0x100571c</load_address>
         <run_address>0x100571c</run_address>
         <size>0x48</size>
         <input_file_ref idref="fl-2"/>
      </object_component>
      <object_component id="oc-745">
         <name>.text</name>
         <load_address>0x1005764</load_address>
         <run_address>0x1005764</run_address>
         <size>0x48</size>
         <input_file_ref idref="fl-f2"/>
      </object_component>
      <object_component id="oc-a7f">
         <name>.text:RingBuf_put</name>
         <load_address>0x10057ac</load_address>
         <run_address>0x10057ac</run_address>
         <size>0x46</size>
         <input_file_ref idref="fl-19"/>
      </object_component>
      <object_component id="oc-4fe">
         <name>.text:getPrescaler</name>
         <load_address>0x10057f2</load_address>
         <run_address>0x10057f2</run_address>
         <size>0x46</size>
         <input_file_ref idref="fl-16"/>
      </object_component>
      <object_component id="oc-618">
         <name>.text:ClockP_stop</name>
         <load_address>0x1005838</load_address>
         <run_address>0x1005838</run_address>
         <size>0x44</size>
         <input_file_ref idref="fl-1c"/>
      </object_component>
      <object_component id="oc-942">
         <name>.text:PRCMLPDSRestoreInfoSet</name>
         <load_address>0x100587c</load_address>
         <run_address>0x100587c</run_address>
         <size>0x44</size>
         <input_file_ref idref="fl-26"/>
      </object_component>
      <object_component id="oc-7d1">
         <name>.text:PowerCC32XX_enterLPDS</name>
         <load_address>0x10058c0</load_address>
         <run_address>0x10058c0</run_address>
         <size>0x44</size>
         <input_file_ref idref="fl-15"/>
      </object_component>
      <object_component id="oc-2f5">
         <name>.text:SemaphoreP_post</name>
         <load_address>0x1005904</load_address>
         <run_address>0x1005904</run_address>
         <size>0x44</size>
         <input_file_ref idref="fl-1b"/>
      </object_component>
      <object_component id="oc-5e0">
         <name>.text:SwiP_restore</name>
         <load_address>0x1005948</load_address>
         <run_address>0x1005948</run_address>
         <size>0x44</size>
         <input_file_ref idref="fl-20"/>
      </object_component>
      <object_component id="oc-380">
         <name>.text:Timer_start</name>
         <load_address>0x100598c</load_address>
         <run_address>0x100598c</run_address>
         <size>0x44</size>
         <input_file_ref idref="fl-10"/>
      </object_component>
      <object_component id="oc-33f">
         <name>.text:UART_init</name>
         <load_address>0x10059d0</load_address>
         <run_address>0x10059d0</run_address>
         <size>0x44</size>
         <input_file_ref idref="fl-11"/>
      </object_component>
      <object_component id="oc-17a">
         <name>.text:__TI_auto_init_nobinit_nopinit:__TI_auto_init_nobinit_nopinit</name>
         <load_address>0x1005a14</load_address>
         <run_address>0x1005a14</run_address>
         <size>0x44</size>
         <input_file_ref idref="fl-f5"/>
      </object_component>
      <object_component id="oc-a26">
         <name>.text:ClockP_construct</name>
         <load_address>0x1005a58</load_address>
         <run_address>0x1005a58</run_address>
         <size>0x40</size>
         <input_file_ref idref="fl-1c"/>
      </object_component>
      <object_component id="oc-2bd">
         <name>.text:PinModeSet</name>
         <load_address>0x1005a98</load_address>
         <run_address>0x1005a98</run_address>
         <size>0x40</size>
         <input_file_ref idref="fl-25"/>
      </object_component>
      <object_component id="oc-9cf">
         <name>.text:RingBuf_get</name>
         <load_address>0x1005ad8</load_address>
         <run_address>0x1005ad8</run_address>
         <size>0x40</size>
         <input_file_ref idref="fl-19"/>
      </object_component>
      <object_component id="oc-51e">
         <name>.text:TimerSupport_timerEnable</name>
         <load_address>0x1005b18</load_address>
         <run_address>0x1005b18</run_address>
         <size>0x40</size>
         <input_file_ref idref="fl-16"/>
      </object_component>
      <object_component id="oc-4f8">
         <name>.text:Timer_close</name>
         <load_address>0x1005b58</load_address>
         <run_address>0x1005b58</run_address>
         <size>0x40</size>
         <input_file_ref idref="fl-16"/>
      </object_component>
      <object_component id="oc-837">
         <name>.text:UARTCC32XX_read</name>
         <load_address>0x1005b98</load_address>
         <run_address>0x1005b98</run_address>
         <size>0x40</size>
         <input_file_ref idref="fl-17"/>
      </object_component>
      <object_component id="oc-34b">
         <name>.text:UART_open</name>
         <load_address>0x1005bd8</load_address>
         <run_address>0x1005bd8</run_address>
         <size>0x40</size>
         <input_file_ref idref="fl-11"/>
      </object_component>
      <object_component id="oc-76d">
         <name>.text:_fcpy</name>
         <load_address>0x1005c18</load_address>
         <run_address>0x1005c18</run_address>
         <size>0x3e</size>
         <input_file_ref idref="fl-ec"/>
      </object_component>
      <object_component id="oc-239">
         <name>.text:gpioButtonFxn1</name>
         <load_address>0x1005c56</load_address>
         <run_address>0x1005c56</run_address>
         <size>0x2</size>
         <input_file_ref idref="fl-2"/>
      </object_component>
      <object_component id="oc-444">
         <name>.text:ClockP_destruct</name>
         <load_address>0x1005c58</load_address>
         <run_address>0x1005c58</run_address>
         <size>0x3c</size>
         <input_file_ref idref="fl-1c"/>
      </object_component>
      <object_component id="oc-720">
         <name>.text:Power_setConstraint</name>
         <load_address>0x1005c94</load_address>
         <run_address>0x1005c94</run_address>
         <size>0x3c</size>
         <input_file_ref idref="fl-14"/>
      </object_component>
      <object_component id="oc-20f">
         <name>.text:initUART</name>
         <load_address>0x1005cd0</load_address>
         <run_address>0x1005cd0</run_address>
         <size>0x3c</size>
         <input_file_ref idref="fl-2"/>
      </object_component>
      <object_component id="oc-5be">
         <name>.text:getCountsRTC</name>
         <load_address>0x1005d0c</load_address>
         <run_address>0x1005d0c</run_address>
         <size>0x3a</size>
         <input_file_ref idref="fl-1e"/>
      </object_component>
      <object_component id="oc-62">
         <name>.text:nmiISR</name>
         <load_address>0x1005d46</load_address>
         <run_address>0x1005d46</run_address>
         <size>0x2</size>
         <input_file_ref idref="fl-1f"/>
      </object_component>
      <object_component id="oc-7ee">
         <name>.text:PRCMLPDSEnterKeepDebugIf</name>
         <load_address>0x1005d48</load_address>
         <run_address>0x1005d48</run_address>
         <size>0x38</size>
         <input_file_ref idref="fl-26"/>
      </object_component>
      <object_component id="oc-dc">
         <name>.text:addToList</name>
         <load_address>0x1005d80</load_address>
         <run_address>0x1005d80</run_address>
         <size>0x38</size>
         <input_file_ref idref="fl-1c"/>
      </object_component>
      <object_component id="oc-5a">
         <name>.text:initVectors</name>
         <load_address>0x1005db8</load_address>
         <run_address>0x1005db8</run_address>
         <size>0x38</size>
         <input_file_ref idref="fl-1f"/>
      </object_component>
      <object_component id="oc-7bf">
         <name>.text:notify</name>
         <load_address>0x1005df0</load_address>
         <run_address>0x1005df0</run_address>
         <size>0x38</size>
         <input_file_ref idref="fl-14"/>
      </object_component>
      <object_component id="oc-397">
         <name>.text</name>
         <load_address>0x1005e28</load_address>
         <run_address>0x1005e28</run_address>
         <size>0x38</size>
         <input_file_ref idref="fl-e2"/>
      </object_component>
      <object_component id="oc-38d">
         <name>.text</name>
         <load_address>0x1005e60</load_address>
         <run_address>0x1005e60</run_address>
         <size>0x38</size>
         <input_file_ref idref="fl-e3"/>
      </object_component>
      <object_component id="oc-701">
         <name>.text:TimerControlStall</name>
         <load_address>0x1005e98</load_address>
         <run_address>0x1005e98</run_address>
         <size>0x36</size>
         <input_file_ref idref="fl-27"/>
      </object_component>
      <object_component id="oc-6cf">
         <name>.text:Timer_stop</name>
         <load_address>0x1005ece</load_address>
         <run_address>0x1005ece</run_address>
         <size>0x36</size>
         <input_file_ref idref="fl-10"/>
      </object_component>
      <object_component id="oc-843">
         <name>.text:UARTCC32XX_readCancel</name>
         <load_address>0x1005f04</load_address>
         <run_address>0x1005f04</run_address>
         <size>0x36</size>
         <input_file_ref idref="fl-17"/>
      </object_component>
      <object_component id="oc-7b9">
         <name>.text</name>
         <load_address>0x1005f3a</load_address>
         <run_address>0x1005f3a</run_address>
         <size>0x2</size>
         <input_file_ref idref="fl-ed"/>
      </object_component>
      <object_component id="oc-5ac">
         <name>.text:ClockP_getTicksUntilInterrupt</name>
         <load_address>0x1005f3c</load_address>
         <run_address>0x1005f3c</run_address>
         <size>0x34</size>
         <input_file_ref idref="fl-1c"/>
      </object_component>
      <object_component id="oc-7b0">
         <name>.text:ClockP_startup</name>
         <load_address>0x1005f70</load_address>
         <run_address>0x1005f70</run_address>
         <size>0x34</size>
         <input_file_ref idref="fl-1c"/>
      </object_component>
      <object_component id="oc-2b7">
         <name>.text:PinModeGet</name>
         <load_address>0x1005fa4</load_address>
         <run_address>0x1005fa4</run_address>
         <size>0x34</size>
         <input_file_ref idref="fl-25"/>
      </object_component>
      <object_component id="oc-973">
         <name>.text:PowerCC32XX_restoreParkState</name>
         <load_address>0x1005fd8</load_address>
         <run_address>0x1005fd8</run_address>
         <size>0x34</size>
         <input_file_ref idref="fl-14"/>
      </object_component>
      <object_component id="oc-6e7">
         <name>.text:TimerCC32XX_freeTimerResource</name>
         <load_address>0x100600c</load_address>
         <run_address>0x100600c</run_address>
         <size>0x34</size>
         <input_file_ref idref="fl-16"/>
      </object_component>
      <object_component id="oc-516">
         <name>.text:TimerCC32XX_hwiIntFunction</name>
         <load_address>0x1006040</load_address>
         <run_address>0x1006040</run_address>
         <size>0x34</size>
         <input_file_ref idref="fl-16"/>
      </object_component>
      <object_component id="oc-6c4">
         <name>.text:getPowerMgrId</name>
         <load_address>0x1006074</load_address>
         <run_address>0x1006074</run_address>
         <size>0x34</size>
         <input_file_ref idref="fl-16"/>
      </object_component>
      <object_component id="oc-432">
         <name>.text:ClockP_start</name>
         <load_address>0x10060a8</load_address>
         <run_address>0x10060a8</run_address>
         <size>0x30</size>
         <input_file_ref idref="fl-1c"/>
      </object_component>
      <object_component id="oc-951">
         <name>.text:PowerCC32XX_restoreParkedPin</name>
         <load_address>0x10060d8</load_address>
         <run_address>0x10060d8</run_address>
         <size>0x30</size>
         <input_file_ref idref="fl-14"/>
      </object_component>
      <object_component id="oc-3a3">
         <name>.text:_outs</name>
         <load_address>0x1006108</load_address>
         <run_address>0x1006108</run_address>
         <size>0x30</size>
         <input_file_ref idref="fl-e0"/>
      </object_component>
      <object_component id="oc-750">
         <name>.text</name>
         <load_address>0x1006138</load_address>
         <run_address>0x1006138</run_address>
         <size>0x2e</size>
         <input_file_ref idref="fl-f3"/>
      </object_component>
      <object_component id="oc-994">
         <name>.text:PowerCC32XX_getParkState</name>
         <load_address>0x1006168</load_address>
         <run_address>0x1006168</run_address>
         <size>0x2c</size>
         <input_file_ref idref="fl-14"/>
      </object_component>
      <object_component id="oc-322">
         <name>.text:HwiP_create</name>
         <load_address>0x1006194</load_address>
         <run_address>0x1006194</run_address>
         <size>0x2a</size>
         <input_file_ref idref="fl-1d"/>
      </object_component>
      <object_component id="oc-6fb">
         <name>.text:TimerLoadSet</name>
         <load_address>0x10061be</load_address>
         <run_address>0x10061be</run_address>
         <size>0x2a</size>
         <input_file_ref idref="fl-27"/>
      </object_component>
      <object_component id="oc-6f5">
         <name>.text:TimerPrescaleSet</name>
         <load_address>0x10061e8</load_address>
         <run_address>0x10061e8</run_address>
         <size>0x2a</size>
         <input_file_ref idref="fl-27"/>
      </object_component>
      <object_component id="oc-680">
         <name>.text:I2CFIFODataPutNonBlocking</name>
         <load_address>0x1006212</load_address>
         <run_address>0x1006212</run_address>
         <size>0x28</size>
         <input_file_ref idref="fl-23"/>
      </object_component>
      <object_component id="oc-2b1">
         <name>.text:PRCMPeripheralClkDisable</name>
         <load_address>0x100623c</load_address>
         <run_address>0x100623c</run_address>
         <size>0x28</size>
         <input_file_ref idref="fl-26"/>
      </object_component>
      <object_component id="oc-2ef">
         <name>.text:Power_registerNotify</name>
         <load_address>0x1006264</load_address>
         <run_address>0x1006264</run_address>
         <size>0x28</size>
         <input_file_ref idref="fl-14"/>
      </object_component>
      <object_component id="oc-610">
         <name>.text:free_list_insert</name>
         <load_address>0x100628c</load_address>
         <run_address>0x100628c</run_address>
         <size>0x28</size>
         <input_file_ref idref="fl-ea"/>
      </object_component>
      <object_component id="oc-867">
         <name>.text:I2CFIFODataGetNonBlocking</name>
         <load_address>0x10062b4</load_address>
         <run_address>0x10062b4</run_address>
         <size>0x26</size>
         <input_file_ref idref="fl-23"/>
      </object_component>
      <object_component id="oc-6b3">
         <name>.text:I2C_cancel</name>
         <load_address>0x10062da</load_address>
         <run_address>0x10062da</run_address>
         <size>0x26</size>
         <input_file_ref idref="fl-f"/>
      </object_component>
      <object_component id="oc-454">
         <name>.text:List_put</name>
         <load_address>0x1006300</load_address>
         <run_address>0x1006300</run_address>
         <size>0x26</size>
         <input_file_ref idref="fl-18"/>
      </object_component>
      <object_component id="oc-8be">
         <name>.text:List_remove</name>
         <load_address>0x1006326</load_address>
         <run_address>0x1006326</run_address>
         <size>0x26</size>
         <input_file_ref idref="fl-18"/>
      </object_component>
      <object_component id="oc-636">
         <name>.text:HwiP_dispatch</name>
         <load_address>0x100634c</load_address>
         <run_address>0x100634c</run_address>
         <size>0x24</size>
         <input_file_ref idref="fl-1d"/>
      </object_component>
      <object_component id="oc-98e">
         <name>.text:PowerCC32XX_reset</name>
         <load_address>0x1006370</load_address>
         <run_address>0x1006370</run_address>
         <size>0x24</size>
         <input_file_ref idref="fl-14"/>
      </object_component>
      <object_component id="oc-8b7">
         <name>.text:TimerSupport_timerDisable</name>
         <load_address>0x1006394</load_address>
         <run_address>0x1006394</run_address>
         <size>0x24</size>
         <input_file_ref idref="fl-16"/>
      </object_component>
      <object_component id="oc-c6">
         <name>.text:_c_int00_noargs:_c_int00_noargs</name>
         <load_address>0x10063b8</load_address>
         <run_address>0x10063b8</run_address>
         <size>0x24</size>
         <input_file_ref idref="fl-eb"/>
      </object_component>
      <object_component id="oc-86f">
         <name>.text:I2CMasterSlaveAddrSet</name>
         <load_address>0x10063dc</load_address>
         <run_address>0x10063dc</run_address>
         <size>0x22</size>
         <input_file_ref idref="fl-23"/>
      </object_component>
      <object_component id="oc-8c5">
         <name>.text:HwiP_destruct</name>
         <load_address>0x10063fe</load_address>
         <run_address>0x10063fe</run_address>
         <size>0x20</size>
         <input_file_ref idref="fl-1d"/>
      </object_component>
      <object_component id="oc-6d5">
         <name>.text:Power_unregisterNotify</name>
         <load_address>0x1006420</load_address>
         <run_address>0x1006420</run_address>
         <size>0x20</size>
         <input_file_ref idref="fl-14"/>
      </object_component>
      <object_component id="oc-97a">
         <name>.text:RingBuf_peek</name>
         <load_address>0x1006440</load_address>
         <run_address>0x1006440</run_address>
         <size>0x20</size>
         <input_file_ref idref="fl-19"/>
      </object_component>
      <object_component id="oc-988">
         <name>.text:getPowerMgrId</name>
         <load_address>0x1006460</load_address>
         <run_address>0x1006460</run_address>
         <size>0x20</size>
         <input_file_ref idref="fl-17"/>
      </object_component>
      <object_component id="oc-65c">
         <name>.text:I2CMasterIntStatusEx</name>
         <load_address>0x1006480</load_address>
         <run_address>0x1006480</run_address>
         <size>0x1e</size>
         <input_file_ref idref="fl-23"/>
      </object_component>
      <object_component id="oc-4b6">
         <name>.text:SemaphoreP_constructBinary</name>
         <load_address>0x100649e</load_address>
         <run_address>0x100649e</run_address>
         <size>0x1e</size>
         <input_file_ref idref="fl-1b"/>
      </object_component>
      <object_component id="oc-6ef">
         <name>.text:TimerDisable</name>
         <load_address>0x10064bc</load_address>
         <run_address>0x10064bc</run_address>
         <size>0x1e</size>
         <input_file_ref idref="fl-27"/>
      </object_component>
      <object_component id="oc-726">
         <name>.text:TimerEnable</name>
         <load_address>0x10064da</load_address>
         <run_address>0x10064da</run_address>
         <size>0x1e</size>
         <input_file_ref idref="fl-27"/>
      </object_component>
      <object_component id="oc-203">
         <name>.text:GPIO_setCallback</name>
         <load_address>0x10064f8</load_address>
         <run_address>0x10064f8</run_address>
         <size>0x1c</size>
         <input_file_ref idref="fl-e"/>
      </object_component>
      <object_component id="oc-92e">
         <name>.text:PinToPadGet</name>
         <load_address>0x1006514</load_address>
         <run_address>0x1006514</run_address>
         <size>0x1c</size>
         <input_file_ref idref="fl-25"/>
      </object_component>
      <object_component id="oc-5a0">
         <name>.text:SwiP_disable</name>
         <load_address>0x1006530</load_address>
         <run_address>0x1006530</run_address>
         <size>0x1c</size>
         <input_file_ref idref="fl-20"/>
      </object_component>
      <object_component id="oc-60a">
         <name>.text:free_list_remove</name>
         <load_address>0x100654c</load_address>
         <run_address>0x100654c</run_address>
         <size>0x1c</size>
         <input_file_ref idref="fl-ea"/>
      </object_component>
      <object_component id="oc-558">
         <name>.text:memccpy</name>
         <load_address>0x1006568</load_address>
         <run_address>0x1006568</run_address>
         <size>0x1c</size>
         <input_file_ref idref="fl-fe"/>
      </object_component>
      <object_component id="oc-9a0">
         <name>.text:ClockP_create</name>
         <load_address>0x1006584</load_address>
         <run_address>0x1006584</run_address>
         <size>0x1a</size>
         <input_file_ref idref="fl-1c"/>
      </object_component>
      <object_component id="oc-2d1">
         <name>.text:SemaphoreP_createBinary</name>
         <load_address>0x100659e</load_address>
         <run_address>0x100659e</run_address>
         <size>0x1a</size>
         <input_file_ref idref="fl-1b"/>
      </object_component>
      <object_component id="oc-22">
         <name>.text:resetISR</name>
         <load_address>0x10065b8</load_address>
         <run_address>0x10065b8</run_address>
         <size>0x1a</size>
         <input_file_ref idref="fl-1f"/>
      </object_component>
      <object_component id="oc-8a0">
         <name>.text:I2CMasterBusBusy</name>
         <load_address>0x10065d2</load_address>
         <run_address>0x10065d2</run_address>
         <size>0x18</size>
         <input_file_ref idref="fl-23"/>
      </object_component>
      <object_component id="oc-66e">
         <name>.text:I2CMasterIntDisableEx</name>
         <load_address>0x10065ea</load_address>
         <run_address>0x10065ea</run_address>
         <size>0x18</size>
         <input_file_ref idref="fl-23"/>
      </object_component>
      <object_component id="oc-881">
         <name>.text:I2CMasterIntEnableEx</name>
         <load_address>0x1006602</load_address>
         <run_address>0x1006602</run_address>
         <size>0x18</size>
         <input_file_ref idref="fl-23"/>
      </object_component>
      <object_component id="oc-89a">
         <name>.text:I2CRxFIFOFlush</name>
         <load_address>0x100661a</load_address>
         <run_address>0x100661a</run_address>
         <size>0x18</size>
         <input_file_ref idref="fl-23"/>
      </object_component>
      <object_component id="oc-894">
         <name>.text:I2CTxFIFOFlush</name>
         <load_address>0x1006632</load_address>
         <run_address>0x1006632</run_address>
         <size>0x18</size>
         <input_file_ref idref="fl-23"/>
      </object_component>
      <object_component id="oc-5b2">
         <name>.text:Power_getTransitionLatency</name>
         <load_address>0x100664c</load_address>
         <run_address>0x100664c</run_address>
         <size>0x18</size>
         <input_file_ref idref="fl-14"/>
      </object_component>
      <object_component id="oc-802">
         <name>.text:Power_idleFunc</name>
         <load_address>0x1006664</load_address>
         <run_address>0x1006664</run_address>
         <size>0x18</size>
         <input_file_ref idref="fl-14"/>
      </object_component>
      <object_component id="oc-9f5">
         <name>.text:TimerIntDisable</name>
         <load_address>0x100667c</load_address>
         <run_address>0x100667c</run_address>
         <size>0x18</size>
         <input_file_ref idref="fl-27"/>
      </object_component>
      <object_component id="oc-71a">
         <name>.text:TimerIntEnable</name>
         <load_address>0x1006694</load_address>
         <run_address>0x1006694</run_address>
         <size>0x18</size>
         <input_file_ref idref="fl-27"/>
      </object_component>
      <object_component id="oc-9d7">
         <name>.text:UARTBusy</name>
         <load_address>0x10066ac</load_address>
         <run_address>0x10066ac</run_address>
         <size>0x18</size>
         <input_file_ref idref="fl-28"/>
      </object_component>
      <object_component id="oc-a6a">
         <name>.text:UARTIntEnable</name>
         <load_address>0x10066c4</load_address>
         <run_address>0x10066c4</run_address>
         <size>0x18</size>
         <input_file_ref idref="fl-28"/>
      </object_component>
      <object_component id="oc-345">
         <name>.text:UART_Params_init</name>
         <load_address>0x10066dc</load_address>
         <run_address>0x10066dc</run_address>
         <size>0x18</size>
         <input_file_ref idref="fl-11"/>
      </object_component>
      <object_component id="oc-3a9">
         <name>.text:_outc</name>
         <load_address>0x10066f4</load_address>
         <run_address>0x10066f4</run_address>
         <size>0x18</size>
         <input_file_ref idref="fl-e0"/>
      </object_component>
      <object_component id="oc-5cf">
         <name>.text</name>
         <load_address>0x100670c</load_address>
         <run_address>0x100670c</run_address>
         <size>0x18</size>
         <input_file_ref idref="fl-e4"/>
      </object_component>
      <object_component id="oc-87b">
         <name>.text:I2CMasterBurstLengthSet</name>
         <load_address>0x1006724</load_address>
         <run_address>0x1006724</run_address>
         <size>0x16</size>
         <input_file_ref idref="fl-23"/>
      </object_component>
      <object_component id="oc-29f">
         <name>.text:PRCMHIBRegRead</name>
         <load_address>0x100673a</load_address>
         <run_address>0x100673a</run_address>
         <size>0x16</size>
         <input_file_ref idref="fl-26"/>
      </object_component>
      <object_component id="oc-299">
         <name>.text:PRCMHIBRegWrite</name>
         <load_address>0x1006750</load_address>
         <run_address>0x1006750</run_address>
         <size>0x16</size>
         <input_file_ref idref="fl-26"/>
      </object_component>
      <object_component id="oc-41a">
         <name>.text:SemaphoreP_create</name>
         <load_address>0x1006766</load_address>
         <run_address>0x1006766</run_address>
         <size>0x16</size>
         <input_file_ref idref="fl-1b"/>
      </object_component>
      <object_component id="oc-781">
         <name>.text:strchr</name>
         <load_address>0x100677c</load_address>
         <run_address>0x100677c</run_address>
         <size>0x16</size>
         <input_file_ref idref="fl-ff"/>
      </object_component>
      <object_component id="oc-15b">
         <name>.text:Board_init</name>
         <load_address>0x1006792</load_address>
         <run_address>0x1006792</run_address>
         <size>0x14</size>
         <input_file_ref idref="fl-3"/>
      </object_component>
      <object_component id="oc-a4">
         <name>.text:CPUcpsid</name>
         <load_address>0x10067a6</load_address>
         <run_address>0x10067a6</run_address>
         <size>0x14</size>
         <input_file_ref idref="fl-22"/>
      </object_component>
      <object_component id="oc-45b">
         <name>.text:HwiP_inISR</name>
         <load_address>0x10067bc</load_address>
         <run_address>0x10067bc</run_address>
         <size>0x14</size>
         <input_file_ref idref="fl-1d"/>
      </object_component>
      <object_component id="oc-8a8">
         <name>.text:I2CSupport_masterFinish</name>
         <load_address>0x10067d0</load_address>
         <run_address>0x10067d0</run_address>
         <size>0x14</size>
         <input_file_ref idref="fl-13"/>
      </object_component>
      <object_component id="oc-364">
         <name>.text:I2C_transfer</name>
         <load_address>0x10067e4</load_address>
         <run_address>0x10067e4</run_address>
         <size>0x14</size>
         <input_file_ref idref="fl-f"/>
      </object_component>
      <object_component id="oc-b0">
         <name>.text:IntVTableBaseSet</name>
         <load_address>0x10067f8</load_address>
         <run_address>0x10067f8</run_address>
         <size>0x14</size>
         <input_file_ref idref="fl-24"/>
      </object_component>
      <object_component id="oc-461">
         <name>.text:Power_disablePolicy</name>
         <load_address>0x100680c</load_address>
         <run_address>0x100680c</run_address>
         <size>0x14</size>
         <input_file_ref idref="fl-14"/>
      </object_component>
      <object_component id="oc-94a">
         <name>.text:Power_getDependencyCount</name>
         <load_address>0x1006820</load_address>
         <run_address>0x1006820</run_address>
         <size>0x14</size>
         <input_file_ref idref="fl-14"/>
      </object_component>
      <object_component id="oc-a64">
         <name>.text:releasePowerConstraint</name>
         <load_address>0x1006834</load_address>
         <run_address>0x1006834</run_address>
         <size>0x14</size>
         <input_file_ref idref="fl-17"/>
      </object_component>
      <object_component id="oc-529">
         <name>.text:strlen</name>
         <load_address>0x1006848</load_address>
         <run_address>0x1006848</run_address>
         <size>0x14</size>
         <input_file_ref idref="fl-100"/>
      </object_component>
      <object_component id="oc-31c">
         <name>.text:HwiP_Params_init</name>
         <load_address>0x100685c</load_address>
         <run_address>0x100685c</run_address>
         <size>0x12</size>
         <input_file_ref idref="fl-1d"/>
      </object_component>
      <object_component id="oc-662">
         <name>.text:I2CMasterIntClearEx</name>
         <load_address>0x100686e</load_address>
         <run_address>0x100686e</run_address>
         <size>0x12</size>
         <input_file_ref idref="fl-23"/>
      </object_component>
      <object_component id="oc-982">
         <name>.text:RingBuf_construct</name>
         <load_address>0x1006880</load_address>
         <run_address>0x1006880</run_address>
         <size>0x12</size>
         <input_file_ref idref="fl-19"/>
      </object_component>
      <object_component id="oc-711">
         <name>.text:TimerIntClear</name>
         <load_address>0x1006892</load_address>
         <run_address>0x1006892</run_address>
         <size>0x12</size>
         <input_file_ref idref="fl-27"/>
      </object_component>
      <object_component id="oc-120">
         <name>.text:main</name>
         <load_address>0x10068a4</load_address>
         <run_address>0x10068a4</run_address>
         <size>0x12</size>
         <input_file_ref idref="fl-4"/>
      </object_component>
      <object_component id="oc-55e">
         <name>.text:wcslen</name>
         <load_address>0x10068b6</load_address>
         <run_address>0x10068b6</run_address>
         <size>0x12</size>
         <input_file_ref idref="fl-102"/>
      </object_component>
      <object_component id="oc-42c">
         <name>.text:ClockP_add</name>
         <load_address>0x10068c8</load_address>
         <run_address>0x10068c8</run_address>
         <size>0x10</size>
         <input_file_ref idref="fl-1c"/>
      </object_component>
      <object_component id="oc-96d">
         <name>.text:ClockP_delete</name>
         <load_address>0x10068d8</load_address>
         <run_address>0x10068d8</run_address>
         <size>0x10</size>
[...]
         <value>0x1006929</value>
         <object_component_ref idref="oc-2dd"/>
      </symbol>
      <symbol id="sm-ab3">
         <name>HwiP_disableInterrupt</name>
         <value>0x10069b5</value>
         <object_component_ref idref="oc-6a1"/>
      </symbol>
      <symbol id="sm-ae3">
         <name>PowerCC32XX_initPolicy</name>
         <value>0x10032ab</value>
         <object_component_ref idref="oc-403"/>
      </symbol>
      <symbol id="sm-ae4">
         <name>PowerCC32XX_sleepPolicy</name>
         <value>0x10020f9</value>
         <object_component_ref idref="oc-409"/>
      </symbol>
      <symbol id="sm-b34">
         <name>resetISR</name>
         <value>0x10065b9</value>
         <object_component_ref idref="oc-22"/>
      </symbol>
      <symbol id="sm-b35">
         <name>resetVectorAddr</name>
         <value>0x10065cc</value>
         <object_component_ref idref="oc-22"/>
      </symbol>
      <symbol id="sm-b36">
         <name>initVectors</name>
         <value>0x1005db9</value>
         <object_component_ref idref="oc-5a"/>
      </symbol>
      <symbol id="sm-b37">
         <name>resetVectors</name>
         <value>0x1000800</value>
         <object_component_ref idref="oc-28"/>
      </symbol>
      <symbol id="sm-b67">
         <name>SwiP_disable</name>
         <value>0x1006531</value>
         <object_component_ref idref="oc-5a0"/>
      </symbol>
      <symbol id="sm-b68">
         <name>SwiP_restore</name>
         <value>0x1005949</value>
         <object_component_ref idref="oc-5e0"/>
      </symbol>
      <symbol id="sm-b73">
         <name>CPUcpsid</name>
         <value>0x10067a7</value>
         <object_component_ref idref="oc-a4"/>
      </symbol>
      <symbol id="sm-be0">
         <name>I2CRxFIFOFlush</name>
         <value>0x100661b</value>
         <object_component_ref idref="oc-89a"/>
      </symbol>
      <symbol id="sm-be1">
         <name>I2CTxFIFOFlush</name>
         <value>0x1006633</value>
         <object_component_ref idref="oc-894"/>
      </symbol>
      <symbol id="sm-be2">
         <name>I2CFIFODataPutNonBlocking</name>
         <value>0x1006213</value>
         <object_component_ref idref="oc-680"/>
      </symbol>
      <symbol id="sm-be3">
         <name>I2CMasterBusBusy</name>
         <value>0x10065d3</value>
         <object_component_ref idref="oc-8a0"/>
      </symbol>
      <symbol id="sm-be4">
         <name>I2CMasterIntDisableEx</name>
         <value>0x10065eb</value>
         <object_component_ref idref="oc-66e"/>
      </symbol>
      <symbol id="sm-be5">
         <name>I2CMasterBurstLengthSet</name>
         <value>0x1006725</value>
         <object_component_ref idref="oc-87b"/>
      </symbol>
      <symbol id="sm-be6">
         <name>I2CMasterIntClearEx</name>
         <value>0x100686f</value>
         <object_component_ref idref="oc-662"/>
      </symbol>
      <symbol id="sm-be7">
         <name>I2CMasterSlaveAddrSet</name>
         <value>0x10063dd</value>
         <object_component_ref idref="oc-86f"/>
      </symbol>
      <symbol id="sm-be8">
         <name>I2CMasterIntEnableEx</name>
         <value>0x1006603</value>
         <object_component_ref idref="oc-881"/>
      </symbol>
      <symbol id="sm-be9">
         <name>I2CFIFOStatus</name>
         <value>0x1006939</value>
         <object_component_ref idref="oc-686"/>
      </symbol>
      <symbol id="sm-bea">
         <name>I2CMasterIntStatusEx</name>
         <value>0x1006481</value>
         <object_component_ref idref="oc-65c"/>
      </symbol>
      <symbol id="sm-beb">
         <name>I2CFIFODataGetNonBlocking</name>
         <value>0x10062b5</value>
         <object_component_ref idref="oc-867"/>
      </symbol>
      <symbol id="sm-c30">
         <name>IntVTableBaseSet</name>
         <value>0x10067f9</value>
         <object_component_ref idref="oc-b0"/>
      </symbol>
      <symbol id="sm-c31">
         <name>IntEnable</name>
         <value>0x1003d21</value>
         <object_component_ref idref="oc-b6"/>
      </symbol>
      <symbol id="sm-c32">
         <name>IntMasterDisable</name>
         <value>0x1006a71</value>
         <object_component_ref idref="oc-54"/>
      </symbol>
      <symbol id="sm-c33">
         <name>IntPendSet</name>
         <value>0x10043d1</value>
         <object_component_ref idref="oc-960"/>
      </symbol>
      <symbol id="sm-c6d">
         <name>PinModeGet</name>
         <value>0x1005fa5</value>
         <object_component_ref idref="oc-2b7"/>
      </symbol>
      <symbol id="sm-c6e">
         <name>PinConfigSet</name>
         <value>0x1004459</value>
         <object_component_ref idref="oc-310"/>
      </symbol>
      <symbol id="sm-c6f">
         <name>PinModeSet</name>
         <value>0x1005a99</value>
         <object_component_ref idref="oc-2bd"/>
      </symbol>
      <symbol id="sm-c70">
         <name>PinToPadGet</name>
         <value>0x1006515</value>
         <object_component_ref idref="oc-92e"/>
      </symbol>
      <symbol id="sm-d39">
         <name>PRCMLPDSRestoreInfoSet</name>
         <value>0x100587d</value>
         <object_component_ref idref="oc-942"/>
      </symbol>
      <symbol id="sm-d3a">
         <name>PRCMPeripheralReset</name>
         <value>0x100505d</value>
         <object_component_ref idref="oc-2ab"/>
      </symbol>
      <symbol id="sm-d3b">
         <name>PRCMLPDSEnter</name>
         <value>0x1005645</value>
         <object_component_ref idref="oc-7e8"/>
      </symbol>
      <symbol id="sm-d3c">
         <name>PRCMPeripheralClkEnable</name>
         <value>0x100568d</value>
         <object_component_ref idref="oc-2a5"/>
      </symbol>
      <symbol id="sm-d3d">
         <name>PRCMLPDSEnterKeepDebugIf</name>
         <value>0x1005d49</value>
         <object_component_ref idref="oc-7ee"/>
      </symbol>
      <symbol id="sm-d3e">
         <name>PRCMCC3200MCUInit</name>
         <value>0x1001291</value>
         <object_component_ref idref="oc-1dd"/>
      </symbol>
      <symbol id="sm-d3f">
         <name>PRCMHIBRegWrite</name>
         <value>0x1006751</value>
         <object_component_ref idref="oc-299"/>
      </symbol>
      <symbol id="sm-d40">
         <name>PRCMSysResetCauseGet</name>
         <value>0x1004f45</value>
         <object_component_ref idref="oc-292"/>
      </symbol>
      <symbol id="sm-d41">
         <name>PRCMPeripheralClkDisable</name>
         <value>0x100623d</value>
         <object_component_ref idref="oc-2b1"/>
      </symbol>
      <symbol id="sm-d42">
         <name>PRCMHIBRegRead</name>
         <value>0x100673b</value>
         <object_component_ref idref="oc-29f"/>
      </symbol>
      <symbol id="sm-d8a">
         <name>TimerLoadSet</name>
         <value>0x10061bf</value>
         <object_component_ref idref="oc-6fb"/>
      </symbol>
      <symbol id="sm-d8b">
         <name>TimerDisable</name>
         <value>0x10064bd</value>
         <object_component_ref idref="oc-6ef"/>
      </symbol>
      <symbol id="sm-d8c">
         <name>TimerEnable</name>
         <value>0x10064db</value>
         <object_component_ref idref="oc-726"/>
      </symbol>
      <symbol id="sm-d8d">
         <name>TimerIntDisable</name>
         <value>0x100667d</value>
         <object_component_ref idref="oc-9f5"/>
      </symbol>
      <symbol id="sm-d8e">
         <name>TimerPrescaleSet</name>
         <value>0x10061e9</value>
         <object_component_ref idref="oc-6f5"/>
      </symbol>
      <symbol id="sm-d8f">
         <name>TimerControlStall</name>
         <value>0x1005e99</value>
         <object_component_ref idref="oc-701"/>
      </symbol>
      <symbol id="sm-d90">
         <name>TimerIntEnable</name>
         <value>0x1006695</value>
         <object_component_ref idref="oc-71a"/>
      </symbol>
      <symbol id="sm-d91">
         <name>TimerIntClear</name>
         <value>0x1006893</value>
         <object_component_ref idref="oc-711"/>
      </symbol>
      <symbol id="sm-da5">
         <name>UARTBusy</name>
         <value>0x10066ad</value>
         <object_component_ref idref="oc-9d7"/>
      </symbol>
      <symbol id="sm-da6">
         <name>UARTIntEnable</name>
         <value>0x10066c5</value>
         <object_component_ref idref="oc-a6a"/>
      </symbol>
      <symbol id="sm-daa">
         <name>UtilsDelay</name>
         <value>0x1006ab9</value>
         <object_component_ref idref="oc-298"/>
      </symbol>
      <symbol id="sm-dba">
         <name>FlashDisable</name>
         <value>0x100556d</value>
         <object_component_ref idref="oc-958"/>
      </symbol>
      <symbol id="sm-de9">
         <name>snprintf</name>
         <value>0x1005521</value>
         <object_component_ref idref="oc-227"/>
      </symbol>
      <symbol id="sm-df3">
         <name>__aeabi_fmul</name>
         <value>0x10048eb</value>
         <object_component_ref idref="oc-392"/>
      </symbol>
      <symbol id="sm-dfd">
         <name>__aeabi_f2iz</name>
         <value>0x1005e29</value>
         <object_component_ref idref="oc-397"/>
      </symbol>
      <symbol id="sm-e08">
         <name>__aeabi_i2f</name>
         <value>0x1005e61</value>
         <object_component_ref idref="oc-38d"/>
      </symbol>
      <symbol id="sm-e11">
         <name>__aeabi_lmul</name>
         <value>0x100670d</value>
         <object_component_ref idref="oc-5cf"/>
      </symbol>
      <symbol id="sm-e2c">
         <name>memcpy</name>
         <value>0x10040f1</value>
         <object_component_ref idref="oc-3c"/>
      </symbol>
      <symbol id="sm-e2d">
         <name>__aeabi_memcpy</name>
         <value>0x10040f1</value>
         <object_component_ref idref="oc-3c"/>
      </symbol>
      <symbol id="sm-e2e">
         <name>__aeabi_memcpy8</name>
         <value>0x10040f1</value>
         <object_component_ref idref="oc-3c"/>
      </symbol>
      <symbol id="sm-e2f">
         <name>__aeabi_memcpy4</name>
         <value>0x10040f1</value>
         <object_component_ref idref="oc-3c"/>
      </symbol>
      <symbol id="sm-e3c">
         <name>__aeabi_uldivmod</name>
         <value>0x100418d</value>
         <object_component_ref idref="oc-5c4"/>
      </symbol>
      <symbol id="sm-e4e">
         <name>__TI_zero_init</name>
         <value>0x1006a2d</value>
         <object_component_ref idref="oc-4e"/>
      </symbol>
      <symbol id="sm-e65">
         <name>__TI_decompress_none</name>
         <value>0x10069fb</value>
         <object_component_ref idref="oc-1b"/>
      </symbol>
      <symbol id="sm-e88">
         <name>__TI_decompress_lzss</name>
         <value>0x1004c89</value>
         <object_component_ref idref="oc-15"/>
      </symbol>
      <symbol id="sm-f11">
         <name>_sys_memory</name>
         <value>0x20000310</value>
         <object_component_ref idref="oc-2b"/>
      </symbol>
      <symbol id="sm-f12">
         <name>free</name>
         <value>0x1003399</value>
         <object_component_ref idref="oc-425"/>
      </symbol>
      <symbol id="sm-f13">
         <name>memalign</name>
         <value>0x1002ec1</value>
         <object_component_ref idref="oc-62c"/>
      </symbol>
      <symbol id="sm-f14">
         <name>malloc</name>
         <value>0x1006a95</value>
         <object_component_ref idref="oc-47f"/>
      </symbol>
      <symbol id="sm-f15">
         <name>aligned_alloc</name>
         <value>0x1002ec1</value>
         <object_component_ref idref="oc-62c"/>
      </symbol>
      <symbol id="sm-f27">
         <name>__stack</name>
         <value>0x2003f000</value>
         <object_component_ref idref="oc-2e"/>
      </symbol>
      <symbol id="sm-f28">
         <name>_c_int00_noargs</name>
         <value>0x10063b9</value>
         <object_component_ref idref="oc-c6"/>
      </symbol>
      <symbol id="sm-108d">
         <name>__TI_printfi</name>
         <value>0x1000841</value>
         <object_component_ref idref="oc-39d"/>
      </symbol>
      <symbol id="sm-1097">
         <name>__aeabi_idiv0</name>
         <value>0x1005f3b</value>
         <object_component_ref idref="oc-7b9"/>
      </symbol>
      <symbol id="sm-1098">
         <name>__aeabi_ldiv0</name>
         <value>0x1005f3b</value>
         <object_component_ref idref="oc-7b9"/>
      </symbol>
      <symbol id="sm-10af">
         <name>__aeabi_dsub</name>
         <value>0x1001f41</value>
         <object_component_ref idref="oc-755"/>
      </symbol>
      <symbol id="sm-10b0">
         <name>__aeabi_dadd</name>
         <value>0x1001f4b</value>
         <object_component_ref idref="oc-755"/>
      </symbol>
      <symbol id="sm-10d2">
         <name>__aeabi_cdcmpeq</name>
         <value>0x10044e1</value>
         <object_component_ref idref="oc-53b"/>
      </symbol>
      <symbol id="sm-10d3">
         <name>__aeabi_cdcmple</name>
         <value>0x10044e1</value>
         <object_component_ref idref="oc-53b"/>
      </symbol>
      <symbol id="sm-10d4">
         <name>__aeabi_cdrcmple</name>
         <value>0x1004567</value>
         <object_component_ref idref="oc-740"/>
      </symbol>
      <symbol id="sm-10e8">
         <name>__aeabi_ddiv</name>
         <value>0x1002a29</value>
         <object_component_ref idref="oc-73b"/>
      </symbol>
      <symbol id="sm-10f3">
         <name>__aeabi_dmul</name>
         <value>0x10030bd</value>
         <object_component_ref idref="oc-736"/>
      </symbol>
      <symbol id="sm-10fd">
         <name>__aeabi_d2iz</name>
         <value>0x1005765</value>
         <object_component_ref idref="oc-745"/>
      </symbol>
      <symbol id="sm-1107">
         <name>__aeabi_i2d</name>
         <value>0x1006139</value>
         <object_component_ref idref="oc-750"/>
      </symbol>
      <symbol id="sm-1116">
         <name>__aeabi_memset</name>
         <value>0x1004967</value>
         <object_component_ref idref="oc-9e"/>
      </symbol>
      <symbol id="sm-1117">
         <name>memset</name>
         <value>0x100496d</value>
         <object_component_ref idref="oc-9e"/>
      </symbol>
      <symbol id="sm-1118">
         <name>__aeabi_memset8</name>
         <value>0x1004967</value>
         <object_component_ref idref="oc-9e"/>
      </symbol>
      <symbol id="sm-1119">
         <name>__aeabi_memset4</name>
         <value>0x1004967</value>
         <object_component_ref idref="oc-9e"/>
      </symbol>
      <symbol id="sm-111a">
         <name>__aeabi_memclr8</name>
         <value>0x1004965</value>
         <object_component_ref idref="oc-9e"/>
      </symbol>
      <symbol id="sm-111b">
         <name>__aeabi_memclr4</name>
         <value>0x1004965</value>
         <object_component_ref idref="oc-9e"/>
      </symbol>
      <symbol id="sm-111c">
         <name>__aeabi_memclr</name>
         <value>0x1004965</value>
         <object_component_ref idref="oc-9e"/>
      </symbol>
      <symbol id="sm-1144">
         <name>__TI_auto_init_nobinit_nopinit</name>
         <value>0x1005a15</value>
         <object_component_ref idref="oc-17a"/>
      </symbol>
      <symbol id="sm-114e">
         <name>_system_pre_init</name>
         <value>0x1006ad5</value>
         <object_component_ref idref="oc-11a"/>
      </symbol>
      <symbol id="sm-115a">
         <name>C$$EXIT</name>
         <value>0x1006ad9</value>
         <object_component_ref idref="oc-16e"/>
      </symbol>
      <symbol id="sm-115b">
         <name>abort</name>
         <value>0x1006ad9</value>
         <object_component_ref idref="oc-16e"/>
      </symbol>
      <symbol id="sm-1170">
         <name>_nop</name>
         <value>0x1003d1f</value>
         <object_component_ref idref="oc-3d0"/>
      </symbol>
      <symbol id="sm-1171">
         <name>_lock</name>
         <value>0x20008904</value>
         <object_component_ref idref="oc-24a"/>
      </symbol>
      <symbol id="sm-1172">
         <name>_unlock</name>
         <value>0x20008908</value>
         <object_component_ref idref="oc-24a"/>
      </symbol>
      <symbol id="sm-1181">
         <name>__TI_ltoa</name>
         <value>0x1005163</value>
         <object_component_ref idref="oc-74a"/>
      </symbol>
      <symbol id="sm-1198">
         <name>atoi</name>
         <value>0x1005489</value>
         <object_component_ref idref="oc-52f"/>
      </symbol>
      <symbol id="sm-11a3">
         <name>_ctypes_</name>
         <value>0x1006adc</value>
         <object_component_ref idref="oc-72f"/>
      </symbol>
      <symbol id="sm-11b3">
         <name>memccpy</name>
         <value>0x1006569</value>
         <object_component_ref idref="oc-558"/>
      </symbol>
      <symbol id="sm-11c3">
         <name>strchr</name>
         <value>0x100677d</value>
         <object_component_ref idref="oc-781"/>
      </symbol>
      <symbol id="sm-11d1">
         <name>strlen</name>
         <value>0x1006849</value>
         <object_component_ref idref="oc-529"/>
      </symbol>
      <symbol id="sm-11e7">
         <name>__aeabi_errno_addr</name>
         <value>0x1006a8d</value>
         <object_component_ref idref="oc-564"/>
      </symbol>
      <symbol id="sm-11e8">
         <name>errno</name>
         <value>0x2000892c</value>
         <object_component_ref idref="oc-791"/>
      </symbol>
      <symbol id="sm-1201">
         <name>wcslen</name>
         <value>0x10068b7</value>
         <object_component_ref idref="oc-55e"/>
      </symbol>
      <symbol id="sm-1221">
         <name>frexpl</name>
         <value>0x1004fa5</value>
         <object_component_ref idref="oc-775"/>
      </symbol>
      <symbol id="sm-1222">
         <name>frexp</name>
         <value>0x1004fa5</value>
         <object_component_ref idref="oc-775"/>
      </symbol>
      <symbol id="sm-1240">
         <name>scalbn</name>
         <value>0x100347d</value>
         <object_component_ref idref="oc-77b"/>
      </symbol>
      <symbol id="sm-1241">
         <name>scalbnl</name>
         <value>0x100347d</value>
         <object_component_ref idref="oc-77b"/>
      </symbol>
      <symbol id="sm-1242">
         <name>ldexpl</name>
         <value>0x100347d</value>
         <object_component_ref idref="oc-77b"/>
      </symbol>
      <symbol id="sm-1243">
         <name>ldexp</name>
         <value>0x100347d</value>
         <object_component_ref idref="oc-77b"/>
      </symbol>
      <symbol id="sm-124d">
         <name>copysign</name>
         <value>0x1006a21</value>
         <object_component_ref idref="oc-8f8"/>
      </symbol>
      <symbol id="sm-124e">
         <name>copysignl</name>
         <value>0x1006a21</value>
         <object_component_ref idref="oc-8f8"/>
      </symbol>
      <symbol id="sm-124f">
         <name>__TI_static_base__</name>
         <value>0x1006fc0</value>
      </symbol>
      <symbol id="sm-1252">
         <name>ITM_flush</name>
         <value>0x0</value>
      </symbol>
      <symbol id="sm-1253">
         <name>ITM_restore</name>
         <value>0x0</value>
      </symbol>
      <symbol id="sm-1254">
         <name>__mpu_init</name>
         <value>0x0</value>
      </symbol>
      <symbol id="sm-1255">
         <name>_system_post_cinit</name>
         <value>0x0</value>
      </symbol>
      <symbol id="sm-1256">
         <name>NoRTOS_start</name>
         <value>0x10069c3</value>
      </symbol>
   </symbol_table>
   <title>Link successful</title>
</link_info>
